Component: ARM Compiler 5.06 update 7 (build 960) Tool: armlink [4d3601]

==============================================================================

Section Cross References

    startup_stm32f407xx.o(RESET) refers to startup_stm32f407xx.o(STACK) for __initial_sp
    startup_stm32f407xx.o(RESET) refers to startup_stm32f407xx.o(.text) for Reset_Handler
    startup_stm32f407xx.o(RESET) refers to stm32f4xx_it.o(i.NMI_Handler) for NMI_Handler
    startup_stm32f407xx.o(RESET) refers to stm32f4xx_it.o(i.HardFault_Handler) for HardFault_Handler
    startup_stm32f407xx.o(RESET) refers to stm32f4xx_it.o(i.MemManage_Handler) for MemManage_Handler
    startup_stm32f407xx.o(RESET) refers to stm32f4xx_it.o(i.BusFault_Handler) for BusFault_Handler
    startup_stm32f407xx.o(RESET) refers to stm32f4xx_it.o(i.UsageFault_Handler) for UsageFault_Handler
    startup_stm32f407xx.o(RESET) refers to stm32f4xx_it.o(i.SVC_Handler) for SVC_Handler
    startup_stm32f407xx.o(RESET) refers to stm32f4xx_it.o(i.DebugMon_Handler) for DebugMon_Handler
    startup_stm32f407xx.o(RESET) refers to stm32f4xx_it.o(i.PendSV_Handler) for PendSV_Handler
    startup_stm32f407xx.o(RESET) refers to stm32f4xx_it.o(i.SysTick_Handler) for SysTick_Handler
    startup_stm32f407xx.o(RESET) refers to usart.o(i.USART1_IRQHandler) for USART1_IRQHandler
    startup_stm32f407xx.o(RESET) refers to hostdap21.o(i.USART2_IRQHandler) for USART2_IRQHandler
    startup_stm32f407xx.o(RESET) refers to btim.o(i.TIM6_DAC_IRQHandler) for TIM6_DAC_IRQHandler
    startup_stm32f407xx.o(RESET) refers to adc.o(i.DMA2_Stream1_IRQHandler) for DMA2_Stream1_IRQHandler
    startup_stm32f407xx.o(RESET) refers to adc.o(i.DMA2_Stream4_IRQHandler) for DMA2_Stream4_IRQHandler
    startup_stm32f407xx.o(RESET) refers to slavemodbus.o(i.USART6_IRQHandler) for USART6_IRQHandler
    startup_stm32f407xx.o(.text) refers to system_stm32f4xx.o(i.SystemInit) for SystemInit
    startup_stm32f407xx.o(.text) refers to entry.o(.ARM.Collect$$$$00000000) for __main
    main.o(i.main) refers to api_schedule.o(i.PeachOSRun) for PeachOSRun
    stm32f4xx_it.o(i.SysTick_Handler) refers to stm32f4xx_hal.o(i.HAL_IncTick) for HAL_IncTick
    system_stm32f4xx.o(i.SystemCoreClockUpdate) refers to system_stm32f4xx.o(.data) for .data
    system_stm32f4xx.o(i.SystemCoreClockUpdate) refers to system_stm32f4xx.o(.constdata) for .constdata
    delay.o(i.HAL_Delay) refers to delay.o(i.delay_ms) for delay_ms
    delay.o(i.delay_init) refers to delay.o(.data) for .data
    delay.o(i.delay_ms) refers to delay.o(i.delay_us) for delay_us
    delay.o(i.delay_us) refers to delay.o(.data) for .data
    sys.o(i.sys_stm32_clock_init) refers to memseta.o(.text) for __aeabi_memclr4
    sys.o(i.sys_stm32_clock_init) refers to stm32f4xx_hal_rcc.o(i.HAL_RCC_OscConfig) for HAL_RCC_OscConfig
    sys.o(i.sys_stm32_clock_init) refers to stm32f4xx_hal_rcc.o(i.HAL_RCC_ClockConfig) for HAL_RCC_ClockConfig
    sys.o(i.sys_stm32_clock_init) refers to stm32f4xx_hal.o(i.HAL_GetREVID) for HAL_GetREVID
    usart.o(i.HAL_UART_MspInit) refers to stm32f4xx_hal_gpio.o(i.HAL_GPIO_Init) for HAL_GPIO_Init
    usart.o(i.HAL_UART_MspInit) refers to stm32f4xx_hal_cortex.o(i.HAL_NVIC_EnableIRQ) for HAL_NVIC_EnableIRQ
    usart.o(i.HAL_UART_MspInit) refers to stm32f4xx_hal_cortex.o(i.HAL_NVIC_SetPriority) for HAL_NVIC_SetPriority
    usart.o(i.HAL_UART_RxCpltCallback) refers to stm32f4xx_hal_uart.o(i.HAL_UART_Receive_IT) for HAL_UART_Receive_IT
    usart.o(i.HAL_UART_RxCpltCallback) refers to usart.o(.data) for .data
    usart.o(i.HAL_UART_RxCpltCallback) refers to usart.o(.bss) for .bss
    usart.o(i.USART1_IRQHandler) refers to stm32f4xx_hal_uart.o(i.HAL_UART_IRQHandler) for HAL_UART_IRQHandler
    usart.o(i.USART1_IRQHandler) refers to usart.o(.bss) for .bss
    usart.o(i.usart_init) refers to stm32f4xx_hal_uart.o(i.HAL_UART_Init) for HAL_UART_Init
    usart.o(i.usart_init) refers to stm32f4xx_hal_uart.o(i.HAL_UART_Receive_IT) for HAL_UART_Receive_IT
    usart.o(i.usart_init) refers to usart.o(.bss) for .bss
    usart.o(i.usart_init) refers to usart.o(.data) for .data
    key.o(i.key_init) refers to stm32f4xx_hal_gpio.o(i.HAL_GPIO_Init) for HAL_GPIO_Init
    key.o(i.key_scan1) refers to stm32f4xx_hal_gpio.o(i.HAL_GPIO_ReadPin) for HAL_GPIO_ReadPin
    key.o(i.key_scan1) refers to delay.o(i.delay_ms) for delay_ms
    key.o(i.key_scan2) refers to stm32f4xx_hal_gpio.o(i.HAL_GPIO_ReadPin) for HAL_GPIO_ReadPin
    key.o(i.key_scan2) refers to delay.o(i.delay_ms) for delay_ms
    key.o(i.key_scan3) refers to stm32f4xx_hal_gpio.o(i.HAL_GPIO_ReadPin) for HAL_GPIO_ReadPin
    key.o(i.key_scan3) refers to delay.o(i.delay_ms) for delay_ms
    key.o(i.key_scan4) refers to stm32f4xx_hal_gpio.o(i.HAL_GPIO_ReadPin) for HAL_GPIO_ReadPin
    key.o(i.key_scan4) refers to delay.o(i.delay_ms) for delay_ms
    key.o(i.key_scan5) refers to stm32f4xx_hal_gpio.o(i.HAL_GPIO_ReadPin) for HAL_GPIO_ReadPin
    key.o(i.key_scan5) refers to delay.o(i.delay_ms) for delay_ms
[...]
    __aeabi_d2f                              0x080006f1   Thumb Code    56  d2f.o(.text)
    __aeabi_llsl                             0x08000729   Thumb Code    30  llshl.o(.text)
    _ll_shift_l                              0x08000729   Thumb Code     0  llshl.o(.text)
    __aeabi_llsr                             0x08000747   Thumb Code    32  llushr.o(.text)
    _ll_ushift_r                             0x08000747   Thumb Code     0  llushr.o(.text)
    __aeabi_lasr                             0x08000767   Thumb Code    36  llsshr.o(.text)
    _ll_sshift_r                             0x08000767   Thumb Code     0  llsshr.o(.text)
    __I$use$fp                               0x0800078b   Thumb Code     0  iusefp.o(.text)
    _float_round                             0x0800078b   Thumb Code    18  fepilogue.o(.text)
    _float_epilogue                          0x0800079d   Thumb Code    92  fepilogue.o(.text)
    _double_round                            0x080007f9   Thumb Code    30  depilogue.o(.text)
    _double_epilogue                         0x08000817   Thumb Code   156  depilogue.o(.text)
    __ARM_scalbn                             0x080008b3   Thumb Code    46  dscalb.o(.text)
    scalbn                                   0x080008b3   Thumb Code     0  dscalb.o(.text)
    _dsqrt                                   0x080008e1   Thumb Code   162  dsqrt.o(.text)
    __scatterload                            0x08000985   Thumb Code    28  init.o(.text)
    __scatterload_rt2                        0x08000985   Thumb Code     0  init.o(.text)
    __aeabi_ui2d                             0x080009a9   Thumb Code    26  dfltui.o(.text)
    __decompress                             0x080009c3   Thumb Code     0  __dczerorl2.o(.text)
    __decompress1                            0x080009c3   Thumb Code    86  __dczerorl2.o(.text)
    BusFault_Handler                         0x08000bd9   Thumb Code     2  stm32f4xx_it.o(i.BusFault_Handler)
    CanCmdled                                0x08000ccd   Thumb Code    38  can.o(i.CanCmdled)
    CanKeyreceive                            0x08000cf9   Thumb Code    18  can.o(i.CanKeyreceive)
    CanReadexcute                            0x08000d11   Thumb Code     4  can.o(i.CanReadexcute)
    DMA2_Stream1_IRQHandler                  0x08000d15   Thumb Code    28  adc.o(i.DMA2_Stream1_IRQHandler)
    DMA2_Stream4_IRQHandler                  0x08000d39   Thumb Code    28  adc.o(i.DMA2_Stream4_IRQHandler)
    Datareset                                0x08000e2d   Thumb Code    42  getadcdata.o(i.Datareset)
    DebugMon_Handler                         0x08000e5d   Thumb Code     2  stm32f4xx_it.o(i.DebugMon_Handler)
    HAL_ADC_ConfigChannel                    0x08000e61   Thumb Code   326  stm32f4xx_hal_adc.o(i.HAL_ADC_ConfigChannel)
    HAL_ADC_ConvCpltCallback                 0x08000fb9   Thumb Code     2  stm32f4xx_hal_adc.o(i.HAL_ADC_ConvCpltCallback)
    HAL_ADC_ConvHalfCpltCallback             0x08000fbb   Thumb Code     2  stm32f4xx_hal_adc.o(i.HAL_ADC_ConvHalfCpltCallback)
    HAL_ADC_ErrorCallback                    0x08000fbd   Thumb Code     2  stm32f4xx_hal_adc.o(i.HAL_ADC_ErrorCallback)
    HAL_ADC_Init                             0x08000fbf   Thumb Code    84  stm32f4xx_hal_adc.o(i.HAL_ADC_Init)
    HAL_ADC_MspInit                          0x08001013   Thumb Code     2  stm32f4xx_hal_adc.o(i.HAL_ADC_MspInit)
    HAL_ADC_Start_DMA                        0x08001015   Thumb Code   328  stm32f4xx_hal_adc.o(i.HAL_ADC_Start_DMA)
    HAL_CAN_AbortTxRequest                   0x08001181   Thumb Code    70  stm32f4xx_hal_can.o(i.HAL_CAN_AbortTxRequest)
    HAL_CAN_AddTxMessage                     0x080011c7   Thumb Code   242  stm32f4xx_hal_can.o(i.HAL_CAN_AddTxMessage)
    HAL_CAN_ConfigFilter                     0x080012b9   Thumb Code   266  stm32f4xx_hal_can.o(i.HAL_CAN_ConfigFilter)
    HAL_CAN_GetRxFifoFillLevel               0x080013c9   Thumb Code    38  stm32f4xx_hal_can.o(i.HAL_CAN_GetRxFifoFillLevel)
    HAL_CAN_GetRxMessage                     0x080013ef   Thumb Code   262  stm32f4xx_hal_can.o(i.HAL_CAN_GetRxMessage)
    HAL_CAN_GetTxMailboxesFreeLevel          0x080014f5   Thumb Code    44  stm32f4xx_hal_can.o(i.HAL_CAN_GetTxMailboxesFreeLevel)
    HAL_CAN_Init                             0x08001521   Thumb Code   338  stm32f4xx_hal_can.o(i.HAL_CAN_Init)
    HAL_CAN_MspInit                          0x08001675   Thumb Code   106  can.o(i.HAL_CAN_MspInit)
    HAL_CAN_Start                            0x080016ed   Thumb Code    88  stm32f4xx_hal_can.o(i.HAL_CAN_Start)
    HAL_DMA_Abort                            0x08001745   Thumb Code   142  stm32f4xx_hal_dma.o(i.HAL_DMA_Abort)
    HAL_DMA_Abort_IT                         0x080017d3   Thumb Code    36  stm32f4xx_hal_dma.o(i.HAL_DMA_Abort_IT)
    HAL_DMA_Init                             0x080017f9   Thumb Code   208  stm32f4xx_hal_dma.o(i.HAL_DMA_Init)
    HAL_DMA_Start                            0x080018cd   Thumb Code    70  stm32f4xx_hal_dma.o(i.HAL_DMA_Start)
    HAL_DMA_Start_IT                         0x08001913   Thumb Code   110  stm32f4xx_hal_dma.o(i.HAL_DMA_Start_IT)
    HAL_GPIO_Init                            0x08001981   Thumb Code   418  stm32f4xx_hal_gpio.o(i.HAL_GPIO_Init)
    HAL_GPIO_ReadPin                         0x08001b51   Thumb Code    14  stm32f4xx_hal_gpio.o(i.HAL_GPIO_ReadPin)
    HAL_GPIO_TogglePin                       0x08001b5f   Thumb Code    16  stm32f4xx_hal_gpio.o(i.HAL_GPIO_TogglePin)
    HAL_GPIO_WritePin                        0x08001b6f   Thumb Code    14  stm32f4xx_hal_gpio.o(i.HAL_GPIO_WritePin)
    HAL_GetREVID                             0x08001b7d   Thumb Code     8  stm32f4xx_hal.o(i.HAL_GetREVID)
    HAL_GetTick                              0x08001b89   Thumb Code     6  stm32f4xx_hal.o(i.HAL_GetTick)
    HAL_IWDG_Init                            0x08001b95   Thumb Code    90  stm32f4xx_hal_iwdg.o(i.HAL_IWDG_Init)
    HAL_IWDG_Refresh                         0x08001bef   Thumb Code    12  stm32f4xx_hal_iwdg.o(i.HAL_IWDG_Refresh)
    HAL_IncTick                              0x08001bfd   Thumb Code    12  stm32f4xx_hal.o(i.HAL_IncTick)
    HAL_Init                                 0x08001c0d   Thumb Code    40  stm32f4xx_hal.o(i.HAL_Init)
    HAL_InitTick                             0x08001c39   Thumb Code    58  stm32f4xx_hal.o(i.HAL_InitTick)
    HAL_MspInit                              0x08001c7d   Thumb Code     2  stm32f4xx_hal_msp_template.o(i.HAL_MspInit)
    HAL_NVIC_EnableIRQ                       0x08001c7f   Thumb Code    26  stm32f4xx_hal_cortex.o(i.HAL_NVIC_EnableIRQ)
    HAL_NVIC_SetPriority                     0x08001c99   Thumb Code    60  stm32f4xx_hal_cortex.o(i.HAL_NVIC_SetPriority)
    HAL_NVIC_SetPriorityGrouping             0x08001cd9   Thumb Code    26  stm32f4xx_hal_cortex.o(i.HAL_NVIC_SetPriorityGrouping)
    HAL_RCC_ClockConfig                      0x08001cfd   Thumb Code   310  stm32f4xx_hal_rcc.o(i.HAL_RCC_ClockConfig)
    HAL_RCC_GetHCLKFreq                      0x08001e49   Thumb Code     6  stm32f4xx_hal_rcc.o(i.HAL_RCC_GetHCLKFreq)
    HAL_RCC_GetPCLK1Freq                     0x08001e55   Thumb Code    22  stm32f4xx_hal_rcc.o(i.HAL_RCC_GetPCLK1Freq)
    HAL_RCC_GetPCLK2Freq                     0x08001e75   Thumb Code    22  stm32f4xx_hal_rcc.o(i.HAL_RCC_GetPCLK2Freq)
    HAL_RCC_GetSysClockFreq                  0x08001e95   Thumb Code    94  stm32f4xx_hal_rcc.o(i.HAL_RCC_GetSysClockFreq)
    HAL_RCC_OscConfig                        0x08001efd   Thumb Code   942  stm32f4xx_hal_rcc.o(i.HAL_RCC_OscConfig)
    HAL_SYSTICK_Config                       0x080022bd   Thumb Code    40  stm32f4xx_hal_cortex.o(i.HAL_SYSTICK_Config)
    HAL_TIMEx_BreakCallback                  0x080022e5   Thumb Code     2  stm32f4xx_hal_tim_ex.o(i.HAL_TIMEx_BreakCallback)
    HAL_TIMEx_CommutCallback                 0x080022e7   Thumb Code     2  stm32f4xx_hal_tim_ex.o(i.HAL_TIMEx_CommutCallback)
    HAL_TIMEx_ConfigBreakDeadTime            0x080022e9   Thumb Code    84  stm32f4xx_hal_tim_ex.o(i.HAL_TIMEx_ConfigBreakDeadTime)
    HAL_TIMEx_PWMN_Start                     0x0800233d   Thumb Code   182  stm32f4xx_hal_tim_ex.o(i.HAL_TIMEx_PWMN_Start)
    HAL_TIM_Base_Init                        0x08002411   Thumb Code    74  stm32f4xx_hal_tim.o(i.HAL_TIM_Base_Init)
    HAL_TIM_Base_MspInit                     0x0800245d   Thumb Code    50  btim.o(i.HAL_TIM_Base_MspInit)
    HAL_TIM_Base_Start_IT                    0x08002499   Thumb Code   110  stm32f4xx_hal_tim.o(i.HAL_TIM_Base_Start_IT)
    HAL_TIM_IC_CaptureCallback               0x08002525   Thumb Code     2  stm32f4xx_hal_tim.o(i.HAL_TIM_IC_CaptureCallback)
    HAL_TIM_IRQHandler                       0x08002527   Thumb Code   366  stm32f4xx_hal_tim.o(i.HAL_TIM_IRQHandler)
    HAL_TIM_OC_DelayElapsedCallback          0x08002695   Thumb Code     2  stm32f4xx_hal_tim.o(i.HAL_TIM_OC_DelayElapsedCallback)
    HAL_TIM_PWM_ConfigChannel                0x08002697   Thumb Code   210  stm32f4xx_hal_tim.o(i.HAL_TIM_PWM_ConfigChannel)
    HAL_TIM_PWM_Init                         0x08002769   Thumb Code    74  stm32f4xx_hal_tim.o(i.HAL_TIM_PWM_Init)
    HAL_TIM_PWM_MspInit                      0x080027b5   Thumb Code   380  moterdriver.o(i.HAL_TIM_PWM_MspInit)
    HAL_TIM_PWM_PulseFinishedCallback        0x08002959   Thumb Code     2  stm32f4xx_hal_tim.o(i.HAL_TIM_PWM_PulseFinishedCallback)
    HAL_TIM_PWM_Start                        0x0800295d   Thumb Code   190  stm32f4xx_hal_tim.o(i.HAL_TIM_PWM_Start)
    HAL_TIM_PeriodElapsedCallback            0x08002a39   Thumb Code    82  btim.o(i.HAL_TIM_PeriodElapsedCallback)
    HAL_TIM_TriggerCallback                  0x08002a99   Thumb Code     2  stm32f4xx_hal_tim.o(i.HAL_TIM_TriggerCallback)
    HAL_UARTEx_RxEventCallback               0x08002a9b   Thumb Code     2  stm32f4xx_hal_uart.o(i.HAL_UARTEx_RxEventCallback)
    HAL_UART_ErrorCallback                   0x08002a9d   Thumb Code     2  stm32f4xx_hal_uart.o(i.HAL_UART_ErrorCallback)
    HAL_UART_IRQHandler                      0x08002aa1   Thumb Code   458  stm32f4xx_hal_uart.o(i.HAL_UART_IRQHandler)
    HAL_UART_Init                            0x08002c71   Thumb Code   100  stm32f4xx_hal_uart.o(i.HAL_UART_Init)
    HAL_UART_MspInit                         0x08002cd5   Thumb Code   128  usart.o(i.HAL_UART_MspInit)
    HAL_UART_Receive                         0x08002d61   Thumb Code   202  stm32f4xx_hal_uart.o(i.HAL_UART_Receive)
    HAL_UART_Receive_IT                      0x08002e2b   Thumb Code    46  stm32f4xx_hal_uart.o(i.HAL_UART_Receive_IT)
    HAL_UART_RxCpltCallback                  0x08002e59   Thumb Code    96  usart.o(i.HAL_UART_RxCpltCallback)
    HAL_UART_Transmit                        0x08002ec5   Thumb Code   190  stm32f4xx_hal_uart.o(i.HAL_UART_Transmit)
    HAL_UART_TxCpltCallback                  0x08002f83   Thumb Code     2  stm32f4xx_hal_uart.o(i.HAL_UART_TxCpltCallback)
    HOST_ModbusDap21RX                       0x08002f85   Thumb Code    76  hostdap21.o(i.HOST_ModbusDap21RX)
    HardFault_Handler                        0x08002fd5   Thumb Code     2  stm32f4xx_it.o(i.HardFault_Handler)
    Hard_devInit                             0x08002fd9   Thumb Code   138  task.o(i.Hard_devInit)
    HostDap21_Func3                          0x08003079   Thumb Code    76  hostdap21.o(i.HostDap21_Func3)
    HostDap21_Read03_slave                   0x080030c9   Thumb Code    94  hostdap21.o(i.HostDap21_Read03_slave)
    Host_ModbusDap21UART2_init               0x08003131   Thumb Code   220  hostdap21.o(i.Host_ModbusDap21UART2_init)
    Host_ModbusDap21_CRC16                   0x08003221   Thumb Code    38  hostdap21.o(i.Host_ModbusDap21_CRC16)
    Host_ModbusDap21_Init                    0x0800324d   Thumb Code    20  hostdap21.o(i.Host_ModbusDap21_Init)
    Host_ModbusDap21_send_data               0x08003265   Thumb Code    50  hostdap21.o(i.Host_ModbusDap21_send_data)
    IIC_Ack                                  0x080032a1   Thumb Code    48  myiic.o(i.IIC_Ack)
    IIC_Init                                 0x080032d9   Thumb Code    54  myiic.o(i.IIC_Init)
    IIC_NAck                                 0x0800331d   Thumb Code    48  myiic.o(i.IIC_NAck)
    IIC_Read_Byte                            0x08003355   Thumb Code    96  myiic.o(i.IIC_Read_Byte)
    IIC_Send_Byte                            0x080033bd   Thumb Code    86  myiic.o(i.IIC_Send_Byte)
    IIC_Start                                0x0800341d   Thumb Code    48  myiic.o(i.IIC_Start)
    IIC_Stop                                 0x08003455   Thumb Code    50  myiic.o(i.IIC_Stop)
    IIC_Wait_Ack                             0x08003491   Thumb Code    74  myiic.o(i.IIC_Wait_Ack)
    LeftMoterMove                            0x080034e5   Thumb Code   118  moterdriver.o(i.LeftMoterMove)
    LeftMoterStop                            0x08003561   Thumb Code    10  moterdriver.o(i.LeftMoterStop)
    MPU6050Excute                            0x08003571   Thumb Code    10  wheelspeedmap.o(i.MPU6050Excute)
    MPU_Init                                 0x08003581   Thumb Code   118  mpu6050.o(i.MPU_Init)
    MPU_Read_Byte                            0x080035f7   Thumb Code    58  mpu6050.o(i.MPU_Read_Byte)
    MPU_Read_Len                             0x08003631   Thumb Code   112  mpu6050.o(i.MPU_Read_Len)
    MPU_Set_Accel_Fsr                        0x080036a1   Thumb Code    10  mpu6050.o(i.MPU_Set_Accel_Fsr)
    MPU_Set_Gyro_Fsr                         0x080036ab   Thumb Code    10  mpu6050.o(i.MPU_Set_Gyro_Fsr)
    MPU_Set_LPF                              0x080036b5   Thumb Code    48  mpu6050.o(i.MPU_Set_LPF)
    MPU_Set_Rate                             0x080036e5   Thumb Code    44  mpu6050.o(i.MPU_Set_Rate)
    MPU_Write_Byte                           0x08003711   Thumb Code    68  mpu6050.o(i.MPU_Write_Byte)
    MPU_Write_Len                            0x08003755   Thumb Code    90  mpu6050.o(i.MPU_Write_Len)
    MemManage_Handler                        0x080037af   Thumb Code     2  stm32f4xx_it.o(i.MemManage_Handler)
    MoterL_pwm_chy_init                      0x080037b1   Thumb Code   350  moterdriver.o(i.MoterL_pwm_chy_init)
    MoterLeg_pwm_chy_init                    0x08003929   Thumb Code   122  moterdriver.o(i.MoterLeg_pwm_chy_init)
    MoterLift_pwm_chy_init                   0x080039ad   Thumb Code    86  moterdriver.o(i.MoterLift_pwm_chy_init)
    MoterPedestal_pwm_chy_init               0x08003a0d   Thumb Code    86  moterdriver.o(i.MoterPedestal_pwm_chy_init)
    MoterR_pwm_chy_init                      0x08003a6d   Thumb Code   334  moterdriver.o(i.MoterR_pwm_chy_init)
    MoterSupport_pwm_chy_init                0x08003bd9   Thumb Code    86  moterdriver.o(i.MoterSupport_pwm_chy_init)
    Moterbackrest_pwm_chy_init               0x08003c39   Thumb Code    86  moterdriver.o(i.Moterbackrest_pwm_chy_init)
    MoterdriveInit                           0x08003c99   Thumb Code    62  moterdriver.o(i.MoterdriveInit)
    NMI_Handler                              0x08003cd7   Thumb Code     2  stm32f4xx_it.o(i.NMI_Handler)
    OS_IT_RUN                                0x08003cd9   Thumb Code    64  api_schedule.o(i.OS_IT_RUN)
    PeachOSRun                               0x08003d1d   Thumb Code    52  api_schedule.o(i.PeachOSRun)
    PendSV_Handler                           0x08003d55   Thumb Code     2  stm32f4xx_it.o(i.PendSV_Handler)
    RightMoterMove                           0x08003d59   Thumb Code   116  moterdriver.o(i.RightMoterMove)
    RightMoterStop                           0x08003dd1   Thumb Code    10  moterdriver.o(i.RightMoterStop)
    SVC_Handler                              0x08003de1   Thumb Code     2  stm32f4xx_it.o(i.SVC_Handler)
    SlaveModbus_CRC16                        0x08003de5   Thumb Code    38  slavemodbus.o(i.SlaveModbus_CRC16)
    SlaveModbus_Event                        0x08003e11   Thumb Code   108  slavemodbus.o(i.SlaveModbus_Event)
    SlaveModbus_Func16                       0x08003e81   Thumb Code   152  slavemodbus.o(i.SlaveModbus_Func16)
    SlaveModbus_Func3                        0x08003f25   Thumb Code   178  slavemodbus.o(i.SlaveModbus_Func3)
    SlaveModbus_Func6                        0x08003fe5   Thumb Code   142  slavemodbus.o(i.SlaveModbus_Func6)
    SlaveModbus_Init                         0x08004081   Thumb Code    24  slavemodbus.o(i.SlaveModbus_Init)
    SlaveModbus_send_data                    0x0800409d   Thumb Code    46  slavemodbus.o(i.SlaveModbus_send_data)
    SlavemodbusUART6_init                    0x080040d5   Thumb Code   218  slavemodbus.o(i.SlavemodbusUART6_init)
    SysTick_Handler                          0x080041c1   Thumb Code     4  stm32f4xx_it.o(i.SysTick_Handler)
    SystemInit                               0x080041c5   Thumb Code    12  system_stm32f4xx.o(i.SystemInit)
    TIM6_DAC_IRQHandler                      0x080041d5   Thumb Code     6  btim.o(i.TIM6_DAC_IRQHandler)
    TIM_Base_SetConfig                       0x080041e1   Thumb Code   160  stm32f4xx_hal_tim.o(i.TIM_Base_SetConfig)
    TIM_CCxChannelCmd                        0x080042ad   Thumb Code    26  stm32f4xx_hal_tim.o(i.TIM_CCxChannelCmd)
    TIM_OC2_SetConfig                        0x08004349   Thumb Code   106  stm32f4xx_hal_tim.o(i.TIM_OC2_SetConfig)
    Task_CanKeyRun                           0x08004481   Thumb Code     4  task.o(i.Task_CanKeyRun)
    Task_GetADC_AllData                      0x08004485   Thumb Code     4  task.o(i.Task_GetADC_AllData)
    Task_ModbusSlaveExecute                  0x08004489   Thumb Code     4  task.o(i.Task_ModbusSlaveExecute)
    Task_UnderpanDrive                       0x0800448d   Thumb Code     4  task.o(i.Task_UnderpanDrive)
    Task_ex_handl                            0x08004491   Thumb Code     4  task.o(i.Task_ex_handl)
    Task_gyroscopeData                       0x08004495   Thumb Code     4  task.o(i.Task_gyroscopeData)
    Task_led_control                         0x08004499   Thumb Code    18  task.o(i.Task_led_control)
    Task_linearactuatorDrive                 0x080044b1   Thumb Code     4  task.o(i.Task_linearactuatorDrive)
    Task_ultrasonicreadExecute1              0x080044b5   Thumb Code    40  task.o(i.Task_ultrasonicreadExecute1)
    Task_ultrasonicreadExecute2              0x080044e1   Thumb Code    40  task.o(i.Task_ultrasonicreadExecute2)
    UART_Start_Receive_IT                    0x0800472d   Thumb Code    54  stm32f4xx_hal_uart.o(i.UART_Start_Receive_IT)
    USART1_IRQHandler                        0x08004825   Thumb Code     6  usart.o(i.USART1_IRQHandler)
    USART2_IRQHandler                        0x08004831   Thumb Code    78  hostdap21.o(i.USART2_IRQHandler)
    USART6_IRQHandler                        0x08004885   Thumb Code    78  slavemodbus.o(i.USART6_IRQHandler)
    UsageFault_Handler                       0x080048d9   Thumb Code     2  stm32f4xx_it.o(i.UsageFault_Handler)
    Value_Resetzero                          0x080048db   Thumb Code    16  common.o(i.Value_Resetzero)
    Value_limit                              0x080048eb   Thumb Code    20  common.o(i.Value_limit)
    Value_limitf                             0x080048ff   Thumb Code    40  common.o(i.Value_limitf)
    __0printf$8                              0x08004929   Thumb Code    22  printf8.o(i.__0printf$8)
    __1printf$8                              0x08004929   Thumb Code     0  printf8.o(i.__0printf$8)
    __2printf                                0x08004929   Thumb Code     0  printf8.o(i.__0printf$8)
    __ARM_fpclassify                         0x08004949   Thumb Code    48  fpclassify.o(i.__ARM_fpclassify)
    __ARM_fpclassifyf                        0x08004979   Thumb Code    38  fpclassifyf.o(i.__ARM_fpclassifyf)
    __hardfp_asin                            0x080049c1   Thumb Code   770  asin.o(i.__hardfp_asin)
    __hardfp_atan                            0x08004d21   Thumb Code   622  atan.o(i.__hardfp_atan)
    __hardfp_atan2                           0x08004ff9   Thumb Code   448  atan2.o(i.__hardfp_atan2)
    __hardfp_cos                             0x080051f9   Thumb Code   180  cos.o(i.__hardfp_cos)
    __hardfp_expf                            0x080052c1   Thumb Code   426  expf.o(i.__hardfp_expf)
    __mathlib_expf                           0x080052c1   Thumb Code     0  expf.o(i.__hardfp_expf)
    __hardfp_fabs                            0x080054a9   Thumb Code    20  fabs.o(i.__hardfp_fabs)
    __hardfp_pow                             0x080054c1   Thumb Code  3072  pow.o(i.__hardfp_pow)
    __hardfp_sin                             0x08006111   Thumb Code   180  sin.o(i.__hardfp_sin)
    __hardfp_sqrt                            0x080061d9   Thumb Code   122  sqrt.o(i.__hardfp_sqrt)
    __ieee754_rem_pio2                       0x08006259   Thumb Code   938  rred.o(i.__ieee754_rem_pio2)
    __kernel_cos                             0x08006691   Thumb Code   322  cos_i.o(i.__kernel_cos)
    __kernel_poly                            0x08006801   Thumb Code   248  poly.o(i.__kernel_poly)
    __kernel_sin                             0x080068f9   Thumb Code   280  sin_i.o(i.__kernel_sin)
    __mathlib_dbl_divzero                    0x08006a29   Thumb Code    28  dunder.o(i.__mathlib_dbl_divzero)
    __mathlib_dbl_infnan                     0x08006a59   Thumb Code    20  dunder.o(i.__mathlib_dbl_infnan)
    __mathlib_dbl_infnan2                    0x08006a6d   Thumb Code    20  dunder.o(i.__mathlib_dbl_infnan2)
    __mathlib_dbl_invalid                    0x08006a81   Thumb Code    24  dunder.o(i.__mathlib_dbl_invalid)
    __mathlib_dbl_overflow                   0x08006aa1   Thumb Code    24  dunder.o(i.__mathlib_dbl_overflow)
    __mathlib_dbl_underflow                  0x08006ac1   Thumb Code    24  dunder.o(i.__mathlib_dbl_underflow)
    __mathlib_flt_infnan                     0x08006ae1   Thumb Code     6  funder.o(i.__mathlib_flt_infnan)
    __mathlib_flt_overflow                   0x08006ae9   Thumb Code    10  funder.o(i.__mathlib_flt_overflow)
    __mathlib_flt_underflow                  0x08006af9   Thumb Code    10  funder.o(i.__mathlib_flt_underflow)
    __scatterload_copy                       0x08006b09   Thumb Code    14  handlers.o(i.__scatterload_copy)
    __scatterload_null                       0x08006b17   Thumb Code     2  handlers.o(i.__scatterload_null)
    __scatterload_zeroinit                   0x08006b19   Thumb Code    14  handlers.o(i.__scatterload_zeroinit)
    __set_errno                              0x08006b29   Thumb Code     6  errno.o(i.__set_errno)
    adc1_nch_dma_enable                      0x08007021   Thumb Code    64  adc.o(i.adc1_nch_dma_enable)
    adc1_nch_dma_gpio_init                   0x08007069   Thumb Code    46  adc.o(i.adc1_nch_dma_gpio_init)
    adc1_nch_dma_init                        0x080070a1   Thumb Code   212  adc.o(i.adc1_nch_dma_init)
    adc3_nch_dma_enable                      0x08007189   Thumb Code    64  adc.o(i.adc3_nch_dma_enable)
    adc_channel_set                          0x080071d1   Thumb Code    16  adc.o(i.adc_channel_set)
    atan                                     0x080071e1   Thumb Code    16  atan.o(i.atan)
    atim_tim1_cplm_pwm_set                   0x080071f1   Thumb Code    42  moterdriver.o(i.atim_tim1_cplm_pwm_set)
    atim_tim8_cplm_pwm_set                   0x08007229   Thumb Code    44  moterdriver.o(i.atim_tim8_cplm_pwm_set)
    brake                                    0x08007261   Thumb Code    20  brake.o(i.brake)
    brakeTime9_init                          0x08007275   Thumb Code   146  brake.o(i.brakeTime9_init)
    brake_init                               0x08007319   Thumb Code    32  brake.o(i.brake_init)
    brake_pwm_set                            0x08007339   Thumb Code     8  brake.o(i.brake_pwm_set)
    brakestatedetec_init                     0x08007345   Thumb Code    80  brake.o(i.brakestatedetec_init)
    btim_timx_int_init                       0x0800739d   Thumb Code    32  btim.o(i.btim_timx_int_init)
    can_init                                 0x080073c5   Thumb Code   104  can.o(i.can_init)
    can_receive_msg                          0x08007435   Thumb Code    66  can.o(i.can_receive_msg)
    can_send_msg                             0x0800747d   Thumb Code    88  can.o(i.can_send_msg)
    currentproInit                           0x080074d9   Thumb Code     4  overcurrent_protection.o(i.currentproInit)
    delay_init                               0x08007519   Thumb Code     6  delay.o(i.delay_init)
    delay_ms                                 0x08007525   Thumb Code    10  delay.o(i.delay_ms)
    delay_us                                 0x08007531   Thumb Code    50  delay.o(i.delay_us)
    dmp_enable_6x_lp_quat                    0x08007569   Thumb Code    60  inv_mpu_dmp_motion_driver.o(i.dmp_enable_6x_lp_quat)
    dmp_enable_feature                       0x080075a5   Thumb Code   484  inv_mpu_dmp_motion_driver.o(i.dmp_enable_feature)
    dmp_enable_gyro_cal                      0x08007791   Thumb Code    62  inv_mpu_dmp_motion_driver.o(i.dmp_enable_gyro_cal)
    dmp_enable_lp_quat                       0x080077e9   Thumb Code    60  inv_mpu_dmp_motion_driver.o(i.dmp_enable_lp_quat)
    dmp_load_motion_driver_firmware          0x08007825   Thumb Code    16  inv_mpu_dmp_motion_driver.o(i.dmp_load_motion_driver_firmware)
    dmp_read_fifo                            0x08007839   Thumb Code   384  inv_mpu_dmp_motion_driver.o(i.dmp_read_fifo)
    dmp_set_accel_bias                       0x080079bd   Thumb Code   262  inv_mpu_dmp_motion_driver.o(i.dmp_set_accel_bias)
    dmp_set_fifo_rate                        0x08007ac9   Thumb Code    96  inv_mpu_dmp_motion_driver.o(i.dmp_set_fifo_rate)
    dmp_set_gyro_bias                        0x08007b39   Thumb Code   256  inv_mpu_dmp_motion_driver.o(i.dmp_set_gyro_bias)
    dmp_set_orientation                      0x08007c41   Thumb Code   260  inv_mpu_dmp_motion_driver.o(i.dmp_set_orientation)
    dmp_set_shake_reject_thresh              0x08007d59   Thumb Code    48  inv_mpu_dmp_motion_driver.o(i.dmp_set_shake_reject_thresh)
    dmp_set_shake_reject_time                0x08007d89   Thumb Code    32  inv_mpu_dmp_motion_driver.o(i.dmp_set_shake_reject_time)
    dmp_set_shake_reject_timeout             0x08007da9   Thumb Code    32  inv_mpu_dmp_motion_driver.o(i.dmp_set_shake_reject_timeout)
    dmp_set_tap_axes                         0x08007dc9   Thumb Code    56  inv_mpu_dmp_motion_driver.o(i.dmp_set_tap_axes)
    dmp_set_tap_count                        0x08007e01   Thumb Code    34  inv_mpu_dmp_motion_driver.o(i.dmp_set_tap_count)
    dmp_set_tap_thresh                       0x08007e25   Thumb Code   376  inv_mpu_dmp_motion_driver.o(i.dmp_set_tap_thresh)
    dmp_set_tap_time                         0x08007fc1   Thumb Code    32  inv_mpu_dmp_motion_driver.o(i.dmp_set_tap_time)
    dmp_set_tap_time_multi                   0x08007fe1   Thumb Code    32  inv_mpu_dmp_motion_driver.o(i.dmp_set_tap_time_multi)
    ex_handl_LRmoter                         0x08008001   Thumb Code     2  exception_handling.o(i.ex_handl_LRmoter)
    ex_handl_battary                         0x08008003   Thumb Code     2  exception_handling.o(i.ex_handl_battary)
    ex_handl_brake                           0x08008005   Thumb Code    40  exception_handling.o(i.ex_handl_brake)
    ex_handl_excute                          0x08008035   Thumb Code    26  exception_handling.o(i.ex_handl_excute)
    ex_handl_joystic                         0x0800804f   Thumb Code     2  exception_handling.o(i.ex_handl_joystic)
    ex_handl_linearActuator                  0x08008051   Thumb Code    20  exception_handling.o(i.ex_handl_linearActuator)
    fabs                                     0x08008065   Thumb Code    24  fabs.o(i.fabs)
    filterValue                              0x0800807d   Thumb Code    94  common.o(i.filterValue)
    fputc                                    0x080080ed   Thumb Code    14  usart.o(i.fputc)
    getadc1Data                              0x08008591   Thumb Code   142  getadcdata.o(i.getadc1Data)
    getadc3Data                              0x08008629   Thumb Code   136  getadcdata.o(i.getadc3Data)
    getadcData                               0x080086b9   Thumb Code    14  getadcdata.o(i.getadcData)
    getadcDataInit                           0x080086c9   Thumb Code    26  getadcdata.o(i.getadcDataInit)
    initializeFilter                         0x080087c1   Thumb Code    28  common.o(i.initializeFilter)
    inv_orientation_matrix_to_scalar         0x080087e5   Thumb Code    36  inv_mpu.o(i.inv_orientation_matrix_to_scalar)
    inv_row_2_scale                          0x08008809   Thumb Code    72  inv_mpu.o(i.inv_row_2_scale)
    iwdg_feed                                0x08008851   Thumb Code     6  wdg.o(i.iwdg_feed)
    iwdg_init                                0x0800885d   Thumb Code    16  wdg.o(i.iwdg_init)
    joysticData_calculate                    0x08008875   Thumb Code   108  getadcdata.o(i.joysticData_calculate)
    joysticData_calculateInit                0x080088e9   Thumb Code    16  getadcdata.o(i.joysticData_calculateInit)
    led_beepControlRK3588                    0x080088f9   Thumb Code   764  led.o(i.led_beepControlRK3588)
    led_init                                 0x08008c09   Thumb Code   352  led.o(i.led_init)
    linearactuator                           0x08008d81   Thumb Code  3616  moterdriver.o(i.linearactuator)
    linearactuatorTest                       0x08009ba1   Thumb Code     4  moterdriver.o(i.linearactuatorTest)
    main                                     0x08009ba5   Thumb Code    10  main.o(i.main)
    mget_ms                                  0x08009baf   Thumb Code     2  inv_mpu.o(i.mget_ms)
    mpu_configure_fifo                       0x08009bb1   Thumb Code    90  inv_mpu.o(i.mpu_configure_fifo)
    mpu_dmp_get_data                         0x08009c11   Thumb Code   344  inv_mpu.o(i.mpu_dmp_get_data)
    mpu_dmp_init                             0x08009d75   Thumb Code   144  inv_mpu.o(i.mpu_dmp_init)
    mpu_get_accel_fsr                        0x08009e09   Thumb Code    62  inv_mpu.o(i.mpu_get_accel_fsr)
    mpu_get_accel_sens                       0x08009e4d   Thumb Code    70  inv_mpu.o(i.mpu_get_accel_sens)
    mpu_get_fifo_config                      0x08009e99   Thumb Code    10  inv_mpu.o(i.mpu_get_fifo_config)
    mpu_get_gyro_fsr                         0x08009ea9   Thumb Code    58  inv_mpu.o(i.mpu_get_gyro_fsr)
    mpu_get_gyro_sens                        0x08009ee9   Thumb Code    68  inv_mpu.o(i.mpu_get_gyro_sens)
    mpu_get_lpf                              0x08009f41   Thumb Code    64  inv_mpu.o(i.mpu_get_lpf)
    mpu_get_sample_rate                      0x08009f85   Thumb Code    24  inv_mpu.o(i.mpu_get_sample_rate)
    mpu_init                                 0x08009fa1   Thumb Code   346  inv_mpu.o(i.mpu_init)
    mpu_load_firmware                        0x0800a14d   Thumb Code   174  inv_mpu.o(i.mpu_load_firmware)
    mpu_lp_accel_mode                        0x0800a201   Thumb Code   204  inv_mpu.o(i.mpu_lp_accel_mode)
    mpu_read_fifo_stream                     0x0800a2d1   Thumb Code   166  inv_mpu.o(i.mpu_read_fifo_stream)
    mpu_read_mem                             0x0800a37d   Thumb Code   106  inv_mpu.o(i.mpu_read_mem)
    mpu_reset_fifo                           0x0800a3ed   Thumb Code   360  inv_mpu.o(i.mpu_reset_fifo)
    mpu_run_self_test                        0x0800a559   Thumb Code   244  inv_mpu.o(i.mpu_run_self_test)
    mpu_set_accel_fsr                        0x0800a651   Thumb Code   110  inv_mpu.o(i.mpu_set_accel_fsr)
    mpu_set_bypass                           0x0800a6c5   Thumb Code   276  inv_mpu.o(i.mpu_set_bypass)
    mpu_set_dmp_state                        0x0800a7dd   Thumb Code   118  inv_mpu.o(i.mpu_set_dmp_state)
    mpu_set_gyro_fsr                         0x0800a859   Thumb Code   116  inv_mpu.o(i.mpu_set_gyro_fsr)
    mpu_set_int_latched                      0x0800a8d1   Thumb Code    92  inv_mpu.o(i.mpu_set_int_latched)
    mpu_set_lpf                              0x0800a931   Thumb Code   118  inv_mpu.o(i.mpu_set_lpf)
    mpu_set_sample_rate                      0x0800a9ad   Thumb Code   126  inv_mpu.o(i.mpu_set_sample_rate)
    mpu_set_sensors                          0x0800aa31   Thumb Code   172  inv_mpu.o(i.mpu_set_sensors)
    mpu_write_mem                            0x0800aae1   Thumb Code   106  inv_mpu.o(i.mpu_write_mem)
    run_self_test                            0x0800ab51   Thumb Code   136  inv_mpu.o(i.run_self_test)
    slopelimitLDuty                          0x0800ac4d   Thumb Code   172  common.o(i.slopelimitLDuty)
    slopelimitRDuty                          0x0800acfd   Thumb Code   172  common.o(i.slopelimitRDuty)
    slopelimitx                              0x0800adad   Thumb Code    40  common.o(i.slopelimitx)
    slopelimity                              0x0800add9   Thumb Code    40  common.o(i.slopelimity)
    sqrt                                     0x0800ae05   Thumb Code   110  sqrt.o(i.sqrt)
    sys_stm32_clock_init                     0x0800ae75   Thumb Code   172  sys.o(i.sys_stm32_clock_init)
    tcurrentpro_init                         0x0800af2d   Thumb Code    60  overcurrent_protection.o(i.tcurrentpro_init)
    underpanExcute                           0x0800af71   Thumb Code   414  wheelspeedmap.o(i.underpanExcute)
    usart_init                               0x0800b15d   Thumb Code    44  usart.o(i.usart_init)
    velocity_maping                          0x0800b195   Thumb Code  1866  wheelspeedmap.o(i.velocity_maping)
    AHBPrescTable                            0x0800b918   Data          16  system_stm32f4xx.o(.constdata)
    APBPrescTable                            0x0800b928   Data           8  system_stm32f4xx.o(.constdata)
    reg                                      0x0800b930   Data          27  inv_mpu.o(.constdata)
    hw                                       0x0800b94c   Data          12  inv_mpu.o(.constdata)
    test                                     0x0800b958   Data          40  inv_mpu.o(.constdata)
    auchCRCHi                                0x0800c576   Data         256  slavemodbus.o(.constdata)
    auchCRCLo                                0x0800c676   Data         256  slavemodbus.o(.constdata)
    Dap21_auchCRCHi                          0x0800c776   Data         256  hostdap21.o(.constdata)
    Dap21_auchCRCLo                          0x0800c876   Data         256  hostdap21.o(.constdata)
    __mathlib_zero                           0x0800cb50   Data           8  qnan.o(.constdata)
    Region$$Table$$Base                      0x0800cc98   Number         0  anon$$obj.o(Region$$Table)
    Region$$Table$$Limit                     0x0800ccb8   Number         0  anon$$obj.o(Region$$Table)
    SystemCoreClock                          0x20000000   Data           4  system_stm32f4xx.o(.data)
    g_rx_buffer                              0x20000008   Data           1  usart.o(.data)
    g_usart_rx_sta                           0x2000000a   Data           2  usart.o(.data)
    __stdout                                 0x2000000c   Data           4  usart.o(.data)
    doubleflingflage                         0x20000010   Data           1  led.o(.data)
    led_state                                0x20000011   Data           1  led.o(.data)
    lastled_state                            0x20000012   Data           1  led.o(.data)
    g_adc1_dma_sta                           0x20000013   Data           1  adc.o(.data)
    g_adc3_dma_sta                           0x20000014   Data           1  adc.o(.data)
    linerun_state                            0x20000019   Data           1  moterdriver.o(.data)
    TaskCount                                0x20000028   Data           1  api_schedule.o(.data)
    TaskST                                   0x2000002c   Data         120  api_schedule.o(.data)
    drivestate                               0x20000100   Data           1  wheelspeedmap.o(.data)
    brakeflage                               0x20000102   Data           2  wheelspeedmap.o(.data)
    pCalCurve                                0x20000110   Data           8  wheelspeedmap.o(.data)
    CanKeybufReceive                         0x2000011a   Data           8  can.o(.data)
    CanLedCmdbufSend                         0x20000122   Data           8  can.o(.data)
    uwTickFreq                               0x2000012c   Data           1  stm32f4xx_hal.o(.data)
    uwTickPrio                               0x20000130   Data           4  stm32f4xx_hal.o(.data)
    uwTick                                   0x20000134   Data           4  stm32f4xx_hal.o(.data)
    g_usart_rx_buf                           0x2000013c   Data         200  usart.o(.bss)
    g_uart1_handle                           0x20000204   Data          68  usart.o(.bss)
    g_adc1_nch_dma_handle                    0x20000248   Data          72  adc.o(.bss)
    g_dma_nch_adc1_handle                    0x20000290   Data          96  adc.o(.bss)
    g_adc3_nch_dma_handle                    0x200002f0   Data          72  adc.o(.bss)
    g_dma_nch_adc3_handle                    0x20000338   Data          96  adc.o(.bss)
    g_sbreak1_dead_time1_config              0x20000398   Data          32  moterdriver.o(.bss)
    g_sbreak2_dead_time8_config              0x200003b8   Data          32  moterdriver.o(.bss)
    g_time1_pwm_chy_handle                   0x200003d8   Data          72  moterdriver.o(.bss)
    g_time8_pwm_chy_handle                   0x20000420   Data          72  moterdriver.o(.bss)
    g_time3_pwm_chy_handle                   0x20000468   Data          72  moterdriver.o(.bss)
    g_time4_pwm_chy_handle                   0x200004b0   Data          72  moterdriver.o(.bss)
    g_time12_pwm_chy_handle                  0x200004f8   Data          72  moterdriver.o(.bss)
    ActorLimitPara                           0x20000540   Data          24  moterdriver.o(.bss)
    g_tim1_cplm_pwm_handle                   0x20000558   Data          72  moterdriver.o(.bss)
    g_tim8_cplm_pwm_handle                   0x200005a0   Data          72  moterdriver.o(.bss)
    g_time9_pwm_chy_handle                   0x200005e8   Data          72  brake.o(.bss)
    g_timx_handler                           0x20000630   Data          72  btim.o(.bss)
    filter_L                                 0x20000678   Data          88  common.o(.bss)
    filter_R                                 0x200006d0   Data          88  common.o(.bss)
    g_adc1_dma_buf                           0x20000728   Data          40  getadcdata.o(.bss)
    g_adc3_dma_buf                           0x20000750   Data         240  getadcdata.o(.bss)
    adcdata                                  0x20000840   Data          88  getadcdata.o(.bss)
    iwdg_handler                             0x200008a8   Data          12  wdg.o(.bss)
    g_slaveReg                               0x200008b4   Data       10000  slavemodbus.o(.bss)
    g_slavemodbus_handler                    0x20002fc4   Data          68  slavemodbus.o(.bss)
    slavemodbus                              0x20003008   Data         205  slavemodbus.o(.bss)
    velocity_pout                            0x200030d8   Data         128  wheelspeedmap.o(.bss)
    velPlanIn1                               0x20003158   Data          32  wheelspeedmap.o(.bss)
    g_dap21modbus_handler                    0x20003178   Data          68  hostdap21.o(.bss)
    dap21Data                                0x200031bc   Data          16  hostdap21.o(.bss)
    modbus_dap21                             0x200031cc   Data         224  hostdap21.o(.bss)
    g_canx_handler                           0x200032ac   Data          40  can.o(.bss)
    g_canx_txheader                          0x200032d4   Data          24  can.o(.bss)
    g_canx_rxheader                          0x200032ec   Data          28  can.o(.bss)
    __initial_sp                             0x20003708   Data           0  startup_stm32f407xx.o(STACK)



==============================================================================

Memory Map of the image

  Image Entry point : 0x08000189

  Load Region LR_IROM1 (Base: 0x08000000, Size: 0x0000cdf4, Max: 0x00100000, ABSOLUTE, COMPRESSED[0x0000cd14])

    Execution Region ER_IROM1 (Exec base: 0x08000000, Load base: 0x08000000, Size: 0x0000ccb8, Max: 0x00100000, ABSOLUTE)

    Exec Addr    Load Addr    Size         Type   Attr      Idx    E Section Name        Object

    0x08000000   0x08000000   0x00000188   Data   RO            3    RESET               startup_stm32f407xx.o
    0x08000188   0x08000188   0x00000000   Code   RO         9387  * .ARM.Collect$$$$00000000  mc_w.l(entry.o)
    0x08000188   0x08000188   0x00000004   Code   RO         9744    .ARM.Collect$$$$00000001  mc_w.l(entry2.o)
    0x0800018c   0x0800018c   0x00000004   Code   RO         9747    .ARM.Collect$$$$00000004  mc_w.l(entry5.o)
    0x08000190   0x08000190   0x00000000   Code   RO         9749    .ARM.Collect$$$$00000008  mc_w.l(entry7b.o)
    0x08000190   0x08000190   0x00000000   Code   RO         9751    .ARM.Collect$$$$0000000A  mc_w.l(entry8b.o)
    0x08000190   0x08000190   0x00000008   Code   RO         9752    .ARM.Collect$$$$0000000B  mc_w.l(entry9a.o)
    0x08000198   0x08000198   0x00000004   Code   RO         9759    .ARM.Collect$$$$0000000E  mc_w.l(entry12b.o)
    0x0800019c   0x0800019c   0x00000000   Code   RO         9754    .ARM.Collect$$$$0000000F  mc_w.l(entry10a.o)
    0x0800019c   0x0800019c   0x00000000   Code   RO         9756    .ARM.Collect$$$$00000011  mc_w.l(entry11a.o)
    0x0800019c   0x0800019c   0x00000004   Code   RO         9745    .ARM.Collect$$$$00002712  mc_w.l(entry2.o)
    0x080001a0   0x080001a0   0x00000024   Code   RO            4    .text               startup_stm32f407xx.o
    0x080001c4   0x080001c4   0x00000062   Code   RO         9390    .text               mc_w.l(uldiv.o)
    0x08000226   0x08000226   0x00000062   Code   RO         9392    .text               mc_w.l(ldiv.o)
    0x08000288   0x08000288   0x00000024   Code   RO         9394    .text               mc_w.l(memseta.o)
    0x080002ac   0x080002ac   0x0000001a   Code   RO         9396    .text               mc_w.l(memcmp.o)
    0x080002c6   0x080002c6   0x0000014e   Code   RO         9659    .text               mf_w.l(dadd.o)
    0x08000414   0x08000414   0x000000e4   Code   RO         9661    .text               mf_w.l(dmul.o)
    0x080004f8   0x080004f8   0x000000de   Code   RO         9663    .text               mf_w.l(ddiv.o)
    0x080005d6   0x080005d6   0x00000022   Code   RO         9667    .text               mf_w.l(dflti.o)
    0x080005f8   0x080005f8   0x0000003e   Code   RO         9669    .text               mf_w.l(dfixi.o)
    0x08000636   0x08000636   0x00000032   Code   RO         9671    .text               mf_w.l(dfixui.o)
    0x08000668   0x08000668   0x00000026   Code   RO         9673    .text               mf_w.l(f2d.o)
    0x0800068e   0x0800068e   0x00000002   PAD
    0x08000690   0x08000690   0x00000030   Code   RO         9675    .text               mf_w.l(cdcmple.o)
    0x080006c0   0x080006c0   0x00000030   Code   RO         9677    .text               mf_w.l(cdrcmple.o)
    0x080006f0   0x080006f0   0x00000038   Code   RO         9679    .text               mf_w.l(d2f.o)
    0x08000728   0x08000728   0x0000001e   Code   RO         9762    .text               mc_w.l(llshl.o)
    0x08000746   0x08000746   0x00000020   Code   RO         9764    .text               mc_w.l(llushr.o)
    0x08000766   0x08000766   0x00000024   Code   RO         9766    .text               mc_w.l(llsshr.o)
    0x0800078a   0x0800078a   0x00000000   Code   RO         9775    .text               mc_w.l(iusefp.o)
    0x0800078a   0x0800078a   0x0000006e   Code   RO         9776    .text               mf_w.l(fepilogue.o)
    0x080007f8   0x080007f8   0x000000ba   Code   RO         9778    .text               mf_w.l(depilogue.o)
    0x080008b2   0x080008b2   0x0000002e   Code   RO         9780    .text               mf_w.l(dscalb.o)
    0x080008e0   0x080008e0   0x000000a2   Code   RO         9782    .text               mf_w.l(dsqrt.o)
    0x08000982   0x08000982   0x00000002   PAD
    0x08000984   0x08000984   0x00000024   Code   RO         9788    .text               mc_w.l(init.o)
    0x080009a8   0x080009a8   0x0000001a   Code   RO         9790    .text               mf_w.l(dfltui.o)
    0x080009c2   0x080009c2   0x00000056   Code   RO         9800    .text               mc_w.l(__dczerorl2.o)
    0x08000a18   0x08000a18   0x0000006e   Code   RO         3467    i.ADC_DMAConvCplt   stm32f4xx_hal_adc.o
    0x08000a86   0x08000a86   0x00000016   Code   RO         3468    i.ADC_DMAError      stm32f4xx_hal_adc.o
    0x08000a9c   0x08000a9c   0x0000000a   Code   RO         3469    i.ADC_DMAHalfConvCplt  stm32f4xx_hal_adc.o
    0x08000aa6   0x08000aa6   0x00000002   PAD
    0x08000aa8   0x08000aa8   0x00000130   Code   RO         3470    i.ADC_Init          stm32f4xx_hal_adc.o
    0x08000bd8   0x08000bd8   0x00000002   Code   RO          321    i.BusFault_Handler  stm32f4xx_it.o
    0x08000bda   0x08000bda   0x000000a0   Code   RO         2969    i.CalCurveSPTA      wheelspeedmap.o
    0x08000c7a   0x08000c7a   0x00000052   Code   RO         2970    i.CalCurveTRAP      wheelspeedmap.o
    0x08000ccc   0x08000ccc   0x0000002c   Code   RO         3148    i.CanCmdled         can.o
    0x08000cf8   0x08000cf8   0x00000018   Code   RO         3149    i.CanKeyreceive     can.o
    0x08000d10   0x08000d10   0x00000004   Code   RO         3150    i.CanReadexcute     can.o
    0x08000d14   0x08000d14   0x00000024   Code   RO         1149    i.DMA2_Stream1_IRQHandler  adc.o
    0x08000d38   0x08000d38   0x00000024   Code   RO         1150    i.DMA2_Stream4_IRQHandler  adc.o
    0x08000d5c   0x08000d5c   0x0000002c   Code   RO         4649    i.DMA_CalcBaseAndBitshift  stm32f4xx_hal_dma.o
    0x08000d88   0x08000d88   0x00000078   Code   RO         4650    i.DMA_CheckFifoParam  stm32f4xx_hal_dma.o
    0x08000e00   0x08000e00   0x0000002a   Code   RO         4651    i.DMA_SetConfig     stm32f4xx_hal_dma.o
    0x08000e2a   0x08000e2a   0x00000002   PAD
    0x08000e2c   0x08000e2c   0x00000030   Code   RO         2071    i.Datareset         getadcdata.o
    0x08000e5c   0x08000e5c   0x00000002   Code   RO          322    i.DebugMon_Handler  stm32f4xx_it.o
    0x08000e5e   0x08000e5e   0x00000002   PAD
    0x08000e60   0x08000e60   0x00000158   Code   RO         3472    i.HAL_ADC_ConfigChannel  stm32f4xx_hal_adc.o
    0x08000fb8   0x08000fb8   0x00000002   Code   RO         3473    i.HAL_ADC_ConvCpltCallback  stm32f4xx_hal_adc.o
    0x08000fba   0x08000fba   0x00000002   Code   RO         3474    i.HAL_ADC_ConvHalfCpltCallback  stm32f4xx_hal_adc.o
    0x08000fbc   0x08000fbc   0x00000002   Code   RO         3476    i.HAL_ADC_ErrorCallback  stm32f4xx_hal_adc.o
    0x08000fbe   0x08000fbe   0x00000054   Code   RO         3481    i.HAL_ADC_Init      stm32f4xx_hal_adc.o
    0x08001012   0x08001012   0x00000002   Code   RO         3484    i.HAL_ADC_MspInit   stm32f4xx_hal_adc.o
    0x08001014   0x08001014   0x0000016c   Code   RO         3488    i.HAL_ADC_Start_DMA  stm32f4xx_hal_adc.o
    0x08001180   0x08001180   0x00000046   Code   RO         3742    i.HAL_CAN_AbortTxRequest  stm32f4xx_hal_can.o
    0x080011c6   0x080011c6   0x000000f2   Code   RO         3744    i.HAL_CAN_AddTxMessage  stm32f4xx_hal_can.o
    0x080012b8   0x080012b8   0x00000110   Code   RO         3745    i.HAL_CAN_ConfigFilter  stm32f4xx_hal_can.o
    0x080013c8   0x080013c8   0x00000026   Code   RO         3750    i.HAL_CAN_GetRxFifoFillLevel  stm32f4xx_hal_can.o
    0x080013ee   0x080013ee   0x00000106   Code   RO         3751    i.HAL_CAN_GetRxMessage  stm32f4xx_hal_can.o
    0x080014f4   0x080014f4   0x0000002c   Code   RO         3753    i.HAL_CAN_GetTxMailboxesFreeLevel  stm32f4xx_hal_can.o
    0x08001520   0x08001520   0x00000152   Code   RO         3756    i.HAL_CAN_Init      stm32f4xx_hal_can.o
    0x08001672   0x08001672   0x00000002   PAD
    0x08001674   0x08001674   0x00000078   Code   RO         3151    i.HAL_CAN_MspInit   can.o
    0x080016ec   0x080016ec   0x00000058   Code   RO         3768    i.HAL_CAN_Start     stm32f4xx_hal_can.o
    0x08001744   0x08001744   0x0000008e   Code   RO         4652    i.HAL_DMA_Abort     stm32f4xx_hal_dma.o
    0x080017d2   0x080017d2   0x00000024   Code   RO         4653    i.HAL_DMA_Abort_IT  stm32f4xx_hal_dma.o
    0x080017f6   0x080017f6   0x00000002   PAD
    0x080017f8   0x080017f8   0x000000d4   Code   RO         4658    i.HAL_DMA_Init      stm32f4xx_hal_dma.o
    0x080018cc   0x080018cc   0x00000046   Code   RO         4661    i.HAL_DMA_Start     stm32f4xx_hal_dma.o
    0x08001912   0x08001912   0x0000006e   Code   RO         4662    i.HAL_DMA_Start_IT  stm32f4xx_hal_dma.o
    0x08001980   0x08001980   0x000001d0   Code   RO         5238    i.HAL_GPIO_Init     stm32f4xx_hal_gpio.o
    0x08001b50   0x08001b50   0x0000000e   Code   RO         5240    i.HAL_GPIO_ReadPin  stm32f4xx_hal_gpio.o
    0x08001b5e   0x08001b5e   0x00000010   Code   RO         5241    i.HAL_GPIO_TogglePin  stm32f4xx_hal_gpio.o
    0x08001b6e   0x08001b6e   0x0000000e   Code   RO         5242    i.HAL_GPIO_WritePin  stm32f4xx_hal_gpio.o
    0x08001b7c   0x08001b7c   0x0000000c   Code   RO         3293    i.HAL_GetREVID      stm32f4xx_hal.o
    0x08001b88   0x08001b88   0x0000000c   Code   RO         3294    i.HAL_GetTick       stm32f4xx_hal.o
    0x08001b94   0x08001b94   0x0000005a   Code   RO         6393    i.HAL_IWDG_Init     stm32f4xx_hal_iwdg.o
    0x08001bee   0x08001bee   0x0000000c   Code   RO         6394    i.HAL_IWDG_Refresh  stm32f4xx_hal_iwdg.o
    0x08001bfa   0x08001bfa   0x00000002   PAD
    0x08001bfc   0x08001bfc   0x00000010   Code   RO         3300    i.HAL_IncTick       stm32f4xx_hal.o
    0x08001c0c   0x08001c0c   0x0000002c   Code   RO         3301    i.HAL_Init          stm32f4xx_hal.o
    0x08001c38   0x08001c38   0x00000044   Code   RO         3302    i.HAL_InitTick      stm32f4xx_hal.o
    0x08001c7c   0x08001c7c   0x00000002   Code   RO         6496    i.HAL_MspInit       stm32f4xx_hal_msp_template.o
    0x08001c7e   0x08001c7e   0x0000001a   Code   RO         3999    i.HAL_NVIC_EnableIRQ  stm32f4xx_hal_cortex.o
    0x08001c98   0x08001c98   0x00000040   Code   RO         4005    i.HAL_NVIC_SetPriority  stm32f4xx_hal_cortex.o
    0x08001cd8   0x08001cd8   0x00000024   Code   RO         4006    i.HAL_NVIC_SetPriorityGrouping  stm32f4xx_hal_cortex.o
    0x08001cfc   0x08001cfc   0x0000014c   Code   RO         6730    i.HAL_RCC_ClockConfig  stm32f4xx_hal_rcc.o
    0x08001e48   0x08001e48   0x0000000c   Code   RO         6735    i.HAL_RCC_GetHCLKFreq  stm32f4xx_hal_rcc.o
    0x08001e54   0x08001e54   0x00000020   Code   RO         6737    i.HAL_RCC_GetPCLK1Freq  stm32f4xx_hal_rcc.o
    0x08001e74   0x08001e74   0x00000020   Code   RO         6738    i.HAL_RCC_GetPCLK2Freq  stm32f4xx_hal_rcc.o
    0x08001e94   0x08001e94   0x00000068   Code   RO         6739    i.HAL_RCC_GetSysClockFreq  stm32f4xx_hal_rcc.o
    0x08001efc   0x08001efc   0x000003c0   Code   RO         6742    i.HAL_RCC_OscConfig  stm32f4xx_hal_rcc.o
    0x080022bc   0x080022bc   0x00000028   Code   RO         4010    i.HAL_SYSTICK_Config  stm32f4xx_hal_cortex.o
    0x080022e4   0x080022e4   0x00000002   Code   RO         9027    i.HAL_TIMEx_BreakCallback  stm32f4xx_hal_tim_ex.o
    0x080022e6   0x080022e6   0x00000002   Code   RO         9028    i.HAL_TIMEx_CommutCallback  stm32f4xx_hal_tim_ex.o
    0x080022e8   0x080022e8   0x00000054   Code   RO         9030    i.HAL_TIMEx_ConfigBreakDeadTime  stm32f4xx_hal_tim_ex.o
    0x0800233c   0x0800233c   0x000000d4   Code   RO         9057    i.HAL_TIMEx_PWMN_Start  stm32f4xx_hal_tim_ex.o
    0x08002410   0x08002410   0x0000004a   Code   RO         8312    i.HAL_TIM_Base_Init  stm32f4xx_hal_tim.o
    0x0800245a   0x0800245a   0x00000002   PAD
    0x0800245c   0x0800245c   0x0000003c   Code   RO         1420    i.HAL_TIM_Base_MspInit  btim.o
    0x08002498   0x08002498   0x0000008c   Code   RO         8317    i.HAL_TIM_Base_Start_IT  stm32f4xx_hal_tim.o
    0x08002524   0x08002524   0x00000002   Code   RO         8346    i.HAL_TIM_IC_CaptureCallback  stm32f4xx_hal_tim.o
    0x08002526   0x08002526   0x0000016e   Code   RO         8360    i.HAL_TIM_IRQHandler  stm32f4xx_hal_tim.o
    0x08002694   0x08002694   0x00000002   Code   RO         8363    i.HAL_TIM_OC_DelayElapsedCallback  stm32f4xx_hal_tim.o
    0x08002696   0x08002696   0x000000d2   Code   RO         8384    i.HAL_TIM_PWM_ConfigChannel  stm32f4xx_hal_tim.o
    0x08002768   0x08002768   0x0000004a   Code   RO         8387    i.HAL_TIM_PWM_Init  stm32f4xx_hal_tim.o
    0x080027b2   0x080027b2   0x00000002   PAD
    0x080027b4   0x080027b4   0x000001a4   Code   RO         1228    i.HAL_TIM_PWM_MspInit  moterdriver.o
    0x08002958   0x08002958   0x00000002   Code   RO         8390    i.HAL_TIM_PWM_PulseFinishedCallback  stm32f4xx_hal_tim.o
    0x0800295a   0x0800295a   0x00000002   PAD
    0x0800295c   0x0800295c   0x000000dc   Code   RO         8392    i.HAL_TIM_PWM_Start  stm32f4xx_hal_tim.o
    0x08002a38   0x08002a38   0x00000060   Code   RO         1421    i.HAL_TIM_PeriodElapsedCallback  btim.o
    0x08002a98   0x08002a98   0x00000002   Code   RO         8403    i.HAL_TIM_TriggerCallback  stm32f4xx_hal_tim.o
    0x08002a9a   0x08002a9a   0x00000002   Code   RO         7394    i.HAL_UARTEx_RxEventCallback  stm32f4xx_hal_uart.o
    0x08002a9c   0x08002a9c   0x00000002   Code   RO         7408    i.HAL_UART_ErrorCallback  stm32f4xx_hal_uart.o
    0x08002a9e   0x08002a9e   0x00000002   PAD
    0x08002aa0   0x08002aa0   0x000001d0   Code   RO         7411    i.HAL_UART_IRQHandler  stm32f4xx_hal_uart.o
    0x08002c70   0x08002c70   0x00000064   Code   RO         7412    i.HAL_UART_Init     stm32f4xx_hal_uart.o
    0x08002cd4   0x08002cd4   0x0000008c   Code   RO          746    i.HAL_UART_MspInit  usart.o
    0x08002d60   0x08002d60   0x000000ca   Code   RO         7415    i.HAL_UART_Receive  stm32f4xx_hal_uart.o
    0x08002e2a   0x08002e2a   0x0000002e   Code   RO         7417    i.HAL_UART_Receive_IT  stm32f4xx_hal_uart.o
    0x08002e58   0x08002e58   0x0000006c   Code   RO          747    i.HAL_UART_RxCpltCallback  usart.o
    0x08002ec4   0x08002ec4   0x000000be   Code   RO         7420    i.HAL_UART_Transmit  stm32f4xx_hal_uart.o
    0x08002f82   0x08002f82   0x00000002   Code   RO         7423    i.HAL_UART_TxCpltCallback  stm32f4xx_hal_uart.o
    0x08002f84   0x08002f84   0x00000050   Code   RO         3026    i.HOST_ModbusDap21RX  hostdap21.o
    0x08002fd4   0x08002fd4   0x00000002   Code   RO          323    i.HardFault_Handler  stm32f4xx_it.o
    0x08002fd6   0x08002fd6   0x00000002   PAD
    0x08002fd8   0x08002fd8   0x000000a0   Code   RO         1512    i.Hard_devInit      task.o
    0x08003078   0x08003078   0x00000050   Code   RO         3027    i.HostDap21_Func3   hostdap21.o
    0x080030c8   0x080030c8   0x00000068   Code   RO         3029    i.HostDap21_Read03_slave  hostdap21.o
    0x08003130   0x08003130   0x000000f0   Code   RO         3031    i.Host_ModbusDap21UART2_init  hostdap21.o
    0x08003220   0x08003220   0x0000002c   Code   RO         3032    i.Host_ModbusDap21_CRC16  hostdap21.o
    0x0800324c   0x0800324c   0x00000018   Code   RO         3033    i.Host_ModbusDap21_Init  hostdap21.o
    0x08003264   0x08003264   0x0000003c   Code   RO         3034    i.Host_ModbusDap21_send_data  hostdap21.o
    0x080032a0   0x080032a0   0x00000038   Code   RO         2234    i.IIC_Ack           myiic.o
    0x080032d8   0x080032d8   0x00000044   Code   RO         2235    i.IIC_Init          myiic.o
    0x0800331c   0x0800331c   0x00000038   Code   RO         2236    i.IIC_NAck          myiic.o
    0x08003354   0x08003354   0x00000068   Code   RO         2237    i.IIC_Read_Byte     myiic.o
    0x080033bc   0x080033bc   0x00000060   Code   RO         2238    i.IIC_Send_Byte     myiic.o
    0x0800341c   0x0800341c   0x00000038   Code   RO         2239    i.IIC_Start         myiic.o
    0x08003454   0x08003454   0x0000003c   Code   RO         2240    i.IIC_Stop          myiic.o
    0x08003490   0x08003490   0x00000054   Code   RO         2241    i.IIC_Wait_Ack      myiic.o
    0x080034e4   0x080034e4   0x0000007c   Code   RO         1229    i.LeftMoterMove     moterdriver.o
    0x08003560   0x08003560   0x00000010   Code   RO         1230    i.LeftMoterStop     moterdriver.o
    0x08003570   0x08003570   0x00000010   Code   RO         2971    i.MPU6050Excute     wheelspeedmap.o
    0x08003580   0x08003580   0x00000076   Code   RO         2141    i.MPU_Init          mpu6050.o
    0x080035f6   0x080035f6   0x0000003a   Code   RO         2142    i.MPU_Read_Byte     mpu6050.o
    0x08003630   0x08003630   0x00000070   Code   RO         2143    i.MPU_Read_Len      mpu6050.o
    0x080036a0   0x080036a0   0x0000000a   Code   RO         2144    i.MPU_Set_Accel_Fsr  mpu6050.o
    0x080036aa   0x080036aa   0x0000000a   Code   RO         2145    i.MPU_Set_Gyro_Fsr  mpu6050.o
    0x080036b4   0x080036b4   0x00000030   Code   RO         2146    i.MPU_Set_LPF       mpu6050.o
    0x080036e4   0x080036e4   0x0000002c   Code   RO         2147    i.MPU_Set_Rate      mpu6050.o
    0x08003710   0x08003710   0x00000044   Code   RO         2148    i.MPU_Write_Byte    mpu6050.o
    0x08003754   0x08003754   0x0000005a   Code   RO         2149    i.MPU_Write_Len     mpu6050.o
    0x080037ae   0x080037ae   0x00000002   Code   RO          324    i.MemManage_Handler  stm32f4xx_it.o
    0x080037b0   0x080037b0   0x00000178   Code   RO         1231    i.MoterL_pwm_chy_init  moterdriver.o
    0x08003928   0x08003928   0x00000084   Code   RO         1232    i.MoterLeg_pwm_chy_init  moterdriver.o
    0x080039ac   0x080039ac   0x00000060   Code   RO         1233    i.MoterLift_pwm_chy_init  moterdriver.o
    0x08003a0c   0x08003a0c   0x00000060   Code   RO         1234    i.MoterPedestal_pwm_chy_init  moterdriver.o
    0x08003a6c   0x08003a6c   0x0000016c   Code   RO         1235    i.MoterR_pwm_chy_init  moterdriver.o
    0x08003bd8   0x08003bd8   0x00000060   Code   RO         1236    i.MoterSupport_pwm_chy_init  moterdriver.o
    0x08003c38   0x08003c38   0x00000060   Code   RO         1237    i.Moterbackrest_pwm_chy_init  moterdriver.o
    0x08003c98   0x08003c98   0x0000003e   Code   RO         1238    i.MoterdriveInit    moterdriver.o
    0x08003cd6   0x08003cd6   0x00000002   Code   RO          325    i.NMI_Handler       stm32f4xx_it.o
    0x08003cd8   0x08003cd8   0x00000044   Code   RO         1476    i.OS_IT_RUN         api_schedule.o
    0x08003d1c   0x08003d1c   0x00000038   Code   RO         1477    i.PeachOSRun        api_schedule.o
    0x08003d54   0x08003d54   0x00000002   Code   RO          326    i.PendSV_Handler    stm32f4xx_it.o
    0x08003d56   0x08003d56   0x00000002   PAD
    0x08003d58   0x08003d58   0x00000078   Code   RO         1239    i.RightMoterMove    moterdriver.o
    0x08003dd0   0x08003dd0   0x00000010   Code   RO         1240    i.RightMoterStop    moterdriver.o
    0x08003de0   0x08003de0   0x00000002   Code   RO          327    i.SVC_Handler       stm32f4xx_it.o
    0x08003de2   0x08003de2   0x00000002   PAD
    0x08003de4   0x08003de4   0x0000002c   Code   RO         2890    i.SlaveModbus_CRC16  slavemodbus.o
    0x08003e10   0x08003e10   0x00000070   Code   RO         2891    i.SlaveModbus_Event  slavemodbus.o
    0x08003e80   0x08003e80   0x000000a4   Code   RO         2892    i.SlaveModbus_Func16  slavemodbus.o
    0x08003f24   0x08003f24   0x000000c0   Code   RO         2893    i.SlaveModbus_Func3  slavemodbus.o
    0x08003fe4   0x08003fe4   0x0000009c   Code   RO         2894    i.SlaveModbus_Func6  slavemodbus.o
    0x08004080   0x08004080   0x0000001c   Code   RO         2895    i.SlaveModbus_Init  slavemodbus.o
    0x0800409c   0x0800409c   0x00000038   Code   RO         2896    i.SlaveModbus_send_data  slavemodbus.o
    0x080040d4   0x080040d4   0x000000ec   Code   RO         2897    i.SlavemodbusUART6_init  slavemodbus.o
    0x080041c0   0x080041c0   0x00000004   Code   RO          328    i.SysTick_Handler   stm32f4xx_it.o
    0x080041c4   0x080041c4   0x00000010   Code   RO          589    i.SystemInit        system_stm32f4xx.o
    0x080041d4   0x080041d4   0x0000000c   Code   RO         1422    i.TIM6_DAC_IRQHandler  btim.o
    0x080041e0   0x080041e0   0x000000cc   Code   RO         8405    i.TIM_Base_SetConfig  stm32f4xx_hal_tim.o
    0x080042ac   0x080042ac   0x0000001a   Code   RO         8406    i.TIM_CCxChannelCmd  stm32f4xx_hal_tim.o
    0x080042c6   0x080042c6   0x0000001a   Code   RO         9066    i.TIM_CCxNChannelCmd  stm32f4xx_hal_tim_ex.o
    0x080042e0   0x080042e0   0x00000068   Code   RO         8418    i.TIM_OC1_SetConfig  stm32f4xx_hal_tim.o
    0x08004348   0x08004348   0x00000074   Code   RO         8419    i.TIM_OC2_SetConfig  stm32f4xx_hal_tim.o
    0x080043bc   0x080043bc   0x00000070   Code   RO         8420    i.TIM_OC3_SetConfig  stm32f4xx_hal_tim.o
    0x0800442c   0x0800442c   0x00000054   Code   RO         8421    i.TIM_OC4_SetConfig  stm32f4xx_hal_tim.o
    0x08004480   0x08004480   0x00000004   Code   RO         1513    i.Task_CanKeyRun    task.o
    0x08004484   0x08004484   0x00000004   Code   RO         1514    i.Task_GetADC_AllData  task.o
    0x08004488   0x08004488   0x00000004   Code   RO         1515    i.Task_ModbusSlaveExecute  task.o
    0x0800448c   0x0800448c   0x00000004   Code   RO         1516    i.Task_UnderpanDrive  task.o
    0x08004490   0x08004490   0x00000004   Code   RO         1517    i.Task_ex_handl     task.o
    0x08004494   0x08004494   0x00000004   Code   RO         1518    i.Task_gyroscopeData  task.o
    0x08004498   0x08004498   0x00000018   Code   RO         1519    i.Task_led_control  task.o
    0x080044b0   0x080044b0   0x00000004   Code   RO         1520    i.Task_linearactuatorDrive  task.o
    0x080044b4   0x080044b4   0x0000002c   Code   RO         1521    i.Task_ultrasonicreadExecute1  task.o
    0x080044e0   0x080044e0   0x0000002c   Code   RO         1522    i.Task_ultrasonicreadExecute2  task.o
    0x0800450c   0x0800450c   0x00000010   Code   RO         7425    i.UART_DMAAbortOnError  stm32f4xx_hal_uart.o
    0x0800451c   0x0800451c   0x00000030   Code   RO         7435    i.UART_EndRxTransfer  stm32f4xx_hal_uart.o
    0x0800454c   0x0800454c   0x0000001a   Code   RO         7436    i.UART_EndTransmit_IT  stm32f4xx_hal_uart.o
    0x08004566   0x08004566   0x000000b2   Code   RO         7438    i.UART_Receive_IT   stm32f4xx_hal_uart.o
    0x08004618   0x08004618   0x00000114   Code   RO         7439    i.UART_SetConfig    stm32f4xx_hal_uart.o
    0x0800472c   0x0800472c   0x00000036   Code   RO         7441    i.UART_Start_Receive_IT  stm32f4xx_hal_uart.o
    0x08004762   0x08004762   0x0000005e   Code   RO         7442    i.UART_Transmit_IT  stm32f4xx_hal_uart.o
    0x080047c0   0x080047c0   0x00000064   Code   RO         7443    i.UART_WaitOnFlagUntilTimeout  stm32f4xx_hal_uart.o
    0x08004824   0x08004824   0x0000000c   Code   RO          748    i.USART1_IRQHandler  usart.o
    0x08004830   0x08004830   0x00000054   Code   RO         3035    i.USART2_IRQHandler  hostdap21.o
    0x08004884   0x08004884   0x00000054   Code   RO         2898    i.USART6_IRQHandler  slavemodbus.o
    0x080048d8   0x080048d8   0x00000002   Code   RO          329    i.UsageFault_Handler  stm32f4xx_it.o
    0x080048da   0x080048da   0x00000010   Code   RO         1596    i.Value_Resetzero   common.o
    0x080048ea   0x080048ea   0x00000014   Code   RO         1597    i.Value_limit       common.o
    0x080048fe   0x080048fe   0x00000028   Code   RO         1598    i.Value_limitf      common.o
    0x08004926   0x08004926   0x00000002   PAD
    0x08004928   0x08004928   0x00000020   Code   RO         9605    i.__0printf$8       mc_w.l(printf8.o)
    0x08004948   0x08004948   0x00000030   Code   RO         9712    i.__ARM_fpclassify  m_wm.l(fpclassify.o)
    0x08004978   0x08004978   0x00000026   Code   RO         9714    i.__ARM_fpclassifyf  m_wm.l(fpclassifyf.o)
    0x0800499e   0x0800499e   0x00000020   Code   RO         4012    i.__NVIC_SetPriority  stm32f4xx_hal_cortex.o
    0x080049be   0x080049be   0x00000002   PAD
    0x080049c0   0x080049c0   0x00000360   Code   RO         9291    i.__hardfp_asin     m_wm.l(asin.o)
    0x08004d20   0x08004d20   0x000002d8   Code   RO         9681    i.__hardfp_atan     m_wm.l(atan.o)
    0x08004ff8   0x08004ff8   0x00000200   Code   RO         9305    i.__hardfp_atan2    m_wm.l(atan2.o)
    0x080051f8   0x080051f8   0x000000c8   Code   RO         9317    i.__hardfp_cos      m_wm.l(cos.o)
    0x080052c0   0x080052c0   0x000001e8   Code   RO         9329    i.__hardfp_expf     m_wm.l(expf.o)
    0x080054a8   0x080054a8   0x00000014   Code   RO         9343    i.__hardfp_fabs     m_wm.l(fabs.o)
    0x080054bc   0x080054bc   0x00000004   PAD
    0x080054c0   0x080054c0   0x00000c50   Code   RO         9349    i.__hardfp_pow      m_wm.l(pow.o)
    0x08006110   0x08006110   0x000000c8   Code   RO         9363    i.__hardfp_sin      m_wm.l(sin.o)
    0x080061d8   0x080061d8   0x0000007a   Code   RO         9375    i.__hardfp_sqrt     m_wm.l(sqrt.o)
    0x08006252   0x08006252   0x00000006   PAD
    0x08006258   0x08006258   0x00000438   Code   RO         9733    i.__ieee754_rem_pio2  m_wm.l(rred.o)
    0x08006690   0x08006690   0x00000170   Code   RO         9695    i.__kernel_cos      m_wm.l(cos_i.o)
    0x08006800   0x08006800   0x000000f8   Code   RO         9730    i.__kernel_poly     m_wm.l(poly.o)
    0x080068f8   0x080068f8   0x00000130   Code   RO         9738    i.__kernel_sin      m_wm.l(sin_i.o)
    0x08006a28   0x08006a28   0x00000030   Code   RO         9698    i.__mathlib_dbl_divzero  m_wm.l(dunder.o)
    0x08006a58   0x08006a58   0x00000014   Code   RO         9699    i.__mathlib_dbl_infnan  m_wm.l(dunder.o)
    0x08006a6c   0x08006a6c   0x00000014   Code   RO         9700    i.__mathlib_dbl_infnan2  m_wm.l(dunder.o)
    0x08006a80   0x08006a80   0x00000020   Code   RO         9701    i.__mathlib_dbl_invalid  m_wm.l(dunder.o)
    0x08006aa0   0x08006aa0   0x00000020   Code   RO         9702    i.__mathlib_dbl_overflow  m_wm.l(dunder.o)
    0x08006ac0   0x08006ac0   0x00000020   Code   RO         9704    i.__mathlib_dbl_underflow  m_wm.l(dunder.o)
    0x08006ae0   0x08006ae0   0x00000006   Code   RO         9717    i.__mathlib_flt_infnan  m_wm.l(funder.o)
    0x08006ae6   0x08006ae6   0x00000002   PAD
    0x08006ae8   0x08006ae8   0x00000010   Code   RO         9720    i.__mathlib_flt_overflow  m_wm.l(funder.o)
    0x08006af8   0x08006af8   0x00000010   Code   RO         9722    i.__mathlib_flt_underflow  m_wm.l(funder.o)
    0x08006b08   0x08006b08   0x0000000e   Code   RO         9794    i.__scatterload_copy  mc_w.l(handlers.o)
    0x08006b16   0x08006b16   0x00000002   Code   RO         9795    i.__scatterload_null  mc_w.l(handlers.o)
    0x08006b18   0x08006b18   0x0000000e   Code   RO         9796    i.__scatterload_zeroinit  mc_w.l(handlers.o)
    0x08006b26   0x08006b26   0x00000002   PAD
    0x08006b28   0x08006b28   0x0000000c   Code   RO         9770    i.__set_errno       mc_w.l(errno.o)
    0x08006b34   0x08006b34   0x00000404   Code   RO         9612    i._printf_core      mc_w.l(printf8.o)
    0x08006f38   0x08006f38   0x00000024   Code   RO         9613    i._printf_post_padding  mc_w.l(printf8.o)
    0x08006f5c   0x08006f5c   0x0000002e   Code   RO         9614    i._printf_pre_padding  mc_w.l(printf8.o)
    0x08006f8a   0x08006f8a   0x00000002   PAD
    0x08006f8c   0x08006f8c   0x00000094   Code   RO         2303    i.accel_self_test   inv_mpu.o
    0x08007020   0x08007020   0x00000048   Code   RO         1151    i.adc1_nch_dma_enable  adc.o
    0x08007068   0x08007068   0x00000038   Code   RO         1152    i.adc1_nch_dma_gpio_init  adc.o
    0x080070a0   0x080070a0   0x000000e8   Code   RO         1153    i.adc1_nch_dma_init  adc.o
    0x08007188   0x08007188   0x00000048   Code   RO         1154    i.adc3_nch_dma_enable  adc.o
    0x080071d0   0x080071d0   0x00000010   Code   RO         1157    i.adc_channel_set   adc.o
    0x080071e0   0x080071e0   0x00000010   Code   RO         9683    i.atan              m_wm.l(atan.o)
    0x080071f0   0x080071f0   0x00000038   Code   RO         1241    i.atim_tim1_cplm_pwm_set  moterdriver.o
    0x08007228   0x08007228   0x00000038   Code   RO         1242    i.atim_tim8_cplm_pwm_set  moterdriver.o
    0x08007260   0x08007260   0x00000014   Code   RO         1363    i.brake             brake.o
    0x08007274   0x08007274   0x000000a4   Code   RO         1365    i.brakeTime9_init   brake.o
    0x08007318   0x08007318   0x00000020   Code   RO         1366    i.brake_init        brake.o
    0x08007338   0x08007338   0x0000000c   Code   RO         1367    i.brake_pwm_set     brake.o
    0x08007344   0x08007344   0x00000058   Code   RO         1368    i.brakestatedetec_init  brake.o
    0x0800739c   0x0800739c   0x00000028   Code   RO         1423    i.btim_timx_int_init  btim.o
    0x080073c4   0x080073c4   0x00000070   Code   RO         3152    i.can_init          can.o
    0x08007434   0x08007434   0x00000048   Code   RO         3153    i.can_receive_msg   can.o
    0x0800747c   0x0800747c   0x0000005c   Code   RO         3154    i.can_send_msg      can.o
    0x080074d8   0x080074d8   0x00000004   Code   RO         1772    i.currentproInit    overcurrent_protection.o
    0x080074dc   0x080074dc   0x0000003c   Code   RO         2657    i.decode_gesture    inv_mpu_dmp_motion_driver.o
    0x08007518   0x08007518   0x0000000c   Code   RO          627    i.delay_init        delay.o
    0x08007524   0x08007524   0x0000000a   Code   RO          628    i.delay_ms          delay.o
    0x0800752e   0x0800752e   0x00000002   PAD
    0x08007530   0x08007530   0x00000038   Code   RO          629    i.delay_us          delay.o
    0x08007568   0x08007568   0x0000003c   Code   RO         2658    i.dmp_enable_6x_lp_quat  inv_mpu_dmp_motion_driver.o
    0x080075a4   0x080075a4   0x000001ec   Code   RO         2659    i.dmp_enable_feature  inv_mpu_dmp_motion_driver.o
    0x08007790   0x08007790   0x00000058   Code   RO         2660    i.dmp_enable_gyro_cal  inv_mpu_dmp_motion_driver.o
    0x080077e8   0x080077e8   0x0000003c   Code   RO         2661    i.dmp_enable_lp_quat  inv_mpu_dmp_motion_driver.o
    0x08007824   0x08007824   0x00000014   Code   RO         2666    i.dmp_load_motion_driver_firmware  inv_mpu_dmp_motion_driver.o
    0x08007838   0x08007838   0x00000184   Code   RO         2667    i.dmp_read_fifo     inv_mpu_dmp_motion_driver.o
    0x080079bc   0x080079bc   0x0000010c   Code   RO         2670    i.dmp_set_accel_bias  inv_mpu_dmp_motion_driver.o
    0x08007ac8   0x08007ac8   0x00000070   Code   RO         2671    i.dmp_set_fifo_rate  inv_mpu_dmp_motion_driver.o
    0x08007b38   0x08007b38   0x00000108   Code   RO         2672    i.dmp_set_gyro_bias  inv_mpu_dmp_motion_driver.o
    0x08007c40   0x08007c40   0x00000118   Code   RO         2674    i.dmp_set_orientation  inv_mpu_dmp_motion_driver.o
    0x08007d58   0x08007d58   0x00000030   Code   RO         2677    i.dmp_set_shake_reject_thresh  inv_mpu_dmp_motion_driver.o
    0x08007d88   0x08007d88   0x00000020   Code   RO         2678    i.dmp_set_shake_reject_time  inv_mpu_dmp_motion_driver.o
    0x08007da8   0x08007da8   0x00000020   Code   RO         2679    i.dmp_set_shake_reject_timeout  inv_mpu_dmp_motion_driver.o
    0x08007dc8   0x08007dc8   0x00000038   Code   RO         2680    i.dmp_set_tap_axes  inv_mpu_dmp_motion_driver.o
    0x08007e00   0x08007e00   0x00000022   Code   RO         2681    i.dmp_set_tap_count  inv_mpu_dmp_motion_driver.o
    0x08007e22   0x08007e22   0x00000002   PAD
    0x08007e24   0x08007e24   0x0000019c   Code   RO         2682    i.dmp_set_tap_thresh  inv_mpu_dmp_motion_driver.o
    0x08007fc0   0x08007fc0   0x00000020   Code   RO         2683    i.dmp_set_tap_time  inv_mpu_dmp_motion_driver.o
    0x08007fe0   0x08007fe0   0x00000020   Code   RO         2684    i.dmp_set_tap_time_multi  inv_mpu_dmp_motion_driver.o
    0x08008000   0x08008000   0x00000002   Code   RO         3216    i.ex_handl_LRmoter  exception_handling.o
    0x08008002   0x08008002   0x00000002   Code   RO         3217    i.ex_handl_battary  exception_handling.o
    0x08008004   0x08008004   0x00000030   Code   RO         3218    i.ex_handl_brake    exception_handling.o
    0x08008034   0x08008034   0x0000001a   Code   RO         3219    i.ex_handl_excute   exception_handling.o
    0x0800804e   0x0800804e   0x00000002   Code   RO         3221    i.ex_handl_joystic  exception_handling.o
    0x08008050   0x08008050   0x00000014   Code   RO         3222    i.ex_handl_linearActuator  exception_handling.o
    0x08008064   0x08008064   0x00000018   Code   RO         9345    i.fabs              m_wm.l(fabs.o)
    0x0800807c   0x0800807c   0x00000070   Code   RO         1599    i.filterValue       common.o
    0x080080ec   0x080080ec   0x00000014   Code   RO          752    i.fputc             usart.o
    0x08008100   0x08008100   0x000000b8   Code   RO         2304    i.get_accel_prod_shift  inv_mpu.o
    0x080081b8   0x080081b8   0x000003d8   Code   RO         2305    i.get_st_biases     inv_mpu.o
    0x08008590   0x08008590   0x00000098   Code   RO         2072    i.getadc1Data       getadcdata.o
    0x08008628   0x08008628   0x00000090   Code   RO         2073    i.getadc3Data       getadcdata.o
    0x080086b8   0x080086b8   0x0000000e   Code   RO         2074    i.getadcData        getadcdata.o
    0x080086c6   0x080086c6   0x00000002   PAD
    0x080086c8   0x080086c8   0x00000020   Code   RO         2075    i.getadcDataInit    getadcdata.o
    0x080086e8   0x080086e8   0x000000d8   Code   RO         2306    i.gyro_self_test    inv_mpu.o
    0x080087c0   0x080087c0   0x00000024   Code   RO         1600    i.initializeFilter  common.o
    0x080087e4   0x080087e4   0x00000024   Code   RO         2307    i.inv_orientation_matrix_to_scalar  inv_mpu.o
    0x08008808   0x08008808   0x00000048   Code   RO         2308    i.inv_row_2_scale   inv_mpu.o
    0x08008850   0x08008850   0x0000000c   Code   RO         2854    i.iwdg_feed         wdg.o
    0x0800885c   0x0800885c   0x00000018   Code   RO         2855    i.iwdg_init         wdg.o
    0x08008874   0x08008874   0x00000074   Code   RO         2076    i.joysticData_calculate  getadcdata.o
    0x080088e8   0x080088e8   0x00000010   Code   RO         2077    i.joysticData_calculateInit  getadcdata.o
    0x080088f8   0x080088f8   0x00000310   Code   RO         1108    i.led_beepControlRK3588  led.o
    0x08008c08   0x08008c08   0x00000178   Code   RO         1109    i.led_init          led.o
    0x08008d80   0x08008d80   0x00000e20   Code   RO         1243    i.linearactuator    moterdriver.o
    0x08009ba0   0x08009ba0   0x00000004   Code   RO         1244    i.linearactuatorTest  moterdriver.o
    0x08009ba4   0x08009ba4   0x0000000a   Code   RO           13    i.main              main.o
    0x08009bae   0x08009bae   0x00000002   Code   RO         2309    i.mget_ms           inv_mpu.o
    0x08009bb0   0x08009bb0   0x00000060   Code   RO         2310    i.mpu_configure_fifo  inv_mpu.o
    0x08009c10   0x08009c10   0x00000164   Code   RO         2311    i.mpu_dmp_get_data  inv_mpu.o
    0x08009d74   0x08009d74   0x00000094   Code   RO         2312    i.mpu_dmp_init      inv_mpu.o
    0x08009e08   0x08009e08   0x00000044   Code   RO         2313    i.mpu_get_accel_fsr  inv_mpu.o
    0x08009e4c   0x08009e4c   0x0000004c   Code   RO         2315    i.mpu_get_accel_sens  inv_mpu.o
    0x08009e98   0x08009e98   0x00000010   Code   RO         2320    i.mpu_get_fifo_config  inv_mpu.o
    0x08009ea8   0x08009ea8   0x00000040   Code   RO         2321    i.mpu_get_gyro_fsr  inv_mpu.o
    0x08009ee8   0x08009ee8   0x00000058   Code   RO         2323    i.mpu_get_gyro_sens  inv_mpu.o
    0x08009f40   0x08009f40   0x00000044   Code   RO         2325    i.mpu_get_lpf       inv_mpu.o
    0x08009f84   0x08009f84   0x0000001c   Code   RO         2327    i.mpu_get_sample_rate  inv_mpu.o
    0x08009fa0   0x08009fa0   0x000001ac   Code   RO         2329    i.mpu_init          inv_mpu.o
    0x0800a14c   0x0800a14c   0x000000b4   Code   RO         2330    i.mpu_load_firmware  inv_mpu.o
    0x0800a200   0x0800a200   0x000000d0   Code   RO         2331    i.mpu_lp_accel_mode  inv_mpu.o
    0x0800a2d0   0x0800a2d0   0x000000ac   Code   RO         2334    i.mpu_read_fifo_stream  inv_mpu.o
    0x0800a37c   0x0800a37c   0x00000070   Code   RO         2335    i.mpu_read_mem      inv_mpu.o
    0x0800a3ec   0x0800a3ec   0x0000016c   Code   RO         2338    i.mpu_reset_fifo    inv_mpu.o
    0x0800a558   0x0800a558   0x000000f8   Code   RO         2339    i.mpu_run_self_test  inv_mpu.o
    0x0800a650   0x0800a650   0x00000074   Code   RO         2341    i.mpu_set_accel_fsr  inv_mpu.o
    0x0800a6c4   0x0800a6c4   0x00000118   Code   RO         2342    i.mpu_set_bypass    inv_mpu.o
    0x0800a7dc   0x0800a7dc   0x0000007c   Code   RO         2344    i.mpu_set_dmp_state  inv_mpu.o
    0x0800a858   0x0800a858   0x00000078   Code   RO         2345    i.mpu_set_gyro_fsr  inv_mpu.o
    0x0800a8d0   0x0800a8d0   0x00000060   Code   RO         2346    i.mpu_set_int_latched  inv_mpu.o
    0x0800a930   0x0800a930   0x0000007c   Code   RO         2348    i.mpu_set_lpf       inv_mpu.o
    0x0800a9ac   0x0800a9ac   0x00000084   Code   RO         2349    i.mpu_set_sample_rate  inv_mpu.o
    0x0800aa30   0x0800aa30   0x000000b0   Code   RO         2350    i.mpu_set_sensors   inv_mpu.o
    0x0800aae0   0x0800aae0   0x00000070   Code   RO         2351    i.mpu_write_mem     inv_mpu.o
    0x0800ab50   0x0800ab50   0x00000088   Code   RO         2352    i.run_self_test     inv_mpu.o
    0x0800abd8   0x0800abd8   0x00000074   Code   RO         2353    i.set_int_enable    inv_mpu.o
    0x0800ac4c   0x0800ac4c   0x000000b0   Code   RO         1617    i.slopelimitLDuty   common.o
    0x0800acfc   0x0800acfc   0x000000b0   Code   RO         1618    i.slopelimitRDuty   common.o
    0x0800adac   0x0800adac   0x0000002c   Code   RO         1619    i.slopelimitx       common.o
    0x0800add8   0x0800add8   0x0000002c   Code   RO         1620    i.slopelimity       common.o
    0x0800ae04   0x0800ae04   0x0000006e   Code   RO         9377    i.sqrt              m_wm.l(sqrt.o)
    0x0800ae72   0x0800ae72   0x00000002   PAD
    0x0800ae74   0x0800ae74   0x000000b8   Code   RO          676    i.sys_stm32_clock_init  sys.o
    0x0800af2c   0x0800af2c   0x00000044   Code   RO         1774    i.tcurrentpro_init  overcurrent_protection.o
    0x0800af70   0x0800af70   0x000001ec   Code   RO         2973    i.underpanExcute    wheelspeedmap.o
    0x0800b15c   0x0800b15c   0x00000038   Code   RO          753    i.usart_init        usart.o
    0x0800b194   0x0800b194   0x00000784   Code   RO         2974    i.velocity_maping   wheelspeedmap.o
    0x0800b918   0x0800b918   0x00000010   Data   RO          590    .constdata          system_stm32f4xx.o
    0x0800b928   0x0800b928   0x00000008   Data   RO          591    .constdata          system_stm32f4xx.o
    0x0800b930   0x0800b930   0x0000001b   Data   RO         2355    .constdata          inv_mpu.o
    0x0800b94b   0x0800b94b   0x00000001   PAD
    0x0800b94c   0x0800b94c   0x0000000c   Data   RO         2356    .constdata          inv_mpu.o
    0x0800b958   0x0800b958   0x00000028   Data   RO         2357    .constdata          inv_mpu.o
    0x0800b980   0x0800b980   0x00000bf6   Data   RO         2686    .constdata          inv_mpu_dmp_motion_driver.o
    0x0800c576   0x0800c576   0x00000200   Data   RO         2900    .constdata          slavemodbus.o
    0x0800c776   0x0800c776   0x00000200   Data   RO         3037    .constdata          hostdap21.o
    0x0800c976   0x0800c976   0x00000008   Data   RO         4664    .constdata          stm32f4xx_hal_dma.o
    0x0800c97e   0x0800c97e   0x00000002   PAD
    0x0800c980   0x0800c980   0x00000050   Data   RO         9294    .constdata          m_wm.l(asin.o)
    0x0800c9d0   0x0800c9d0   0x00000030   Data   RO         9332    .constdata          m_wm.l(expf.o)
    0x0800ca00   0x0800ca00   0x00000088   Data   RO         9352    .constdata          m_wm.l(pow.o)
    0x0800ca88   0x0800ca88   0x00000098   Data   RO         9684    .constdata          m_wm.l(atan.o)
    0x0800cb20   0x0800cb20   0x00000030   Data   RO         9696    .constdata          m_wm.l(cos_i.o)
    0x0800cb50   0x0800cb50   0x00000008   Data   RO         9732    .constdata          m_wm.l(qnan.o)
    0x0800cb58   0x0800cb58   0x000000c8   Data   RO         9735    .constdata          m_wm.l(rred.o)
    0x0800cc20   0x0800cc20   0x00000028   Data   RO         9739    .constdata          m_wm.l(sin_i.o)
    0x0800cc48   0x0800cc48   0x0000004d   Data   RO         2358    .conststring        inv_mpu.o
    0x0800cc95   0x0800cc95   0x00000003   PAD
    0x0800cc98   0x0800cc98   0x00000020   Data   RO         9792    Region$$Table       anon$$obj.o


    Execution Region RW_IRAM1 (Exec base: 0x20000000, Load base: 0x0800ccb8, Size: 0x00003708, Max: 0x00020000, ABSOLUTE, COMPRESSED[0x0000005c])

    Exec Addr    Load Addr    Size         Type   Attr      Idx    E Section Name        Object

    0x20000000   COMPRESSED   0x00000004   Data   RW          592    .data               system_stm32f4xx.o
    0x20000004   COMPRESSED   0x00000004   Data   RW          630    .data               delay.o
    0x20000008   COMPRESSED   0x00000004   Data   RW          755    .data               usart.o
    0x2000000c   COMPRESSED   0x00000004   Data   RW          756    .data               usart.o
    0x20000010   COMPRESSED   0x00000003   Data   RW         1110    .data               led.o
    0x20000013   COMPRESSED   0x00000002   Data   RW         1159    .data               adc.o
    0x20000015   COMPRESSED   0x00000003   PAD
    0x20000018   COMPRESSED   0x00000010   Data   RW         1246    .data               moterdriver.o
    0x20000028   COMPRESSED   0x0000007c   Data   RW         1478    .data               api_schedule.o
    0x200000a4   COMPRESSED   0x00000004   PAD
    0x200000a8   COMPRESSED   0x00000020   Data   RW         1623    .data               common.o
    0x200000c8   COMPRESSED   0x00000035   Data   RW         2359    .data               inv_mpu.o
    0x200000fd   COMPRESSED   0x00000003   PAD
    0x20000100   COMPRESSED   0x00000018   Data   RW         2976    .data               wheelspeedmap.o
    0x20000118   COMPRESSED   0x00000012   Data   RW         3156    .data               can.o
    0x2000012a   COMPRESSED   0x00000002   PAD
    0x2000012c   COMPRESSED   0x0000000c   Data   RW         3308    .data               stm32f4xx_hal.o
    0x20000138   COMPRESSED   0x00000004   Data   RW         9771    .data               mc_w.l(errno.o)
    0x2000013c        -       0x0000010c   Zero   RW          754    .bss                usart.o
    0x20000248        -       0x00000150   Zero   RW         1158    .bss                adc.o
    0x20000398        -       0x00000250   Zero   RW         1245    .bss                moterdriver.o
    0x200005e8        -       0x00000048   Zero   RW         1369    .bss                brake.o
    0x20000630        -       0x00000048   Zero   RW         1424    .bss                btim.o
    0x20000678        -       0x00000058   Zero   RW         1621    .bss                common.o
    0x200006d0        -       0x00000058   Zero   RW         1622    .bss                common.o
    0x20000728        -       0x00000170   Zero   RW         2078    .bss                getadcdata.o
    0x20000898        -       0x00000010   Zero   RW         2685    .bss                inv_mpu_dmp_motion_driver.o
    0x200008a8        -       0x0000000c   Zero   RW         2856    .bss                wdg.o
    0x200008b4        -       0x00002821   Zero   RW         2899    .bss                slavemodbus.o
    0x200030d5   COMPRESSED   0x00000003   PAD
    0x200030d8        -       0x000000a0   Zero   RW         2975    .bss                wheelspeedmap.o
    0x20003178        -       0x00000134   Zero   RW         3036    .bss                hostdap21.o
    0x200032ac        -       0x0000005c   Zero   RW         3155    .bss                can.o
    0x20003308        -       0x00000400   Zero   RW            1    STACK               startup_stm32f407xx.o


==============================================================================

Image component sizes


      Code (inc. data)   RO Data    RW Data    ZI Data      Debug   Object Name

       520         62          0          2        336       5251   adc.o
       124          8          0        124          0       2268   api_schedule.o
       316         30          0          0         72       3923   brake.o
       208         38          0          0         72       3167   btim.o
       468         44          0         18         92       5893   can.o
       664         42          0         32        176       8748   common.o
        78         12          0          4          0       1979   delay.o
       100          8          0          0          0       3514   exception_handling.o
       522         38          0          0        368       6666   getadcdata.o
       716         64        512          0        308       8262   hostdap21.o
      5894        302        156         53          0      35264   inv_mpu.o
      2770        132       3062          0         16      22122   inv_mpu_dmp_motion_driver.o
         0          0          0          0          0     618208   key.o
      1160         54          0          3          0       6866   led.o
        10          0          0          0          0     642207   main.o
      5746        358          0         16        592      23449   moterdriver.o
       558          0          0          0          0       6735   mpu6050.o
       580         76          0          0          0       5302   myiic.o
        72          8          0          0          0       5292   overcurrent_protection.o
      1072        106        512          0      10273       8879   slavemodbus.o
        36          8        392          0       1024        992   startup_stm32f407xx.o
       152         28          0         12          0       9592   stm32f4xx_hal.o
      1246         60          0          0          0       8459   stm32f4xx_hal_adc.o
      1354          6          0          0          0       8100   stm32f4xx_hal_can.o
       198         14          0          0          0      34271   stm32f4xx_hal_cortex.o
       776         10          8          0          0       7477   stm32f4xx_hal_dma.o
       508         46          0          0          0       3828   stm32f4xx_hal_gpio.o
       102          0          0          0          0       1971   stm32f4xx_hal_iwdg.o
         2          0          0          0          0        566   stm32f4xx_hal_msp_template.o
      1472         76          0          0          0       6596   stm32f4xx_hal_rcc.o
      1738        140          0          0          0      13034   stm32f4xx_hal_tim.o
       326         30          0          0          0       4216   stm32f4xx_hal_tim_ex.o
      1800         16          0          0          0      13919   stm32f4xx_hal_uart.o
        20          0          0          0          0     715098   stm32f4xx_it.o
       184         12          0          0          0       1435   sys.o
        16          4         24          4          0       1447   system_stm32f4xx.o
       300         36          0          0          0       5804   task.o
       336         48          0          8        268       5317   usart.o
        36         14          0          0         12       1295   wdg.o
      2674        272          0         24        160       5467   wheelspeedmap.o

    ----------------------------------------------------------------------
     34890       2202       4704        312      13772    2272879   Object Totals
         0          0         32          0          0          0   (incl. Generated)
        36          0          6         12          3          0   (incl. Padding)

    ----------------------------------------------------------------------

      Code (inc. data)   RO Data    RW Data    ZI Data      Debug   Library Member Name

       864         94         80          0          0        280   asin.o
       744        106        152          0          0        352   atan.o
       512         64          0          0          0        208   atan2.o
       200         20          0          0          0        164   cos.o
       368         46         48          0          0        200   cos_i.o
       184         44          0          0          0        744   dunder.o
       488         62         48          0          0        236   expf.o
        44          0          0          0          0        248   fabs.o
        48          0          0          0          0        124   fpclassify.o
        38          0          0          0          0        116   fpclassifyf.o
        38         12          0          0          0        348   funder.o
       248          0          0          0          0        152   poly.o
      3152        296        136          0          0        352   pow.o
         0          0          8          0          0          0   qnan.o
      1080        142        200          0          0        188   rred.o
       200         20          0          0          0        164   sin.o
       304         24         40          0          0        208   sin_i.o
       232          0          0          0          0        296   sqrt.o
        86          0          0          0          0          0   __dczerorl2.o
         0          0          0          0          0          0   entry.o
         0          0          0          0          0          0   entry10a.o
         0          0          0          0          0          0   entry11a.o
         4          0          0          0          0          0   entry12b.o
         8          4          0          0          0          0   entry2.o
         4          0          0          0          0          0   entry5.o
         0          0          0          0          0          0   entry7b.o
         0          0          0          0          0          0   entry8b.o
         8          4          0          0          0          0   entry9a.o
        12          6          0          4          0         68   errno.o
        30          0          0          0          0          0   handlers.o
        36          8          0          0          0         68   init.o
         0          0          0          0          0          0   iusefp.o
        98          0          0          0          0         84   ldiv.o
        30          0          0          0          0         68   llshl.o
        36          0          0          0          0         68   llsshr.o
        32          0          0          0          0         68   llushr.o
        26          0          0          0          0         80   memcmp.o
        36          0          0          0          0        108   memseta.o
      1142         54          0          0          0        352   printf8.o
        98          0          0          0          0         92   uldiv.o
        48          0          0          0          0         68   cdcmple.o
        48          0          0          0          0         68   cdrcmple.o
        56          0          0          0          0         88   d2f.o
       334          0          0          0          0        148   dadd.o
       222          0          0          0          0        100   ddiv.o
       186          0          0          0          0        176   depilogue.o
        62          0          0          0          0         80   dfixi.o
        50          0          0          0          0         76   dfixui.o
        34          0          0          0          0         76   dflti.o
        26          0          0          0          0         76   dfltui.o
       228          0          0          0          0         96   dmul.o
        46          0          0          0          0         80   dscalb.o
       162          0          0          0          0        100   dsqrt.o
        38          0          0          0          0         68   f2d.o
       110          0          0          0          0        168   fepilogue.o

    ----------------------------------------------------------------------
     12102       1006        712          4          0       6904   Library Totals
        22          0          0          0          0          0   (incl. Padding)

    ----------------------------------------------------------------------

      Code (inc. data)   RO Data    RW Data    ZI Data      Debug   Library Name

      8744        930        712          0          0       4380   m_wm.l
      1686         76          0          4          0       1056   mc_w.l
      1650          0          0          0          0       1468   mf_w.l

    ----------------------------------------------------------------------
     12102       1006        712          4          0       6904   Library Totals

    ----------------------------------------------------------------------

==============================================================================


      Code (inc. data)   RO Data    RW Data    ZI Data      Debug   

     46992       3208       5416        316      13772    2248867   Grand Totals
     46992       3208       5416         92      13772    2248867   ELF Image Totals (compressed)
     46992       3208       5416         92          0          0   ROM Totals

==============================================================================

    Total RO  Size (Code + RO Data)                52408 (  51.18kB)
    Total RW  Size (RW Data + ZI Data)             14088 (  13.76kB)
    Total ROM Size (Code + RO Data + RW Data)      52500 (  51.27kB)

==============================================================================

