<html>
<body>
<pre>
<h1>µVision Build Log</h1>
<h2>Tool Versions:</h2>
IDE-Version: ¦ÌVision V5.38.0.0
Copyright (C) 2022 ARM Ltd and ARM Germany GmbH. All rights reserved.
License Information: ss 602320162@qq.com, ss, LIC=ATTQ1-CRF71-UH68H-W1BKM-DIAF9-X85GK
 
Tool Versions:
Toolchain:       MDK-ARM Plus  Version: 5.38.0.0
Toolchain Path:  C:\Keil_v5\ARM\ARMCC\Bin
C Compiler:      Armcc.exe V5.06 update 6 (build 750)
Assembler:       Armasm.exe V5.06 update 6 (build 750)
Linker/Locator:  ArmLink.exe V5.06 update 6 (build 750)
Library Manager: ArmAr.exe V5.06 update 6 (build 750)
Hex Converter:   FromElf.exe V5.06 update 6 (build 750)
CPU DLL:         SARMCM3.DLL V5.38.0.0
Dialog DLL:      DCM.DLL V1.17.5.0
Target DLL:      STLink\ST-LINKIII-KEIL_SWO.dll V3.1.0.0
Dialog DLL:      TCM.DLL V1.56.4.0
 
<h2>Project:</h2>
C:\Users\60232\Desktop\code\R9_407_V1.1\R9_407_V1.1\R9V1.1_KEY\Projects\MDK-ARM\R9V1.1_key.uvprojx
Project File Date:  06/11/2024

<h2>Output:</h2>
*** Using Compiler 'V5.06 update 6 (build 750)', folder: 'C:\Keil_v5\ARM\ARMCC\Bin'
Build target 'R9V1.1_key'
compiling API_Schedule.c...
compiling key.c...
..\..\Drivers\BSP\KEY\key.c(182): warning:  #550-D: variable "res"  was set but never used
     static uint8_t res;
..\..\Drivers\BSP\KEY\key.c(193): warning:  #1-D: last line of file ends without a newline
    
..\..\Drivers\BSP\KEY\key.c: 2 warnings, 0 errors
compiling task.c...
..\..\Drivers\BSP\task.c(32): warning:  #1-D: last line of file ends without a newline
  }	
..\..\Drivers\BSP\task.c: 1 warning, 0 errors
compiling can.c...
compiling led.c...
..\..\Drivers\BSP\LED\led.c(401): warning:  #1-D: last line of file ends without a newline
  }
..\..\Drivers\BSP\LED\led.c: 1 warning, 0 errors
linking...
Program Size: Code=12708 RO-data=448 RW-data=76 ZI-data=1468  
FromELF: creating hex file...
"..\..\Output\atk_f407.axf" - 0 Error(s), 4 Warning(s).

<h2>Software Packages used:</h2>

Package Vendor: Keil
                https://www.keil.com/pack/Keil.STM32F4xx_DFP.2.17.1.pack
                Keil.STM32F4xx_DFP.2.17.1
                STMicroelectronics STM32F4 Series Device Support, Drivers and Examples

<h2>Collection of Component include folders:</h2>
  C:/Users/60232/AppData/Local/Arm/Packs/Keil/STM32F4xx_DFP/2.17.1/Drivers/CMSIS/Device/ST/STM32F4xx/Include

<h2>Collection of Component Files used:</h2>
Build Time Elapsed:  00:00:10
</pre>
</body>
</html>
