<html>
<body>
<pre>
<h1>µVision Build Log</h1>
<h2>Tool Versions:</h2>
IDE-Version: ¦ÌVision V5.38.0.0
Copyright (C) 2022 ARM Ltd and ARM Germany GmbH. All rights reserved.
License Information: rehand fu@reha, HP Inc., LIC=65ISZ-JPW1A-63SMB-2C18Y-RU7XC-7M4J7
 
Tool Versions:
Toolchain:       MDK-ARM Plus  Version: 5.38.0.0
Toolchain Path:  D:\Keil_v5\ARM\ARMCC\Bin
C Compiler:      Armcc.exe V5.06 update 7 (build 960)
Assembler:       Armasm.exe V5.06 update 7 (build 960)
Linker/Locator:  ArmLink.exe V5.06 update 7 (build 960)
Library Manager: ArmAr.exe V5.06 update 7 (build 960)
Hex Converter:   FromElf.exe V5.06 update 7 (build 960)
CPU DLL:         SARMCM3.DLL V5.38.0.0
Dialog DLL:      DCM.DLL V1.17.5.0
Target DLL:      STLink\ST-LINKIII-KEIL_SWO.dll V3.1.0.0
Dialog DLL:      TCM.DLL V1.56.4.0
 
<h2>Project:</h2>
c:\Users\fu\Desktop\Code\CodeV1.1\R9_407_V1.1\R9_407_V1.1\R9_407_V1.1\Projects\MDK-ARM\R9V1.uvprojx
Project File Date:  05/31/2024

<h2>Output:</h2>
*** Using Compiler 'V5.06 update 7 (build 960)', folder: 'D:\Keil_v5\ARM\ARMCC\Bin'
Build target 'R9V1'
compiling btim.c...
compiling main.c...
compiling task.c...
compiling Hostmodbus.c...
compiling API_Schedule.c...
compiling moterdriver.c...
..\..\Drivers\BSP\R9\moterdriver.c(505): warning:  #1035-D: single-precision operand implicitly converted to double-precision
          T1_IN2 = 200 * (1.0 - acctemp);
..\..\Drivers\BSP\R9\moterdriver.c(507): warning:  #1035-D: single-precision operand implicitly converted to double-precision
          T2_IN2 = 200 * (1.0 - Kp * acctemp);
..\..\Drivers\BSP\R9\moterdriver.c(542): warning:  #1035-D: single-precision operand implicitly converted to double-precision
          T1_IN1 = 200 * (1.0 - acctemp);
..\..\Drivers\BSP\R9\moterdriver.c(544): warning:  #1035-D: single-precision operand implicitly converted to double-precision
          T2_IN1 = 200 * (1.0 - Kp * acctemp);
..\..\Drivers\BSP\R9\moterdriver.c(566): warning:  #1035-D: single-precision operand implicitly converted to double-precision
          T3_IN2 = 200 * (1.0 - acctemp);
..\..\Drivers\BSP\R9\moterdriver.c(589): warning:  #1035-D: single-precision operand implicitly converted to double-precision
          T3_IN1 = 200 * (1.0 - acctemp);
..\..\Drivers\BSP\R9\moterdriver.c(612): warning:  #1035-D: single-precision operand implicitly converted to double-precision
          T1_IN1 = 200 * (1.0 - acctemp);
..\..\Drivers\BSP\R9\moterdriver.c(637): warning:  #1035-D: single-precision operand implicitly converted to double-precision
          T1_IN2 = 200 * (1.0 - acctemp);
..\..\Drivers\BSP\R9\moterdriver.c(664): warning:  #1035-D: single-precision operand implicitly converted to double-precision
          T4_IN2 = 100 * (1.0 - acctemp);
..\..\Drivers\BSP\R9\moterdriver.c(666): warning:  #1035-D: single-precision operand implicitly converted to double-precision
          T5_IN2 = 100 * (1.0 - acctemp);
..\..\Drivers\BSP\R9\moterdriver.c(699): warning:  #1035-D: single-precision operand implicitly converted to double-precision
          T4_IN1 = 100 * (1.0 - acctemp);
..\..\Drivers\BSP\R9\moterdriver.c(701): warning:  #1035-D: single-precision operand implicitly converted to double-precision
          T5_IN1 = 100 * (1.0 - acctemp);
..\..\Drivers\BSP\R9\moterdriver.c(738): warning:  #1035-D: single-precision operand implicitly converted to double-precision
              T4_IN1 = 100 * (1.0 - acctemp);
..\..\Drivers\BSP\R9\moterdriver.c(763): warning:  #1035-D: single-precision operand implicitly converted to double-precision
          T3_IN2 = 100 * (1.0 - acctemp);
..\..\Drivers\BSP\R9\moterdriver.c(781): warning:  #1035-D: single-precision operand implicitly converted to double-precision
          T2_IN2 = 200 * (1.0 - acctemp);
..\..\Drivers\BSP\R9\moterdriver.c(803): warning:  #1035-D: single-precision operand implicitly converted to double-precision
          T2_IN1 = 200 * (1.0 - acctemp);
..\..\Drivers\BSP\R9\moterdriver.c(815): warning:  #1-D: last line of file ends without a newline
  }
..\..\Drivers\BSP\R9\moterdriver.c: 17 warnings, 0 errors
linking...
Program Size: Code=45724 RO-data=5428 RW-data=712 ZI-data=13888  
FromELF: creating hex file...
"..\..\Output\atk_f407.axf" - 0 Error(s), 17 Warning(s).

<h2>Software Packages used:</h2>

Package Vendor: Keil
                https://www.keil.com/pack/Keil.STM32F4xx_DFP.2.17.1.pack
                Keil.STM32F4xx_DFP.2.17.1
                STMicroelectronics STM32F4 Series Device Support, Drivers and Examples

<h2>Collection of Component include folders:</h2>
  C:/Users/fu/AppData/Local/Arm/Packs/Keil/STM32F4xx_DFP/2.17.1/Drivers/CMSIS/Device/ST/STM32F4xx/Include

<h2>Collection of Component Files used:</h2>
Build Time Elapsed:  00:00:04
</pre>
</body>
</html>
