Component: ARM Compiler 5.06 update 7 (build 960) Tool: armlink [4d3601]

==============================================================================

Section Cross References

    startup_stm32f407xx.o(RESET) refers to startup_stm32f407xx.o(STACK) for __initial_sp
    startup_stm32f407xx.o(RESET) refers to startup_stm32f407xx.o(.text) for Reset_Handler
    startup_stm32f407xx.o(RESET) refers to stm32f4xx_it.o(i.NMI_Handler) for NMI_Handler
    startup_stm32f407xx.o(RESET) refers to stm32f4xx_it.o(i.HardFault_Handler) for HardFault_Handler
    startup_stm32f407xx.o(RESET) refers to stm32f4xx_it.o(i.MemManage_Handler) for MemManage_Handler
    startup_stm32f407xx.o(RESET) refers to stm32f4xx_it.o(i.BusFault_Handler) for BusFault_Handler
    startup_stm32f407xx.o(RESET) refers to stm32f4xx_it.o(i.UsageFault_Handler) for UsageFault_Handler
    startup_stm32f407xx.o(RESET) refers to stm32f4xx_it.o(i.SVC_Handler) for SVC_Handler
    startup_stm32f407xx.o(RESET) refers to stm32f4xx_it.o(i.DebugMon_Handler) for DebugMon_Handler
    startup_stm32f407xx.o(RESET) refers to stm32f4xx_it.o(i.PendSV_Handler) for PendSV_Handler
    startup_stm32f407xx.o(RESET) refers to stm32f4xx_it.o(i.SysTick_Handler) for SysTick_Handler
    startup_stm32f407xx.o(RESET) refers to usart.o(i.USART1_IRQHandler) for USART1_IRQHandler
    startup_stm32f407xx.o(RESET) refers to hostdap21.o(i.USART2_IRQHandler) for USART2_IRQHandler
    startup_stm32f407xx.o(RESET) refers to hostmodbus.o(i.UART5_IRQHandler) for UART5_IRQHandler
    startup_stm32f407xx.o(RESET) refers to btim.o(i.TIM6_DAC_IRQHandler) for TIM6_DAC_IRQHandler
    startup_stm32f407xx.o(RESET) refers to adc.o(i.DMA2_Stream1_IRQHandler) for DMA2_Stream1_IRQHandler
    startup_stm32f407xx.o(RESET) refers to adc.o(i.DMA2_Stream4_IRQHandler) for DMA2_Stream4_IRQHandler
    startup_stm32f407xx.o(RESET) refers to slavemodbus.o(i.USART6_IRQHandler) for USART6_IRQHandler
    startup_stm32f407xx.o(.text) refers to system_stm32f4xx.o(i.SystemInit) for SystemInit
    startup_stm32f407xx.o(.text) refers to entry.o(.ARM.Collect$$$$00000000) for __main
    main.o(i.main) refers to api_schedule.o(i.PeachOSRun) for PeachOSRun
    stm32f4xx_it.o(i.SysTick_Handler) refers to stm32f4xx_hal.o(i.HAL_IncTick) for HAL_IncTick
    system_stm32f4xx.o(i.SystemCoreClockUpdate) refers to system_stm32f4xx.o(.data) for .data
    system_stm32f4xx.o(i.SystemCoreClockUpdate) refers to system_stm32f4xx.o(.constdata) for .constdata
    delay.o(i.HAL_Delay) refers to delay.o(i.delay_ms) for delay_ms
    delay.o(i.delay_init) refers to delay.o(.data) for .data
    delay.o(i.delay_ms) refers to delay.o(i.delay_us) for delay_us
    delay.o(i.delay_us) refers to delay.o(.data) for .data
    sys.o(i.sys_stm32_clock_init) refers to memseta.o(.text) for __aeabi_memclr4
    sys.o(i.sys_stm32_clock_init) refers to stm32f4xx_hal_rcc.o(i.HAL_RCC_OscConfig) for HAL_RCC_OscConfig
    sys.o(i.sys_stm32_clock_init) refers to stm32f4xx_hal_rcc.o(i.HAL_RCC_ClockConfig) for HAL_RCC_ClockConfig
    sys.o(i.sys_stm32_clock_init) refers to stm32f4xx_hal.o(i.HAL_GetREVID) for HAL_GetREVID
    usart.o(i.HAL_UART_MspInit) refers to stm32f4xx_hal_gpio.o(i.HAL_GPIO_Init) for HAL_GPIO_Init
    usart.o(i.HAL_UART_MspInit) refers to stm32f4xx_hal_cortex.o(i.HAL_NVIC_EnableIRQ) for HAL_NVIC_EnableIRQ
    usart.o(i.HAL_UART_MspInit) refers to stm32f4xx_hal_cortex.o(i.HAL_NVIC_SetPriority) for HAL_NVIC_SetPriority
    usart.o(i.HAL_UART_RxCpltCallback) refers to stm32f4xx_hal_uart.o(i.HAL_UART_Receive_IT) for HAL_UART_Receive_IT
    usart.o(i.HAL_UART_RxCpltCallback) refers to usart.o(.data) for .data
    usart.o(i.HAL_UART_RxCpltCallback) refers to usart.o(.bss) for .bss
    usart.o(i.USART1_IRQHandler) refers to stm32f4xx_hal_uart.o(i.HAL_UART_IRQHandler) for HAL_UART_IRQHandler
    usart.o(i.USART1_IRQHandler) refers to usart.o(.bss) for .bss
    usart.o(i.usart_init) refers to stm32f4xx_hal_uart.o(i.HAL_UART_Init) for HAL_UART_Init
    usart.o(i.usart_init) refers to stm32f4xx_hal_uart.o(i.HAL_UART_Receive_IT) for HAL_UART_Receive_IT
    usart.o(i.usart_init) refers to usart.o(.bss) for .bss
    usart.o(i.usart_init) refers to usart.o(.data) for .data
    key.o(i.key_init) refers to stm32f4xx_hal_gpio.o(i.HAL_GPIO_Init) for HAL_GPIO_Init
    key.o(i.key_scan1) refers to stm32f4xx_hal_gpio.o(i.HAL_GPIO_ReadPin) for HAL_GPIO_ReadPin
    key.o(i.key_scan1) refers to delay.o(i.delay_ms) for delay_ms
    key.o(i.key_scan2) refers to stm32f4xx_hal_gpio.o(i.HAL_GPIO_ReadPin) for HAL_GPIO_ReadPin
    key.o(i.key_scan2) refers to delay.o(i.delay_ms) for delay_ms
    key.o(i.key_scan3) refers to stm32f4xx_hal_gpio.o(i.HAL_GPIO_ReadPin) for HAL_GPIO_ReadPin
    key.o(i.key_scan3) refers to delay.o(i.delay_ms) for delay_ms
    key.o(i.key_scan4) refers to stm32f4xx_hal_gpio.o(i.HAL_GPIO_ReadPin) for HAL_GPIO_ReadPin
    key.o(i.key_scan4) refers to delay.o(i.delay_ms) for delay_ms
[...]
    EXTI4_IRQHandler                         0x080001bb   Thumb Code     0  startup_stm32f407xx.o(.text)
    EXTI9_5_IRQHandler                       0x080001bb   Thumb Code     0  startup_stm32f407xx.o(.text)
    FLASH_IRQHandler                         0x080001bb   Thumb Code     0  startup_stm32f407xx.o(.text)
    FMC_IRQHandler                           0x080001bb   Thumb Code     0  startup_stm32f407xx.o(.text)
    FPU_IRQHandler                           0x080001bb   Thumb Code     0  startup_stm32f407xx.o(.text)
    HASH_RNG_IRQHandler                      0x080001bb   Thumb Code     0  startup_stm32f407xx.o(.text)
    I2C1_ER_IRQHandler                       0x080001bb   Thumb Code     0  startup_stm32f407xx.o(.text)
    I2C1_EV_IRQHandler                       0x080001bb   Thumb Code     0  startup_stm32f407xx.o(.text)
    I2C2_ER_IRQHandler                       0x080001bb   Thumb Code     0  startup_stm32f407xx.o(.text)
    I2C2_EV_IRQHandler                       0x080001bb   Thumb Code     0  startup_stm32f407xx.o(.text)
    I2C3_ER_IRQHandler                       0x080001bb   Thumb Code     0  startup_stm32f407xx.o(.text)
    I2C3_EV_IRQHandler                       0x080001bb   Thumb Code     0  startup_stm32f407xx.o(.text)
    OTG_FS_IRQHandler                        0x080001bb   Thumb Code     0  startup_stm32f407xx.o(.text)
    OTG_FS_WKUP_IRQHandler                   0x080001bb   Thumb Code     0  startup_stm32f407xx.o(.text)
    OTG_HS_EP1_IN_IRQHandler                 0x080001bb   Thumb Code     0  startup_stm32f407xx.o(.text)
    OTG_HS_EP1_OUT_IRQHandler                0x080001bb   Thumb Code     0  startup_stm32f407xx.o(.text)
    OTG_HS_IRQHandler                        0x080001bb   Thumb Code     0  startup_stm32f407xx.o(.text)
    OTG_HS_WKUP_IRQHandler                   0x080001bb   Thumb Code     0  startup_stm32f407xx.o(.text)
    PVD_IRQHandler                           0x080001bb   Thumb Code     0  startup_stm32f407xx.o(.text)
    RCC_IRQHandler                           0x080001bb   Thumb Code     0  startup_stm32f407xx.o(.text)
    RTC_Alarm_IRQHandler                     0x080001bb   Thumb Code     0  startup_stm32f407xx.o(.text)
    RTC_WKUP_IRQHandler                      0x080001bb   Thumb Code     0  startup_stm32f407xx.o(.text)
    SDIO_IRQHandler                          0x080001bb   Thumb Code     0  startup_stm32f407xx.o(.text)
    SPI1_IRQHandler                          0x080001bb   Thumb Code     0  startup_stm32f407xx.o(.text)
    SPI2_IRQHandler                          0x080001bb   Thumb Code     0  startup_stm32f407xx.o(.text)
    SPI3_IRQHandler                          0x080001bb   Thumb Code     0  startup_stm32f407xx.o(.text)
    TAMP_STAMP_IRQHandler                    0x080001bb   Thumb Code     0  startup_stm32f407xx.o(.text)
    TIM1_BRK_TIM9_IRQHandler                 0x080001bb   Thumb Code     0  startup_stm32f407xx.o(.text)
    TIM1_CC_IRQHandler                       0x080001bb   Thumb Code     0  startup_stm32f407xx.o(.text)
    TIM1_TRG_COM_TIM11_IRQHandler            0x080001bb   Thumb Code     0  startup_stm32f407xx.o(.text)
    TIM1_UP_TIM10_IRQHandler                 0x080001bb   Thumb Code     0  startup_stm32f407xx.o(.text)
    TIM2_IRQHandler                          0x080001bb   Thumb Code     0  startup_stm32f407xx.o(.text)
    TIM3_IRQHandler                          0x080001bb   Thumb Code     0  startup_stm32f407xx.o(.text)
    TIM4_IRQHandler                          0x080001bb   Thumb Code     0  startup_stm32f407xx.o(.text)
    TIM5_IRQHandler                          0x080001bb   Thumb Code     0  startup_stm32f407xx.o(.text)
    TIM7_IRQHandler                          0x080001bb   Thumb Code     0  startup_stm32f407xx.o(.text)
    TIM8_BRK_TIM12_IRQHandler                0x080001bb   Thumb Code     0  startup_stm32f407xx.o(.text)
    TIM8_CC_IRQHandler                       0x080001bb   Thumb Code     0  startup_stm32f407xx.o(.text)
    TIM8_TRG_COM_TIM14_IRQHandler            0x080001bb   Thumb Code     0  startup_stm32f407xx.o(.text)
    TIM8_UP_TIM13_IRQHandler                 0x080001bb   Thumb Code     0  startup_stm32f407xx.o(.text)
    UART4_IRQHandler                         0x080001bb   Thumb Code     0  startup_stm32f407xx.o(.text)
    USART3_IRQHandler                        0x080001bb   Thumb Code     0  startup_stm32f407xx.o(.text)
    WWDG_IRQHandler                          0x080001bb   Thumb Code     0  startup_stm32f407xx.o(.text)
    __aeabi_uldivmod                         0x080001c5   Thumb Code    98  uldiv.o(.text)
    __aeabi_ldivmod                          0x08000227   Thumb Code    98  ldiv.o(.text)
    __aeabi_memset                           0x08000289   Thumb Code    14  memseta.o(.text)
    __aeabi_memset4                          0x08000289   Thumb Code     0  memseta.o(.text)
    __aeabi_memset8                          0x08000289   Thumb Code     0  memseta.o(.text)
    __aeabi_memclr                           0x08000297   Thumb Code     4  memseta.o(.text)
    __aeabi_memclr4                          0x08000297   Thumb Code     0  memseta.o(.text)
    __aeabi_memclr8                          0x08000297   Thumb Code     0  memseta.o(.text)
    _memset$wrapper                          0x0800029b   Thumb Code    18  memseta.o(.text)
    memcmp                                   0x080002ad   Thumb Code    26  memcmp.o(.text)
    __aeabi_dadd                             0x080002c7   Thumb Code   322  dadd.o(.text)
    __aeabi_dsub                             0x08000409   Thumb Code     6  dadd.o(.text)
    __aeabi_drsub                            0x0800040f   Thumb Code     6  dadd.o(.text)
    __aeabi_dmul                             0x08000415   Thumb Code   228  dmul.o(.text)
    __aeabi_ddiv                             0x080004f9   Thumb Code   222  ddiv.o(.text)
    __aeabi_i2d                              0x080005d7   Thumb Code    34  dflti.o(.text)
    __aeabi_d2iz                             0x080005f9   Thumb Code    62  dfixi.o(.text)
    __aeabi_d2uiz                            0x08000637   Thumb Code    50  dfixui.o(.text)
    __aeabi_f2d                              0x08000669   Thumb Code    38  f2d.o(.text)
    __aeabi_cdcmpeq                          0x08000691   Thumb Code     0  cdcmple.o(.text)
    __aeabi_cdcmple                          0x08000691   Thumb Code    48  cdcmple.o(.text)
    __aeabi_cdrcmple                         0x080006c1   Thumb Code    48  cdrcmple.o(.text)
    __aeabi_d2f                              0x080006f1   Thumb Code    56  d2f.o(.text)
    __aeabi_llsl                             0x08000729   Thumb Code    30  llshl.o(.text)
    _ll_shift_l                              0x08000729   Thumb Code     0  llshl.o(.text)
    __aeabi_llsr                             0x08000747   Thumb Code    32  llushr.o(.text)
    _ll_ushift_r                             0x08000747   Thumb Code     0  llushr.o(.text)
    __aeabi_lasr                             0x08000767   Thumb Code    36  llsshr.o(.text)
    _ll_sshift_r                             0x08000767   Thumb Code     0  llsshr.o(.text)
    __I$use$fp                               0x0800078b   Thumb Code     0  iusefp.o(.text)
    _float_round                             0x0800078b   Thumb Code    18  fepilogue.o(.text)
    _float_epilogue                          0x0800079d   Thumb Code    92  fepilogue.o(.text)
    _double_round                            0x080007f9   Thumb Code    30  depilogue.o(.text)
    _double_epilogue                         0x08000817   Thumb Code   156  depilogue.o(.text)
    __ARM_scalbn                             0x080008b3   Thumb Code    46  dscalb.o(.text)
    scalbn                                   0x080008b3   Thumb Code     0  dscalb.o(.text)
    _dsqrt                                   0x080008e1   Thumb Code   162  dsqrt.o(.text)
    __scatterload                            0x08000985   Thumb Code    28  init.o(.text)
    __scatterload_rt2                        0x08000985   Thumb Code     0  init.o(.text)
    __aeabi_ui2d                             0x080009a9   Thumb Code    26  dfltui.o(.text)
    __decompress                             0x080009c3   Thumb Code     0  __dczerorl2.o(.text)
    __decompress1                            0x080009c3   Thumb Code    86  __dczerorl2.o(.text)
    BusFault_Handler                         0x08000bd9   Thumb Code     2  stm32f4xx_it.o(i.BusFault_Handler)
    DMA2_Stream1_IRQHandler                  0x08000ccd   Thumb Code    28  adc.o(i.DMA2_Stream1_IRQHandler)
    DMA2_Stream4_IRQHandler                  0x08000cf1   Thumb Code    28  adc.o(i.DMA2_Stream4_IRQHandler)
    Datareset                                0x08000de5   Thumb Code    42  getadcdata.o(i.Datareset)
    DebugMon_Handler                         0x08000e15   Thumb Code     2  stm32f4xx_it.o(i.DebugMon_Handler)
    GetADC_AllData                           0x08000e17   Thumb Code     4  task.o(i.GetADC_AllData)
    HAL_ADC_ConfigChannel                    0x08000e1d   Thumb Code   326  stm32f4xx_hal_adc.o(i.HAL_ADC_ConfigChannel)
    HAL_ADC_ConvCpltCallback                 0x08000f75   Thumb Code     2  stm32f4xx_hal_adc.o(i.HAL_ADC_ConvCpltCallback)
    HAL_ADC_ConvHalfCpltCallback             0x08000f77   Thumb Code     2  stm32f4xx_hal_adc.o(i.HAL_ADC_ConvHalfCpltCallback)
    HAL_ADC_ErrorCallback                    0x08000f79   Thumb Code     2  stm32f4xx_hal_adc.o(i.HAL_ADC_ErrorCallback)
    HAL_ADC_Init                             0x08000f7b   Thumb Code    84  stm32f4xx_hal_adc.o(i.HAL_ADC_Init)
    HAL_ADC_MspInit                          0x08000fcf   Thumb Code     2  stm32f4xx_hal_adc.o(i.HAL_ADC_MspInit)
    HAL_ADC_Start_DMA                        0x08000fd1   Thumb Code   328  stm32f4xx_hal_adc.o(i.HAL_ADC_Start_DMA)
    HAL_DMA_Abort                            0x0800113d   Thumb Code   142  stm32f4xx_hal_dma.o(i.HAL_DMA_Abort)
    HAL_DMA_Abort_IT                         0x080011cb   Thumb Code    36  stm32f4xx_hal_dma.o(i.HAL_DMA_Abort_IT)
    HAL_DMA_Init                             0x080011f1   Thumb Code   208  stm32f4xx_hal_dma.o(i.HAL_DMA_Init)
    HAL_DMA_Start                            0x080012c5   Thumb Code    70  stm32f4xx_hal_dma.o(i.HAL_DMA_Start)
    HAL_DMA_Start_IT                         0x0800130b   Thumb Code   110  stm32f4xx_hal_dma.o(i.HAL_DMA_Start_IT)
    HAL_GPIO_Init                            0x08001379   Thumb Code   418  stm32f4xx_hal_gpio.o(i.HAL_GPIO_Init)
    HAL_GPIO_ReadPin                         0x08001549   Thumb Code    14  stm32f4xx_hal_gpio.o(i.HAL_GPIO_ReadPin)
    HAL_GPIO_TogglePin                       0x08001557   Thumb Code    16  stm32f4xx_hal_gpio.o(i.HAL_GPIO_TogglePin)
    HAL_GPIO_WritePin                        0x08001567   Thumb Code    14  stm32f4xx_hal_gpio.o(i.HAL_GPIO_WritePin)
    HAL_GetREVID                             0x08001575   Thumb Code     8  stm32f4xx_hal.o(i.HAL_GetREVID)
    HAL_GetTick                              0x08001581   Thumb Code     6  stm32f4xx_hal.o(i.HAL_GetTick)
    HAL_IWDG_Init                            0x0800158d   Thumb Code    90  stm32f4xx_hal_iwdg.o(i.HAL_IWDG_Init)
    HAL_IWDG_Refresh                         0x080015e7   Thumb Code    12  stm32f4xx_hal_iwdg.o(i.HAL_IWDG_Refresh)
    HAL_IncTick                              0x080015f5   Thumb Code    12  stm32f4xx_hal.o(i.HAL_IncTick)
    HAL_Init                                 0x08001605   Thumb Code    40  stm32f4xx_hal.o(i.HAL_Init)
    HAL_InitTick                             0x08001631   Thumb Code    58  stm32f4xx_hal.o(i.HAL_InitTick)
    HAL_MspInit                              0x08001675   Thumb Code     2  stm32f4xx_hal_msp_template.o(i.HAL_MspInit)
    HAL_NVIC_EnableIRQ                       0x08001677   Thumb Code    26  stm32f4xx_hal_cortex.o(i.HAL_NVIC_EnableIRQ)
    HAL_NVIC_SetPriority                     0x08001691   Thumb Code    60  stm32f4xx_hal_cortex.o(i.HAL_NVIC_SetPriority)
    HAL_NVIC_SetPriorityGrouping             0x080016d1   Thumb Code    26  stm32f4xx_hal_cortex.o(i.HAL_NVIC_SetPriorityGrouping)
    HAL_RCC_ClockConfig                      0x080016f5   Thumb Code   310  stm32f4xx_hal_rcc.o(i.HAL_RCC_ClockConfig)
    HAL_RCC_GetHCLKFreq                      0x08001841   Thumb Code     6  stm32f4xx_hal_rcc.o(i.HAL_RCC_GetHCLKFreq)
    HAL_RCC_GetPCLK1Freq                     0x0800184d   Thumb Code    22  stm32f4xx_hal_rcc.o(i.HAL_RCC_GetPCLK1Freq)
    HAL_RCC_GetPCLK2Freq                     0x0800186d   Thumb Code    22  stm32f4xx_hal_rcc.o(i.HAL_RCC_GetPCLK2Freq)
    HAL_RCC_GetSysClockFreq                  0x0800188d   Thumb Code    94  stm32f4xx_hal_rcc.o(i.HAL_RCC_GetSysClockFreq)
    HAL_RCC_OscConfig                        0x080018f5   Thumb Code   942  stm32f4xx_hal_rcc.o(i.HAL_RCC_OscConfig)
    HAL_SYSTICK_Config                       0x08001cb5   Thumb Code    40  stm32f4xx_hal_cortex.o(i.HAL_SYSTICK_Config)
    HAL_TIMEx_BreakCallback                  0x08001cdd   Thumb Code     2  stm32f4xx_hal_tim_ex.o(i.HAL_TIMEx_BreakCallback)
    HAL_TIMEx_CommutCallback                 0x08001cdf   Thumb Code     2  stm32f4xx_hal_tim_ex.o(i.HAL_TIMEx_CommutCallback)
    HAL_TIM_Base_Init                        0x08001ce1   Thumb Code    74  stm32f4xx_hal_tim.o(i.HAL_TIM_Base_Init)
    HAL_TIM_Base_MspInit                     0x08001d2d   Thumb Code    50  btim.o(i.HAL_TIM_Base_MspInit)
    HAL_TIM_Base_Start_IT                    0x08001d69   Thumb Code   110  stm32f4xx_hal_tim.o(i.HAL_TIM_Base_Start_IT)
    HAL_TIM_IC_CaptureCallback               0x08001df5   Thumb Code     2  stm32f4xx_hal_tim.o(i.HAL_TIM_IC_CaptureCallback)
    HAL_TIM_IRQHandler                       0x08001df7   Thumb Code   366  stm32f4xx_hal_tim.o(i.HAL_TIM_IRQHandler)
    HAL_TIM_OC_DelayElapsedCallback          0x08001f65   Thumb Code     2  stm32f4xx_hal_tim.o(i.HAL_TIM_OC_DelayElapsedCallback)
    HAL_TIM_PWM_ConfigChannel                0x08001f67   Thumb Code   210  stm32f4xx_hal_tim.o(i.HAL_TIM_PWM_ConfigChannel)
    HAL_TIM_PWM_Init                         0x08002039   Thumb Code    74  stm32f4xx_hal_tim.o(i.HAL_TIM_PWM_Init)
    HAL_TIM_PWM_MspInit                      0x08002085   Thumb Code   452  moterdriver.o(i.HAL_TIM_PWM_MspInit)
    HAL_TIM_PWM_PulseFinishedCallback        0x08002279   Thumb Code     2  stm32f4xx_hal_tim.o(i.HAL_TIM_PWM_PulseFinishedCallback)
    HAL_TIM_PWM_Start                        0x0800227d   Thumb Code   190  stm32f4xx_hal_tim.o(i.HAL_TIM_PWM_Start)
    HAL_TIM_PeriodElapsedCallback            0x08002359   Thumb Code   152  btim.o(i.HAL_TIM_PeriodElapsedCallback)
    HAL_TIM_TriggerCallback                  0x08002401   Thumb Code     2  stm32f4xx_hal_tim.o(i.HAL_TIM_TriggerCallback)
    HAL_UARTEx_RxEventCallback               0x08002403   Thumb Code     2  stm32f4xx_hal_uart.o(i.HAL_UARTEx_RxEventCallback)
    HAL_UART_ErrorCallback                   0x08002405   Thumb Code     2  stm32f4xx_hal_uart.o(i.HAL_UART_ErrorCallback)
    HAL_UART_IRQHandler                      0x08002409   Thumb Code   458  stm32f4xx_hal_uart.o(i.HAL_UART_IRQHandler)
    HAL_UART_Init                            0x080025d9   Thumb Code   100  stm32f4xx_hal_uart.o(i.HAL_UART_Init)
    HAL_UART_MspInit                         0x0800263d   Thumb Code   128  usart.o(i.HAL_UART_MspInit)
    HAL_UART_Receive                         0x080026c9   Thumb Code   202  stm32f4xx_hal_uart.o(i.HAL_UART_Receive)
    HAL_UART_Receive_IT                      0x08002793   Thumb Code    46  stm32f4xx_hal_uart.o(i.HAL_UART_Receive_IT)
    HAL_UART_RxCpltCallback                  0x080027c1   Thumb Code    96  usart.o(i.HAL_UART_RxCpltCallback)
    HAL_UART_Transmit                        0x0800282d   Thumb Code   190  stm32f4xx_hal_uart.o(i.HAL_UART_Transmit)
    HAL_UART_TxCpltCallback                  0x080028eb   Thumb Code     2  stm32f4xx_hal_uart.o(i.HAL_UART_TxCpltCallback)
    HOST_ModbusRX                            0x080028ed   Thumb Code    78  hostmodbus.o(i.HOST_ModbusRX)
    HardFault_Handler                        0x08002941   Thumb Code     2  stm32f4xx_it.o(i.HardFault_Handler)
    Hard_devInit                             0x08002945   Thumb Code   120  task.o(i.Hard_devInit)
    Host_Func3                               0x080029cd   Thumb Code    46  hostmodbus.o(i.Host_Func3)
    Host_Func6                               0x08002a05   Thumb Code    28  hostmodbus.o(i.Host_Func6)
    Host_ModbusDap21UART2_init               0x08002a25   Thumb Code   220  hostdap21.o(i.Host_ModbusDap21UART2_init)
    Host_ModbusDap21_Init                    0x08002b15   Thumb Code    20  hostdap21.o(i.Host_ModbusDap21_Init)
    Host_ModbusKeyUART5_init                 0x08002b2d   Thumb Code   216  hostmodbus.o(i.Host_ModbusKeyUART5_init)
    Host_Modbuskey_CRC16                     0x08002c1d   Thumb Code    38  hostmodbus.o(i.Host_Modbuskey_CRC16)
    Host_Modbuskey_Init                      0x08002c49   Thumb Code    20  hostmodbus.o(i.Host_Modbuskey_Init)
    Host_Modbuskey_send_data                 0x08002c61   Thumb Code    46  hostmodbus.o(i.Host_Modbuskey_send_data)
    Host_Read03_slave                        0x08002c99   Thumb Code    88  hostmodbus.o(i.Host_Read03_slave)
    Host_write06_slave                       0x08002cf9   Thumb Code    88  hostmodbus.o(i.Host_write06_slave)
    IIC_Ack                                  0x08002d59   Thumb Code    48  myiic.o(i.IIC_Ack)
    IIC_Init                                 0x08002d91   Thumb Code    54  myiic.o(i.IIC_Init)
    IIC_NAck                                 0x08002dd5   Thumb Code    48  myiic.o(i.IIC_NAck)
    IIC_Read_Byte                            0x08002e0d   Thumb Code    96  myiic.o(i.IIC_Read_Byte)
    IIC_Send_Byte                            0x08002e75   Thumb Code    86  myiic.o(i.IIC_Send_Byte)
    IIC_Start                                0x08002ed5   Thumb Code    48  myiic.o(i.IIC_Start)
    IIC_Stop                                 0x08002f0d   Thumb Code    50  myiic.o(i.IIC_Stop)
    IIC_Wait_Ack                             0x08002f49   Thumb Code    74  myiic.o(i.IIC_Wait_Ack)
    LedFlash                                 0x08002f9d   Thumb Code    18  task.o(i.LedFlash)
    MPU_Init                                 0x08002fb5   Thumb Code   118  mpu6050.o(i.MPU_Init)
    MPU_Read_Byte                            0x0800302b   Thumb Code    58  mpu6050.o(i.MPU_Read_Byte)
    MPU_Read_Len                             0x08003065   Thumb Code   112  mpu6050.o(i.MPU_Read_Len)
    MPU_Set_Accel_Fsr                        0x080030d5   Thumb Code    10  mpu6050.o(i.MPU_Set_Accel_Fsr)
    MPU_Set_Gyro_Fsr                         0x080030df   Thumb Code    10  mpu6050.o(i.MPU_Set_Gyro_Fsr)
    MPU_Set_LPF                              0x080030e9   Thumb Code    48  mpu6050.o(i.MPU_Set_LPF)
    MPU_Set_Rate                             0x08003119   Thumb Code    44  mpu6050.o(i.MPU_Set_Rate)
    MPU_Write_Byte                           0x08003145   Thumb Code    68  mpu6050.o(i.MPU_Write_Byte)
    MPU_Write_Len                            0x08003189   Thumb Code    90  mpu6050.o(i.MPU_Write_Len)
    MemManage_Handler                        0x080031e3   Thumb Code     2  stm32f4xx_it.o(i.MemManage_Handler)
    ModbusSlaveExecute                       0x080031e5   Thumb Code     4  task.o(i.ModbusSlaveExecute)
    Modbuskeyread_execute                    0x080031e9   Thumb Code    96  task.o(i.Modbuskeyread_execute)
    Modbuskeywrite_execute                   0x08003275   Thumb Code    46  task.o(i.Modbuskeywrite_execute)
    MoterL_pwm_chy_init                      0x080032a9   Thumb Code    86  moterdriver.o(i.MoterL_pwm_chy_init)
    MoterLeg_pwm_chy_init                    0x08003309   Thumb Code   122  moterdriver.o(i.MoterLeg_pwm_chy_init)
    MoterLift_pwm_chy_init                   0x0800338d   Thumb Code    86  moterdriver.o(i.MoterLift_pwm_chy_init)
    MoterPedestal_Backboard_pwm_chy_init     0x080033ed   Thumb Code   122  moterdriver.o(i.MoterPedestal_Backboard_pwm_chy_init)
    MoterR_pwm_chy_init                      0x08003471   Thumb Code    86  moterdriver.o(i.MoterR_pwm_chy_init)
    MoterSupport_pwm_chy_init                0x080034d1   Thumb Code    86  moterdriver.o(i.MoterSupport_pwm_chy_init)
    MoterdriveInit                           0x08003531   Thumb Code    54  moterdriver.o(i.MoterdriveInit)
    NMI_Handler                              0x08003567   Thumb Code     2  stm32f4xx_it.o(i.NMI_Handler)
    OS_IT_RUN                                0x08003569   Thumb Code    64  api_schedule.o(i.OS_IT_RUN)
    PeachOSRun                               0x080035ad   Thumb Code    52  api_schedule.o(i.PeachOSRun)
    PendSV_Handler                           0x080035e5   Thumb Code     2  stm32f4xx_it.o(i.PendSV_Handler)
    SVC_Handler                              0x080035e7   Thumb Code     2  stm32f4xx_it.o(i.SVC_Handler)
    SlaveModbus_CRC16                        0x080035e9   Thumb Code    38  slavemodbus.o(i.SlaveModbus_CRC16)
    SlaveModbus_Event                        0x08003615   Thumb Code   108  slavemodbus.o(i.SlaveModbus_Event)
    SlaveModbus_Func16                       0x08003685   Thumb Code   152  slavemodbus.o(i.SlaveModbus_Func16)
    SlaveModbus_Func3                        0x08003729   Thumb Code   178  slavemodbus.o(i.SlaveModbus_Func3)
    SlaveModbus_Func6                        0x080037e9   Thumb Code   142  slavemodbus.o(i.SlaveModbus_Func6)
    SlaveModbus_Init                         0x08003885   Thumb Code    24  slavemodbus.o(i.SlaveModbus_Init)
    SlaveModbus_send_data                    0x080038a1   Thumb Code    46  slavemodbus.o(i.SlaveModbus_send_data)
    SlavemodbusUART6_init                    0x080038d9   Thumb Code   218  slavemodbus.o(i.SlavemodbusUART6_init)
    SysTick_Handler                          0x080039c5   Thumb Code     4  stm32f4xx_it.o(i.SysTick_Handler)
    SystemInit                               0x080039c9   Thumb Code    12  system_stm32f4xx.o(i.SystemInit)
    TIM6_DAC_IRQHandler                      0x080039d9   Thumb Code     6  btim.o(i.TIM6_DAC_IRQHandler)
    TIM_Base_SetConfig                       0x080039e5   Thumb Code   160  stm32f4xx_hal_tim.o(i.TIM_Base_SetConfig)
    TIM_CCxChannelCmd                        0x08003ab1   Thumb Code    26  stm32f4xx_hal_tim.o(i.TIM_CCxChannelCmd)
    TIM_OC2_SetConfig                        0x08003b35   Thumb Code   106  stm32f4xx_hal_tim.o(i.TIM_OC2_SetConfig)
    UART5_IRQHandler                         0x08003c6d   Thumb Code    76  hostmodbus.o(i.UART5_IRQHandler)
    UART_Start_Receive_IT                    0x08003edd   Thumb Code    54  stm32f4xx_hal_uart.o(i.UART_Start_Receive_IT)
    USART1_IRQHandler                        0x08003fd5   Thumb Code     6  usart.o(i.USART1_IRQHandler)
    USART2_IRQHandler                        0x08003fe1   Thumb Code    78  hostdap21.o(i.USART2_IRQHandler)
    USART6_IRQHandler                        0x08004035   Thumb Code    78  slavemodbus.o(i.USART6_IRQHandler)
    UnderpanDrive                            0x08004089   Thumb Code   284  task.o(i.UnderpanDrive)
    UsageFault_Handler                       0x080041d9   Thumb Code     2  stm32f4xx_it.o(i.UsageFault_Handler)
    Value_Resetzero                          0x080041db   Thumb Code    16  common.o(i.Value_Resetzero)
    Value_limit                              0x080041eb   Thumb Code    20  common.o(i.Value_limit)
    Value_limitf                             0x080041ff   Thumb Code    40  common.o(i.Value_limitf)
    __0printf$8                              0x08004229   Thumb Code    22  printf8.o(i.__0printf$8)
    __1printf$8                              0x08004229   Thumb Code     0  printf8.o(i.__0printf$8)
    __2printf                                0x08004229   Thumb Code     0  printf8.o(i.__0printf$8)
    __ARM_fpclassify                         0x08004249   Thumb Code    48  fpclassify.o(i.__ARM_fpclassify)
    __ARM_fpclassifyf                        0x08004279   Thumb Code    38  fpclassifyf.o(i.__ARM_fpclassifyf)
    __hardfp_asin                            0x080042c1   Thumb Code   770  asin.o(i.__hardfp_asin)
    __hardfp_atan                            0x08004621   Thumb Code   622  atan.o(i.__hardfp_atan)
    __hardfp_atan2                           0x080048f9   Thumb Code   448  atan2.o(i.__hardfp_atan2)
    __hardfp_expf                            0x08004af9   Thumb Code   426  expf.o(i.__hardfp_expf)
    __mathlib_expf                           0x08004af9   Thumb Code     0  expf.o(i.__hardfp_expf)
    __hardfp_fabs                            0x08004ce1   Thumb Code    20  fabs.o(i.__hardfp_fabs)
    __hardfp_pow                             0x08004cf9   Thumb Code  3072  pow.o(i.__hardfp_pow)
    __hardfp_sqrt                            0x08005949   Thumb Code   122  sqrt.o(i.__hardfp_sqrt)
    __hardfp_tan                             0x080059c9   Thumb Code   108  tan.o(i.__hardfp_tan)
    __ieee754_rem_pio2                       0x08005a49   Thumb Code   938  rred.o(i.__ieee754_rem_pio2)
    __kernel_poly                            0x08005e81   Thumb Code   248  poly.o(i.__kernel_poly)
    __kernel_tan                             0x08005f79   Thumb Code   764  tan_i.o(i.__kernel_tan)
    __mathlib_dbl_divzero                    0x080062c9   Thumb Code    28  dunder.o(i.__mathlib_dbl_divzero)
    __mathlib_dbl_infnan                     0x080062f9   Thumb Code    20  dunder.o(i.__mathlib_dbl_infnan)
    __mathlib_dbl_infnan2                    0x0800630d   Thumb Code    20  dunder.o(i.__mathlib_dbl_infnan2)
    __mathlib_dbl_invalid                    0x08006321   Thumb Code    24  dunder.o(i.__mathlib_dbl_invalid)
    __mathlib_dbl_overflow                   0x08006341   Thumb Code    24  dunder.o(i.__mathlib_dbl_overflow)
    __mathlib_dbl_underflow                  0x08006361   Thumb Code    24  dunder.o(i.__mathlib_dbl_underflow)
    __mathlib_flt_infnan                     0x08006381   Thumb Code     6  funder.o(i.__mathlib_flt_infnan)
    __mathlib_flt_overflow                   0x08006389   Thumb Code    10  funder.o(i.__mathlib_flt_overflow)
    __mathlib_flt_underflow                  0x08006399   Thumb Code    10  funder.o(i.__mathlib_flt_underflow)
    __scatterload_copy                       0x080063a9   Thumb Code    14  handlers.o(i.__scatterload_copy)
    __scatterload_null                       0x080063b7   Thumb Code     2  handlers.o(i.__scatterload_null)
    __scatterload_zeroinit                   0x080063b9   Thumb Code    14  handlers.o(i.__scatterload_zeroinit)
    __set_errno                              0x080063c9   Thumb Code     6  errno.o(i.__set_errno)
    adc1_nch_dma_enable                      0x080068c1   Thumb Code    64  adc.o(i.adc1_nch_dma_enable)
    adc1_nch_dma_gpio_init                   0x08006909   Thumb Code    78  adc.o(i.adc1_nch_dma_gpio_init)
    adc1_nch_dma_init                        0x08006965   Thumb Code   296  adc.o(i.adc1_nch_dma_init)
    adc3_nch_dma_enable                      0x08006aa1   Thumb Code    64  adc.o(i.adc3_nch_dma_enable)
    adc3_nch_dma_gpio_init                   0x08006ae9   Thumb Code    80  adc.o(i.adc3_nch_dma_gpio_init)
    adc3_nch_dma_init                        0x08006b45   Thumb Code   356  adc.o(i.adc3_nch_dma_init)
    adc_channel_set                          0x08006cbd   Thumb Code    16  adc.o(i.adc_channel_set)
    atan                                     0x08006ccd   Thumb Code    16  atan.o(i.atan)
    brake_init                               0x08006cdd   Thumb Code   100  brake.o(i.brake_init)
    btim_timx_int_init                       0x08006d49   Thumb Code    32  btim.o(i.btim_timx_int_init)
    currentproInit                           0x08006d71   Thumb Code    14  overcurrent_protection.o(i.currentproInit)
    dcurrentpro_init                         0x08006d81   Thumb Code   110  overcurrent_protection.o(i.dcurrentpro_init)
    delay_init                               0x08006e35   Thumb Code     6  delay.o(i.delay_init)
    delay_ms                                 0x08006e41   Thumb Code    10  delay.o(i.delay_ms)
    delay_us                                 0x08006e4d   Thumb Code    50  delay.o(i.delay_us)
    dmp_enable_6x_lp_quat                    0x08006e85   Thumb Code    60  inv_mpu_dmp_motion_driver.o(i.dmp_enable_6x_lp_quat)
    dmp_enable_feature                       0x08006ec1   Thumb Code   484  inv_mpu_dmp_motion_driver.o(i.dmp_enable_feature)
    dmp_enable_gyro_cal                      0x080070ad   Thumb Code    62  inv_mpu_dmp_motion_driver.o(i.dmp_enable_gyro_cal)
    dmp_enable_lp_quat                       0x08007105   Thumb Code    60  inv_mpu_dmp_motion_driver.o(i.dmp_enable_lp_quat)
    dmp_load_motion_driver_firmware          0x08007141   Thumb Code    16  inv_mpu_dmp_motion_driver.o(i.dmp_load_motion_driver_firmware)
    dmp_read_fifo                            0x08007155   Thumb Code   384  inv_mpu_dmp_motion_driver.o(i.dmp_read_fifo)
    dmp_set_accel_bias                       0x080072d9   Thumb Code   262  inv_mpu_dmp_motion_driver.o(i.dmp_set_accel_bias)
    dmp_set_fifo_rate                        0x080073e5   Thumb Code    96  inv_mpu_dmp_motion_driver.o(i.dmp_set_fifo_rate)
    dmp_set_gyro_bias                        0x08007455   Thumb Code   256  inv_mpu_dmp_motion_driver.o(i.dmp_set_gyro_bias)
    dmp_set_orientation                      0x0800755d   Thumb Code   260  inv_mpu_dmp_motion_driver.o(i.dmp_set_orientation)
    dmp_set_shake_reject_thresh              0x08007675   Thumb Code    48  inv_mpu_dmp_motion_driver.o(i.dmp_set_shake_reject_thresh)
    dmp_set_shake_reject_time                0x080076a5   Thumb Code    32  inv_mpu_dmp_motion_driver.o(i.dmp_set_shake_reject_time)
    dmp_set_shake_reject_timeout             0x080076c5   Thumb Code    32  inv_mpu_dmp_motion_driver.o(i.dmp_set_shake_reject_timeout)
    dmp_set_tap_axes                         0x080076e5   Thumb Code    56  inv_mpu_dmp_motion_driver.o(i.dmp_set_tap_axes)
    dmp_set_tap_count                        0x0800771d   Thumb Code    34  inv_mpu_dmp_motion_driver.o(i.dmp_set_tap_count)
    dmp_set_tap_thresh                       0x08007741   Thumb Code   376  inv_mpu_dmp_motion_driver.o(i.dmp_set_tap_thresh)
    dmp_set_tap_time                         0x080078dd   Thumb Code    32  inv_mpu_dmp_motion_driver.o(i.dmp_set_tap_time)
    dmp_set_tap_time_multi                   0x080078fd   Thumb Code    32  inv_mpu_dmp_motion_driver.o(i.dmp_set_tap_time_multi)
    fabs                                     0x0800791d   Thumb Code    24  fabs.o(i.fabs)
    filterValue                              0x08007935   Thumb Code    94  common.o(i.filterValue)
    fputc                                    0x080079a5   Thumb Code    14  usart.o(i.fputc)
    getadc1Data                              0x08007e49   Thumb Code   260  getadcdata.o(i.getadc1Data)
    getadc3Data                              0x08007f6d   Thumb Code   136  getadcdata.o(i.getadc3Data)
    getadcData                               0x08007ffd   Thumb Code    14  getadcdata.o(i.getadcData)
    getadcDataInit                           0x0800800d   Thumb Code    40  getadcdata.o(i.getadcDataInit)
    gyroscopeData                            0x08008111   Thumb Code    10  task.o(i.gyroscopeData)
    initializeFilter                         0x08008121   Thumb Code    28  common.o(i.initializeFilter)
    inv_orientation_matrix_to_scalar         0x08008145   Thumb Code    36  inv_mpu.o(i.inv_orientation_matrix_to_scalar)
    inv_row_2_scale                          0x08008169   Thumb Code    72  inv_mpu.o(i.inv_row_2_scale)
    iwdg_feed                                0x080081b1   Thumb Code     6  wdg.o(i.iwdg_feed)
    iwdg_init                                0x080081bd   Thumb Code    16  wdg.o(i.iwdg_init)
    joysticData_calculate                    0x080081d5   Thumb Code   108  getadcdata.o(i.joysticData_calculate)
    joysticData_calculateInit                0x08008249   Thumb Code    16  getadcdata.o(i.joysticData_calculateInit)
    key_init                                 0x08008259   Thumb Code   124  key.o(i.key_init)
    key_scan1                                0x080082dd   Thumb Code    44  key.o(i.key_scan1)
    key_scan2                                0x0800830d   Thumb Code    56  key.o(i.key_scan2)
    key_scan3                                0x08008349   Thumb Code    56  key.o(i.key_scan3)
    key_scandouble                           0x08008385   Thumb Code    90  key.o(i.key_scandouble)
    keycmdbulb                               0x080083e5   Thumb Code    38  key.o(i.keycmdbulb)
    keycmdleftbulb                           0x08008411   Thumb Code    38  key.o(i.keycmdleftbulb)
    keycmdrightbulb                          0x0800843d   Thumb Code    38  key.o(i.keycmdrightbulb)
    led_beepControl                          0x08008469   Thumb Code  1196  led.o(i.led_beepControl)
    led_init                                 0x08008915   Thumb Code   352  led.o(i.led_init)
    linearactuator                           0x08008a8d   Thumb Code  3628  moterdriver.o(i.linearactuator)
    linearactuatorDrive                      0x080098b9   Thumb Code     4  task.o(i.linearactuatorDrive)
    linearactuatorTest                       0x080098bd   Thumb Code     4  moterdriver.o(i.linearactuatorTest)
    main                                     0x080098c1   Thumb Code    10  main.o(i.main)
    mget_ms                                  0x080098cb   Thumb Code     2  inv_mpu.o(i.mget_ms)
    mpu_configure_fifo                       0x080098cd   Thumb Code    90  inv_mpu.o(i.mpu_configure_fifo)
    mpu_dmp_get_data                         0x0800992d   Thumb Code   344  inv_mpu.o(i.mpu_dmp_get_data)
    mpu_dmp_init                             0x08009a91   Thumb Code   144  inv_mpu.o(i.mpu_dmp_init)
    mpu_get_accel_fsr                        0x08009b25   Thumb Code    62  inv_mpu.o(i.mpu_get_accel_fsr)
    mpu_get_accel_sens                       0x08009b69   Thumb Code    70  inv_mpu.o(i.mpu_get_accel_sens)
    mpu_get_fifo_config                      0x08009bb5   Thumb Code    10  inv_mpu.o(i.mpu_get_fifo_config)
    mpu_get_gyro_fsr                         0x08009bc5   Thumb Code    58  inv_mpu.o(i.mpu_get_gyro_fsr)
    mpu_get_gyro_sens                        0x08009c05   Thumb Code    68  inv_mpu.o(i.mpu_get_gyro_sens)
    mpu_get_lpf                              0x08009c5d   Thumb Code    64  inv_mpu.o(i.mpu_get_lpf)
    mpu_get_sample_rate                      0x08009ca1   Thumb Code    24  inv_mpu.o(i.mpu_get_sample_rate)
    mpu_init                                 0x08009cbd   Thumb Code   346  inv_mpu.o(i.mpu_init)
    mpu_load_firmware                        0x08009e69   Thumb Code   174  inv_mpu.o(i.mpu_load_firmware)
    mpu_lp_accel_mode                        0x08009f1d   Thumb Code   204  inv_mpu.o(i.mpu_lp_accel_mode)
    mpu_read_fifo_stream                     0x08009fed   Thumb Code   166  inv_mpu.o(i.mpu_read_fifo_stream)
    mpu_read_mem                             0x0800a099   Thumb Code   106  inv_mpu.o(i.mpu_read_mem)
    mpu_reset_fifo                           0x0800a109   Thumb Code   360  inv_mpu.o(i.mpu_reset_fifo)
    mpu_run_self_test                        0x0800a275   Thumb Code   244  inv_mpu.o(i.mpu_run_self_test)
    mpu_set_accel_fsr                        0x0800a36d   Thumb Code   110  inv_mpu.o(i.mpu_set_accel_fsr)
    mpu_set_bypass                           0x0800a3e1   Thumb Code   276  inv_mpu.o(i.mpu_set_bypass)
    mpu_set_dmp_state                        0x0800a4f9   Thumb Code   118  inv_mpu.o(i.mpu_set_dmp_state)
    mpu_set_gyro_fsr                         0x0800a575   Thumb Code   116  inv_mpu.o(i.mpu_set_gyro_fsr)
    mpu_set_int_latched                      0x0800a5ed   Thumb Code    92  inv_mpu.o(i.mpu_set_int_latched)
    mpu_set_lpf                              0x0800a64d   Thumb Code   118  inv_mpu.o(i.mpu_set_lpf)
    mpu_set_sample_rate                      0x0800a6c9   Thumb Code   126  inv_mpu.o(i.mpu_set_sample_rate)
    mpu_set_sensors                          0x0800a74d   Thumb Code   172  inv_mpu.o(i.mpu_set_sensors)
    mpu_write_mem                            0x0800a7fd   Thumb Code   106  inv_mpu.o(i.mpu_write_mem)
    run_self_test                            0x0800a86d   Thumb Code   136  inv_mpu.o(i.run_self_test)
    slopelimitx                              0x0800a969   Thumb Code    40  common.o(i.slopelimitx)
    slopelimity                              0x0800a995   Thumb Code    40  common.o(i.slopelimity)
    sqrt                                     0x0800a9c1   Thumb Code   110  sqrt.o(i.sqrt)
    sys_stm32_clock_init                     0x0800aa31   Thumb Code   172  sys.o(i.sys_stm32_clock_init)
    tcurrentpro_init                         0x0800aae9   Thumb Code    60  overcurrent_protection.o(i.tcurrentpro_init)
    usart_init                               0x0800ab2d   Thumb Code    44  usart.o(i.usart_init)
    velocity_maping                          0x0800ab65   Thumb Code  2190  wheelspeedmap.o(i.velocity_maping)
    AHBPrescTable                            0x0800b424   Data          16  system_stm32f4xx.o(.constdata)
    APBPrescTable                            0x0800b434   Data           8  system_stm32f4xx.o(.constdata)
    reg                                      0x0800b43c   Data          27  inv_mpu.o(.constdata)
    hw                                       0x0800b458   Data          12  inv_mpu.o(.constdata)
    test                                     0x0800b464   Data          40  inv_mpu.o(.constdata)
    auchCRCHi                                0x0800c082   Data         256  slavemodbus.o(.constdata)
    auchCRCLo                                0x0800c182   Data         256  slavemodbus.o(.constdata)
    Host_auchCRCHi                           0x0800c282   Data         256  hostmodbus.o(.constdata)
    Host_auchCRCLo                           0x0800c382   Data         256  hostmodbus.o(.constdata)
    __mathlib_zero                           0x0800c630   Data           8  qnan.o(.constdata)
    Region$$Table$$Base                      0x0800c7b0   Number         0  anon$$obj.o(Region$$Table)
    Region$$Table$$Limit                     0x0800c7d0   Number         0  anon$$obj.o(Region$$Table)
    SystemCoreClock                          0x20000000   Data           4  system_stm32f4xx.o(.data)
    g_rx_buffer                              0x20000008   Data           1  usart.o(.data)
    g_usart_rx_sta                           0x2000000a   Data           2  usart.o(.data)
    __stdout                                 0x2000000c   Data           4  usart.o(.data)
    doubleflingflage                         0x20000010   Data           1  led.o(.data)
    led_state                                0x20000015   Data           1  led.o(.data)
    lastled_state                            0x20000016   Data           1  led.o(.data)
    g_adc1_dma_sta                           0x20000017   Data           1  adc.o(.data)
    g_adc3_dma_sta                           0x20000018   Data           1  adc.o(.data)
    linerun_state                            0x2000001d   Data           1  moterdriver.o(.data)
    TaskCount                                0x2000002c   Data           1  api_schedule.o(.data)
    TaskST                                   0x20000030   Data          96  api_schedule.o(.data)
    pitch                                    0x20000090   Data           4  task.o(.data)
    roll                                     0x20000094   Data           4  task.o(.data)
    yaw                                      0x20000098   Data           4  task.o(.data)
    KeyStateRecive                           0x200000de   Data         400  hostmodbus.o(.data)
    drivestate                               0x20000270   Data           1  wheelspeedmap.o(.data)
    brakeflage                               0x20000272   Data           2  wheelspeedmap.o(.data)
    pCalCurve                                0x20000274   Data           8  wheelspeedmap.o(.data)
    uwTickFreq                               0x200002b8   Data           1  stm32f4xx_hal.o(.data)
    uwTickPrio                               0x200002bc   Data           4  stm32f4xx_hal.o(.data)
    uwTick                                   0x200002c0   Data           4  stm32f4xx_hal.o(.data)
    g_usart_rx_buf                           0x200002c8   Data         200  usart.o(.bss)
    g_uart1_handle                           0x20000390   Data          68  usart.o(.bss)
    g_adc1_nch_dma_handle                    0x200003d4   Data          72  adc.o(.bss)
    g_dma_nch_adc1_handle                    0x2000041c   Data          96  adc.o(.bss)
    g_adc3_nch_dma_handle                    0x2000047c   Data          72  adc.o(.bss)
    g_dma_nch_adc3_handle                    0x200004c4   Data          96  adc.o(.bss)
    g_time3_pwm_chy_handle                   0x20000524   Data          72  moterdriver.o(.bss)
    g_time9_pwm_chy_handle                   0x2000056c   Data          72  moterdriver.o(.bss)
    g_time1_pwm_chy_handle                   0x200005b4   Data          72  moterdriver.o(.bss)
    g_time8_pwm_chy_handle                   0x200005fc   Data          72  moterdriver.o(.bss)
    g_time4_pwm_chy_handle                   0x20000644   Data          72  moterdriver.o(.bss)
    g_time12_pwm_chy_handle                  0x2000068c   Data          72  moterdriver.o(.bss)
    ActorLimitPara                           0x200006d4   Data          24  moterdriver.o(.bss)
    g_timx_handler                           0x200006ec   Data          72  btim.o(.bss)
    velPlanIn1                               0x20000738   Data          32  task.o(.bss)
    filter_L                                 0x20000758   Data          88  common.o(.bss)
    filter_R                                 0x200007b0   Data          88  common.o(.bss)
    g_adc1_dma_buf                           0x20000808   Data         160  getadcdata.o(.bss)
    g_adc3_dma_buf                           0x200008a8   Data         240  getadcdata.o(.bss)
    adcdata                                  0x20000998   Data          88  getadcdata.o(.bss)
    iwdg_handler                             0x20000a00   Data          12  wdg.o(.bss)
    g_slaveReg                               0x20000a0c   Data       10000  slavemodbus.o(.bss)
    g_slavemodbus_handler                    0x2000311c   Data          68  slavemodbus.o(.bss)
    slavemodbus                              0x20003160   Data         205  slavemodbus.o(.bss)
    g_modbus_handler                         0x20003230   Data          68  hostmodbus.o(.bss)
    modbus                                   0x20003274   Data         218  hostmodbus.o(.bss)
    velocity_pout                            0x20003350   Data         128  wheelspeedmap.o(.bss)
    g_dap21modbus_handler                    0x200033d0   Data          68  hostdap21.o(.bss)
    dap21Data                                0x20003414   Data          16  hostdap21.o(.bss)
    modbus_dap21                             0x20003424   Data         224  hostdap21.o(.bss)
    __initial_sp                             0x20003908   Data           0  startup_stm32f407xx.o(STACK)



==============================================================================

Memory Map of the image

  Image Entry point : 0x08000189

  Load Region LR_IROM1 (Base: 0x08000000, Size: 0x0000ca98, Max: 0x00100000, ABSOLUTE, COMPRESSED[0x0000c830])

    Execution Region ER_IROM1 (Exec base: 0x08000000, Load base: 0x08000000, Size: 0x0000c7d0, Max: 0x00100000, ABSOLUTE)

    Exec Addr    Load Addr    Size         Type   Attr      Idx    E Section Name        Object

    0x08000000   0x08000000   0x00000188   Data   RO            3    RESET               startup_stm32f407xx.o
    0x08000188   0x08000188   0x00000000   Code   RO         8532  * .ARM.Collect$$$$00000000  mc_w.l(entry.o)
    0x08000188   0x08000188   0x00000004   Code   RO         8872    .ARM.Collect$$$$00000001  mc_w.l(entry2.o)
    0x0800018c   0x0800018c   0x00000004   Code   RO         8875    .ARM.Collect$$$$00000004  mc_w.l(entry5.o)
    0x08000190   0x08000190   0x00000000   Code   RO         8877    .ARM.Collect$$$$00000008  mc_w.l(entry7b.o)
    0x08000190   0x08000190   0x00000000   Code   RO         8879    .ARM.Collect$$$$0000000A  mc_w.l(entry8b.o)
    0x08000190   0x08000190   0x00000008   Code   RO         8880    .ARM.Collect$$$$0000000B  mc_w.l(entry9a.o)
    0x08000198   0x08000198   0x00000004   Code   RO         8887    .ARM.Collect$$$$0000000E  mc_w.l(entry12b.o)
    0x0800019c   0x0800019c   0x00000000   Code   RO         8882    .ARM.Collect$$$$0000000F  mc_w.l(entry10a.o)
    0x0800019c   0x0800019c   0x00000000   Code   RO         8884    .ARM.Collect$$$$00000011  mc_w.l(entry11a.o)
    0x0800019c   0x0800019c   0x00000004   Code   RO         8873    .ARM.Collect$$$$00002712  mc_w.l(entry2.o)
    0x080001a0   0x080001a0   0x00000024   Code   RO            4    .text               startup_stm32f407xx.o
    0x080001c4   0x080001c4   0x00000062   Code   RO         8535    .text               mc_w.l(uldiv.o)
    0x08000226   0x08000226   0x00000062   Code   RO         8537    .text               mc_w.l(ldiv.o)
    0x08000288   0x08000288   0x00000024   Code   RO         8539    .text               mc_w.l(memseta.o)
    0x080002ac   0x080002ac   0x0000001a   Code   RO         8541    .text               mc_w.l(memcmp.o)
    0x080002c6   0x080002c6   0x0000014e   Code   RO         8804    .text               mf_w.l(dadd.o)
    0x08000414   0x08000414   0x000000e4   Code   RO         8806    .text               mf_w.l(dmul.o)
    0x080004f8   0x080004f8   0x000000de   Code   RO         8808    .text               mf_w.l(ddiv.o)
    0x080005d6   0x080005d6   0x00000022   Code   RO         8812    .text               mf_w.l(dflti.o)
    0x080005f8   0x080005f8   0x0000003e   Code   RO         8814    .text               mf_w.l(dfixi.o)
    0x08000636   0x08000636   0x00000032   Code   RO         8816    .text               mf_w.l(dfixui.o)
    0x08000668   0x08000668   0x00000026   Code   RO         8818    .text               mf_w.l(f2d.o)
    0x0800068e   0x0800068e   0x00000002   PAD
    0x08000690   0x08000690   0x00000030   Code   RO         8820    .text               mf_w.l(cdcmple.o)
    0x080006c0   0x080006c0   0x00000030   Code   RO         8822    .text               mf_w.l(cdrcmple.o)
    0x080006f0   0x080006f0   0x00000038   Code   RO         8824    .text               mf_w.l(d2f.o)
    0x08000728   0x08000728   0x0000001e   Code   RO         8890    .text               mc_w.l(llshl.o)
    0x08000746   0x08000746   0x00000020   Code   RO         8892    .text               mc_w.l(llushr.o)
    0x08000766   0x08000766   0x00000024   Code   RO         8894    .text               mc_w.l(llsshr.o)
    0x0800078a   0x0800078a   0x00000000   Code   RO         8903    .text               mc_w.l(iusefp.o)
    0x0800078a   0x0800078a   0x0000006e   Code   RO         8904    .text               mf_w.l(fepilogue.o)
    0x080007f8   0x080007f8   0x000000ba   Code   RO         8906    .text               mf_w.l(depilogue.o)
    0x080008b2   0x080008b2   0x0000002e   Code   RO         8908    .text               mf_w.l(dscalb.o)
    0x080008e0   0x080008e0   0x000000a2   Code   RO         8910    .text               mf_w.l(dsqrt.o)
    0x08000982   0x08000982   0x00000002   PAD
    0x08000984   0x08000984   0x00000024   Code   RO         8916    .text               mc_w.l(init.o)
    0x080009a8   0x080009a8   0x0000001a   Code   RO         8918    .text               mf_w.l(dfltui.o)
    0x080009c2   0x080009c2   0x00000056   Code   RO         8928    .text               mc_w.l(__dczerorl2.o)
    0x08000a18   0x08000a18   0x0000006e   Code   RO         2610    i.ADC_DMAConvCplt   stm32f4xx_hal_adc.o
    0x08000a86   0x08000a86   0x00000016   Code   RO         2611    i.ADC_DMAError      stm32f4xx_hal_adc.o
    0x08000a9c   0x08000a9c   0x0000000a   Code   RO         2612    i.ADC_DMAHalfConvCplt  stm32f4xx_hal_adc.o
    0x08000aa6   0x08000aa6   0x00000002   PAD
    0x08000aa8   0x08000aa8   0x00000130   Code   RO         2613    i.ADC_Init          stm32f4xx_hal_adc.o
    0x08000bd8   0x08000bd8   0x00000002   Code   RO          318    i.BusFault_Handler  stm32f4xx_it.o
    0x08000bda   0x08000bda   0x000000a0   Code   RO         2252    i.CalCurveSPTA      wheelspeedmap.o
    0x08000c7a   0x08000c7a   0x00000052   Code   RO         2253    i.CalCurveTRAP      wheelspeedmap.o
    0x08000ccc   0x08000ccc   0x00000024   Code   RO          747    i.DMA2_Stream1_IRQHandler  adc.o
    0x08000cf0   0x08000cf0   0x00000024   Code   RO          748    i.DMA2_Stream4_IRQHandler  adc.o
    0x08000d14   0x08000d14   0x0000002c   Code   RO         3792    i.DMA_CalcBaseAndBitshift  stm32f4xx_hal_dma.o
    0x08000d40   0x08000d40   0x00000078   Code   RO         3793    i.DMA_CheckFifoParam  stm32f4xx_hal_dma.o
    0x08000db8   0x08000db8   0x0000002a   Code   RO         3794    i.DMA_SetConfig     stm32f4xx_hal_dma.o
    0x08000de2   0x08000de2   0x00000002   PAD
    0x08000de4   0x08000de4   0x00000030   Code   RO         1276    i.Datareset         getadcdata.o
    0x08000e14   0x08000e14   0x00000002   Code   RO          319    i.DebugMon_Handler  stm32f4xx_it.o
    0x08000e16   0x08000e16   0x00000004   Code   RO         1024    i.GetADC_AllData    task.o
    0x08000e1a   0x08000e1a   0x00000002   PAD
    0x08000e1c   0x08000e1c   0x00000158   Code   RO         2615    i.HAL_ADC_ConfigChannel  stm32f4xx_hal_adc.o
    0x08000f74   0x08000f74   0x00000002   Code   RO         2616    i.HAL_ADC_ConvCpltCallback  stm32f4xx_hal_adc.o
    0x08000f76   0x08000f76   0x00000002   Code   RO         2617    i.HAL_ADC_ConvHalfCpltCallback  stm32f4xx_hal_adc.o
    0x08000f78   0x08000f78   0x00000002   Code   RO         2619    i.HAL_ADC_ErrorCallback  stm32f4xx_hal_adc.o
    0x08000f7a   0x08000f7a   0x00000054   Code   RO         2624    i.HAL_ADC_Init      stm32f4xx_hal_adc.o
    0x08000fce   0x08000fce   0x00000002   Code   RO         2627    i.HAL_ADC_MspInit   stm32f4xx_hal_adc.o
    0x08000fd0   0x08000fd0   0x0000016c   Code   RO         2631    i.HAL_ADC_Start_DMA  stm32f4xx_hal_adc.o
    0x0800113c   0x0800113c   0x0000008e   Code   RO         3795    i.HAL_DMA_Abort     stm32f4xx_hal_dma.o
    0x080011ca   0x080011ca   0x00000024   Code   RO         3796    i.HAL_DMA_Abort_IT  stm32f4xx_hal_dma.o
    0x080011ee   0x080011ee   0x00000002   PAD
    0x080011f0   0x080011f0   0x000000d4   Code   RO         3801    i.HAL_DMA_Init      stm32f4xx_hal_dma.o
    0x080012c4   0x080012c4   0x00000046   Code   RO         3804    i.HAL_DMA_Start     stm32f4xx_hal_dma.o
    0x0800130a   0x0800130a   0x0000006e   Code   RO         3805    i.HAL_DMA_Start_IT  stm32f4xx_hal_dma.o
    0x08001378   0x08001378   0x000001d0   Code   RO         4381    i.HAL_GPIO_Init     stm32f4xx_hal_gpio.o
    0x08001548   0x08001548   0x0000000e   Code   RO         4383    i.HAL_GPIO_ReadPin  stm32f4xx_hal_gpio.o
    0x08001556   0x08001556   0x00000010   Code   RO         4384    i.HAL_GPIO_TogglePin  stm32f4xx_hal_gpio.o
    0x08001566   0x08001566   0x0000000e   Code   RO         4385    i.HAL_GPIO_WritePin  stm32f4xx_hal_gpio.o
    0x08001574   0x08001574   0x0000000c   Code   RO         2436    i.HAL_GetREVID      stm32f4xx_hal.o
    0x08001580   0x08001580   0x0000000c   Code   RO         2437    i.HAL_GetTick       stm32f4xx_hal.o
    0x0800158c   0x0800158c   0x0000005a   Code   RO         5536    i.HAL_IWDG_Init     stm32f4xx_hal_iwdg.o
    0x080015e6   0x080015e6   0x0000000c   Code   RO         5537    i.HAL_IWDG_Refresh  stm32f4xx_hal_iwdg.o
    0x080015f2   0x080015f2   0x00000002   PAD
    0x080015f4   0x080015f4   0x00000010   Code   RO         2443    i.HAL_IncTick       stm32f4xx_hal.o
    0x08001604   0x08001604   0x0000002c   Code   RO         2444    i.HAL_Init          stm32f4xx_hal.o
    0x08001630   0x08001630   0x00000044   Code   RO         2445    i.HAL_InitTick      stm32f4xx_hal.o
    0x08001674   0x08001674   0x00000002   Code   RO         5639    i.HAL_MspInit       stm32f4xx_hal_msp_template.o
    0x08001676   0x08001676   0x0000001a   Code   RO         3142    i.HAL_NVIC_EnableIRQ  stm32f4xx_hal_cortex.o
    0x08001690   0x08001690   0x00000040   Code   RO         3148    i.HAL_NVIC_SetPriority  stm32f4xx_hal_cortex.o
    0x080016d0   0x080016d0   0x00000024   Code   RO         3149    i.HAL_NVIC_SetPriorityGrouping  stm32f4xx_hal_cortex.o
    0x080016f4   0x080016f4   0x0000014c   Code   RO         5873    i.HAL_RCC_ClockConfig  stm32f4xx_hal_rcc.o
    0x08001840   0x08001840   0x0000000c   Code   RO         5878    i.HAL_RCC_GetHCLKFreq  stm32f4xx_hal_rcc.o
    0x0800184c   0x0800184c   0x00000020   Code   RO         5880    i.HAL_RCC_GetPCLK1Freq  stm32f4xx_hal_rcc.o
    0x0800186c   0x0800186c   0x00000020   Code   RO         5881    i.HAL_RCC_GetPCLK2Freq  stm32f4xx_hal_rcc.o
    0x0800188c   0x0800188c   0x00000068   Code   RO         5882    i.HAL_RCC_GetSysClockFreq  stm32f4xx_hal_rcc.o
    0x080018f4   0x080018f4   0x000003c0   Code   RO         5885    i.HAL_RCC_OscConfig  stm32f4xx_hal_rcc.o
    0x08001cb4   0x08001cb4   0x00000028   Code   RO         3153    i.HAL_SYSTICK_Config  stm32f4xx_hal_cortex.o
    0x08001cdc   0x08001cdc   0x00000002   Code   RO         8170    i.HAL_TIMEx_BreakCallback  stm32f4xx_hal_tim_ex.o
    0x08001cde   0x08001cde   0x00000002   Code   RO         8171    i.HAL_TIMEx_CommutCallback  stm32f4xx_hal_tim_ex.o
    0x08001ce0   0x08001ce0   0x0000004a   Code   RO         7455    i.HAL_TIM_Base_Init  stm32f4xx_hal_tim.o
    0x08001d2a   0x08001d2a   0x00000002   PAD
    0x08001d2c   0x08001d2c   0x0000003c   Code   RO          943    i.HAL_TIM_Base_MspInit  btim.o
    0x08001d68   0x08001d68   0x0000008c   Code   RO         7460    i.HAL_TIM_Base_Start_IT  stm32f4xx_hal_tim.o
    0x08001df4   0x08001df4   0x00000002   Code   RO         7489    i.HAL_TIM_IC_CaptureCallback  stm32f4xx_hal_tim.o
    0x08001df6   0x08001df6   0x0000016e   Code   RO         7503    i.HAL_TIM_IRQHandler  stm32f4xx_hal_tim.o
    0x08001f64   0x08001f64   0x00000002   Code   RO         7506    i.HAL_TIM_OC_DelayElapsedCallback  stm32f4xx_hal_tim.o
    0x08001f66   0x08001f66   0x000000d2   Code   RO         7527    i.HAL_TIM_PWM_ConfigChannel  stm32f4xx_hal_tim.o
    0x08002038   0x08002038   0x0000004a   Code   RO         7530    i.HAL_TIM_PWM_Init  stm32f4xx_hal_tim.o
    0x08002082   0x08002082   0x00000002   PAD
    0x08002084   0x08002084   0x000001f4   Code   RO          826    i.HAL_TIM_PWM_MspInit  moterdriver.o
    0x08002278   0x08002278   0x00000002   Code   RO         7533    i.HAL_TIM_PWM_PulseFinishedCallback  stm32f4xx_hal_tim.o
    0x0800227a   0x0800227a   0x00000002   PAD
    0x0800227c   0x0800227c   0x000000dc   Code   RO         7535    i.HAL_TIM_PWM_Start  stm32f4xx_hal_tim.o
    0x08002358   0x08002358   0x000000a8   Code   RO          944    i.HAL_TIM_PeriodElapsedCallback  btim.o
    0x08002400   0x08002400   0x00000002   Code   RO         7546    i.HAL_TIM_TriggerCallback  stm32f4xx_hal_tim.o
    0x08002402   0x08002402   0x00000002   Code   RO         6537    i.HAL_UARTEx_RxEventCallback  stm32f4xx_hal_uart.o
    0x08002404   0x08002404   0x00000002   Code   RO         6551    i.HAL_UART_ErrorCallback  stm32f4xx_hal_uart.o
    0x08002406   0x08002406   0x00000002   PAD
    0x08002408   0x08002408   0x000001d0   Code   RO         6554    i.HAL_UART_IRQHandler  stm32f4xx_hal_uart.o
    0x080025d8   0x080025d8   0x00000064   Code   RO         6555    i.HAL_UART_Init     stm32f4xx_hal_uart.o
    0x0800263c   0x0800263c   0x0000008c   Code   RO          548    i.HAL_UART_MspInit  usart.o
    0x080026c8   0x080026c8   0x000000ca   Code   RO         6558    i.HAL_UART_Receive  stm32f4xx_hal_uart.o
    0x08002792   0x08002792   0x0000002e   Code   RO         6560    i.HAL_UART_Receive_IT  stm32f4xx_hal_uart.o
    0x080027c0   0x080027c0   0x0000006c   Code   RO          549    i.HAL_UART_RxCpltCallback  usart.o
    0x0800282c   0x0800282c   0x000000be   Code   RO         6563    i.HAL_UART_Transmit  stm32f4xx_hal_uart.o
    0x080028ea   0x080028ea   0x00000002   Code   RO         6566    i.HAL_UART_TxCpltCallback  stm32f4xx_hal_uart.o
    0x080028ec   0x080028ec   0x00000054   Code   RO         2165    i.HOST_ModbusRX     hostmodbus.o
    0x08002940   0x08002940   0x00000002   Code   RO          320    i.HardFault_Handler  stm32f4xx_it.o
    0x08002942   0x08002942   0x00000002   PAD
    0x08002944   0x08002944   0x00000088   Code   RO         1025    i.Hard_devInit      task.o
    0x080029cc   0x080029cc   0x00000038   Code   RO         2166    i.Host_Func3        hostmodbus.o
    0x08002a04   0x08002a04   0x00000020   Code   RO         2167    i.Host_Func6        hostmodbus.o
    0x08002a24   0x08002a24   0x000000f0   Code   RO         2307    i.Host_ModbusDap21UART2_init  hostdap21.o
    0x08002b14   0x08002b14   0x00000018   Code   RO         2309    i.Host_ModbusDap21_Init  hostdap21.o
    0x08002b2c   0x08002b2c   0x000000f0   Code   RO         2168    i.Host_ModbusKeyUART5_init  hostmodbus.o
    0x08002c1c   0x08002c1c   0x0000002c   Code   RO         2169    i.Host_Modbuskey_CRC16  hostmodbus.o
    0x08002c48   0x08002c48   0x00000018   Code   RO         2170    i.Host_Modbuskey_Init  hostmodbus.o
    0x08002c60   0x08002c60   0x00000038   Code   RO         2171    i.Host_Modbuskey_send_data  hostmodbus.o
    0x08002c98   0x08002c98   0x00000060   Code   RO         2172    i.Host_Read03_slave  hostmodbus.o
    0x08002cf8   0x08002cf8   0x00000060   Code   RO         2173    i.Host_write06_slave  hostmodbus.o
    0x08002d58   0x08002d58   0x00000038   Code   RO         1433    i.IIC_Ack           myiic.o
    0x08002d90   0x08002d90   0x00000044   Code   RO         1434    i.IIC_Init          myiic.o
    0x08002dd4   0x08002dd4   0x00000038   Code   RO         1435    i.IIC_NAck          myiic.o
    0x08002e0c   0x08002e0c   0x00000068   Code   RO         1436    i.IIC_Read_Byte     myiic.o
    0x08002e74   0x08002e74   0x00000060   Code   RO         1437    i.IIC_Send_Byte     myiic.o
    0x08002ed4   0x08002ed4   0x00000038   Code   RO         1438    i.IIC_Start         myiic.o
    0x08002f0c   0x08002f0c   0x0000003c   Code   RO         1439    i.IIC_Stop          myiic.o
    0x08002f48   0x08002f48   0x00000054   Code   RO         1440    i.IIC_Wait_Ack      myiic.o
    0x08002f9c   0x08002f9c   0x00000018   Code   RO         1026    i.LedFlash          task.o
    0x08002fb4   0x08002fb4   0x00000076   Code   RO         1346    i.MPU_Init          mpu6050.o
    0x0800302a   0x0800302a   0x0000003a   Code   RO         1347    i.MPU_Read_Byte     mpu6050.o
    0x08003064   0x08003064   0x00000070   Code   RO         1348    i.MPU_Read_Len      mpu6050.o
    0x080030d4   0x080030d4   0x0000000a   Code   RO         1349    i.MPU_Set_Accel_Fsr  mpu6050.o
    0x080030de   0x080030de   0x0000000a   Code   RO         1350    i.MPU_Set_Gyro_Fsr  mpu6050.o
    0x080030e8   0x080030e8   0x00000030   Code   RO         1351    i.MPU_Set_LPF       mpu6050.o
    0x08003118   0x08003118   0x0000002c   Code   RO         1352    i.MPU_Set_Rate      mpu6050.o
    0x08003144   0x08003144   0x00000044   Code   RO         1353    i.MPU_Write_Byte    mpu6050.o
    0x08003188   0x08003188   0x0000005a   Code   RO         1354    i.MPU_Write_Len     mpu6050.o
    0x080031e2   0x080031e2   0x00000002   Code   RO          321    i.MemManage_Handler  stm32f4xx_it.o
    0x080031e4   0x080031e4   0x00000004   Code   RO         1027    i.ModbusSlaveExecute  task.o
    0x080031e8   0x080031e8   0x0000008c   Code   RO         1028    i.Modbuskeyread_execute  task.o
    0x08003274   0x08003274   0x00000034   Code   RO         1029    i.Modbuskeywrite_execute  task.o
    0x080032a8   0x080032a8   0x00000060   Code   RO          827    i.MoterL_pwm_chy_init  moterdriver.o
    0x08003308   0x08003308   0x00000084   Code   RO          828    i.MoterLeg_pwm_chy_init  moterdriver.o
    0x0800338c   0x0800338c   0x00000060   Code   RO          829    i.MoterLift_pwm_chy_init  moterdriver.o
    0x080033ec   0x080033ec   0x00000084   Code   RO          830    i.MoterPedestal_Backboard_pwm_chy_init  moterdriver.o
    0x08003470   0x08003470   0x00000060   Code   RO          831    i.MoterR_pwm_chy_init  moterdriver.o
    0x080034d0   0x080034d0   0x00000060   Code   RO          832    i.MoterSupport_pwm_chy_init  moterdriver.o
    0x08003530   0x08003530   0x00000036   Code   RO          833    i.MoterdriveInit    moterdriver.o
    0x08003566   0x08003566   0x00000002   Code   RO          322    i.NMI_Handler       stm32f4xx_it.o
    0x08003568   0x08003568   0x00000044   Code   RO          988    i.OS_IT_RUN         api_schedule.o
    0x080035ac   0x080035ac   0x00000038   Code   RO          989    i.PeachOSRun        api_schedule.o
    0x080035e4   0x080035e4   0x00000002   Code   RO          323    i.PendSV_Handler    stm32f4xx_it.o
    0x080035e6   0x080035e6   0x00000002   Code   RO          324    i.SVC_Handler       stm32f4xx_it.o
    0x080035e8   0x080035e8   0x0000002c   Code   RO         2086    i.SlaveModbus_CRC16  slavemodbus.o
    0x08003614   0x08003614   0x00000070   Code   RO         2087    i.SlaveModbus_Event  slavemodbus.o
    0x08003684   0x08003684   0x000000a4   Code   RO         2088    i.SlaveModbus_Func16  slavemodbus.o
    0x08003728   0x08003728   0x000000c0   Code   RO         2089    i.SlaveModbus_Func3  slavemodbus.o
    0x080037e8   0x080037e8   0x0000009c   Code   RO         2090    i.SlaveModbus_Func6  slavemodbus.o
    0x08003884   0x08003884   0x0000001c   Code   RO         2091    i.SlaveModbus_Init  slavemodbus.o
    0x080038a0   0x080038a0   0x00000038   Code   RO         2092    i.SlaveModbus_send_data  slavemodbus.o
    0x080038d8   0x080038d8   0x000000ec   Code   RO         2093    i.SlavemodbusUART6_init  slavemodbus.o
    0x080039c4   0x080039c4   0x00000004   Code   RO          325    i.SysTick_Handler   stm32f4xx_it.o
    0x080039c8   0x080039c8   0x00000010   Code   RO          394    i.SystemInit        system_stm32f4xx.o
    0x080039d8   0x080039d8   0x0000000c   Code   RO          945    i.TIM6_DAC_IRQHandler  btim.o
    0x080039e4   0x080039e4   0x000000cc   Code   RO         7548    i.TIM_Base_SetConfig  stm32f4xx_hal_tim.o
    0x08003ab0   0x08003ab0   0x0000001a   Code   RO         7549    i.TIM_CCxChannelCmd  stm32f4xx_hal_tim.o
    0x08003aca   0x08003aca   0x00000002   PAD
    0x08003acc   0x08003acc   0x00000068   Code   RO         7561    i.TIM_OC1_SetConfig  stm32f4xx_hal_tim.o
    0x08003b34   0x08003b34   0x00000074   Code   RO         7562    i.TIM_OC2_SetConfig  stm32f4xx_hal_tim.o
    0x08003ba8   0x08003ba8   0x00000070   Code   RO         7563    i.TIM_OC3_SetConfig  stm32f4xx_hal_tim.o
    0x08003c18   0x08003c18   0x00000054   Code   RO         7564    i.TIM_OC4_SetConfig  stm32f4xx_hal_tim.o
    0x08003c6c   0x08003c6c   0x00000050   Code   RO         2174    i.UART5_IRQHandler  hostmodbus.o
    0x08003cbc   0x08003cbc   0x00000010   Code   RO         6568    i.UART_DMAAbortOnError  stm32f4xx_hal_uart.o
    0x08003ccc   0x08003ccc   0x00000030   Code   RO         6578    i.UART_EndRxTransfer  stm32f4xx_hal_uart.o
    0x08003cfc   0x08003cfc   0x0000001a   Code   RO         6579    i.UART_EndTransmit_IT  stm32f4xx_hal_uart.o
    0x08003d16   0x08003d16   0x000000b2   Code   RO         6581    i.UART_Receive_IT   stm32f4xx_hal_uart.o
    0x08003dc8   0x08003dc8   0x00000114   Code   RO         6582    i.UART_SetConfig    stm32f4xx_hal_uart.o
    0x08003edc   0x08003edc   0x00000036   Code   RO         6584    i.UART_Start_Receive_IT  stm32f4xx_hal_uart.o
    0x08003f12   0x08003f12   0x0000005e   Code   RO         6585    i.UART_Transmit_IT  stm32f4xx_hal_uart.o
    0x08003f70   0x08003f70   0x00000064   Code   RO         6586    i.UART_WaitOnFlagUntilTimeout  stm32f4xx_hal_uart.o
    0x08003fd4   0x08003fd4   0x0000000c   Code   RO          550    i.USART1_IRQHandler  usart.o
    0x08003fe0   0x08003fe0   0x00000054   Code   RO         2311    i.USART2_IRQHandler  hostdap21.o
    0x08004034   0x08004034   0x00000054   Code   RO         2094    i.USART6_IRQHandler  slavemodbus.o
    0x08004088   0x08004088   0x00000150   Code   RO         1030    i.UnderpanDrive     task.o
    0x080041d8   0x080041d8   0x00000002   Code   RO          326    i.UsageFault_Handler  stm32f4xx_it.o
    0x080041da   0x080041da   0x00000010   Code   RO         1114    i.Value_Resetzero   common.o
    0x080041ea   0x080041ea   0x00000014   Code   RO         1115    i.Value_limit       common.o
    0x080041fe   0x080041fe   0x00000028   Code   RO         1116    i.Value_limitf      common.o
    0x08004226   0x08004226   0x00000002   PAD
    0x08004228   0x08004228   0x00000020   Code   RO         8750    i.__0printf$8       mc_w.l(printf8.o)
    0x08004248   0x08004248   0x00000030   Code   RO         8840    i.__ARM_fpclassify  m_wm.l(fpclassify.o)
    0x08004278   0x08004278   0x00000026   Code   RO         8842    i.__ARM_fpclassifyf  m_wm.l(fpclassifyf.o)
    0x0800429e   0x0800429e   0x00000020   Code   RO         3155    i.__NVIC_SetPriority  stm32f4xx_hal_cortex.o
    0x080042be   0x080042be   0x00000002   PAD
    0x080042c0   0x080042c0   0x00000360   Code   RO         8434    i.__hardfp_asin     m_wm.l(asin.o)
    0x08004620   0x08004620   0x000002d8   Code   RO         8448    i.__hardfp_atan     m_wm.l(atan.o)
    0x080048f8   0x080048f8   0x00000200   Code   RO         8462    i.__hardfp_atan2    m_wm.l(atan2.o)
    0x08004af8   0x08004af8   0x000001e8   Code   RO         8474    i.__hardfp_expf     m_wm.l(expf.o)
    0x08004ce0   0x08004ce0   0x00000014   Code   RO         8488    i.__hardfp_fabs     m_wm.l(fabs.o)
    0x08004cf4   0x08004cf4   0x00000004   PAD
    0x08004cf8   0x08004cf8   0x00000c50   Code   RO         8494    i.__hardfp_pow      m_wm.l(pow.o)
    0x08005948   0x08005948   0x0000007a   Code   RO         8508    i.__hardfp_sqrt     m_wm.l(sqrt.o)
    0x080059c2   0x080059c2   0x00000006   PAD
    0x080059c8   0x080059c8   0x00000080   Code   RO         8520    i.__hardfp_tan      m_wm.l(tan.o)
    0x08005a48   0x08005a48   0x00000438   Code   RO         8861    i.__ieee754_rem_pio2  m_wm.l(rred.o)
    0x08005e80   0x08005e80   0x000000f8   Code   RO         8858    i.__kernel_poly     m_wm.l(poly.o)
    0x08005f78   0x08005f78   0x00000350   Code   RO         8866    i.__kernel_tan      m_wm.l(tan_i.o)
    0x080062c8   0x080062c8   0x00000030   Code   RO         8826    i.__mathlib_dbl_divzero  m_wm.l(dunder.o)
    0x080062f8   0x080062f8   0x00000014   Code   RO         8827    i.__mathlib_dbl_infnan  m_wm.l(dunder.o)
    0x0800630c   0x0800630c   0x00000014   Code   RO         8828    i.__mathlib_dbl_infnan2  m_wm.l(dunder.o)
    0x08006320   0x08006320   0x00000020   Code   RO         8829    i.__mathlib_dbl_invalid  m_wm.l(dunder.o)
    0x08006340   0x08006340   0x00000020   Code   RO         8830    i.__mathlib_dbl_overflow  m_wm.l(dunder.o)
    0x08006360   0x08006360   0x00000020   Code   RO         8832    i.__mathlib_dbl_underflow  m_wm.l(dunder.o)
    0x08006380   0x08006380   0x00000006   Code   RO         8845    i.__mathlib_flt_infnan  m_wm.l(funder.o)
    0x08006386   0x08006386   0x00000002   PAD
    0x08006388   0x08006388   0x00000010   Code   RO         8848    i.__mathlib_flt_overflow  m_wm.l(funder.o)
    0x08006398   0x08006398   0x00000010   Code   RO         8850    i.__mathlib_flt_underflow  m_wm.l(funder.o)
    0x080063a8   0x080063a8   0x0000000e   Code   RO         8922    i.__scatterload_copy  mc_w.l(handlers.o)
    0x080063b6   0x080063b6   0x00000002   Code   RO         8923    i.__scatterload_null  mc_w.l(handlers.o)
    0x080063b8   0x080063b8   0x0000000e   Code   RO         8924    i.__scatterload_zeroinit  mc_w.l(handlers.o)
    0x080063c6   0x080063c6   0x00000002   PAD
    0x080063c8   0x080063c8   0x0000000c   Code   RO         8898    i.__set_errno       mc_w.l(errno.o)
    0x080063d4   0x080063d4   0x00000404   Code   RO         8757    i._printf_core      mc_w.l(printf8.o)
    0x080067d8   0x080067d8   0x00000024   Code   RO         8758    i._printf_post_padding  mc_w.l(printf8.o)
    0x080067fc   0x080067fc   0x0000002e   Code   RO         8759    i._printf_pre_padding  mc_w.l(printf8.o)
    0x0800682a   0x0800682a   0x00000002   PAD
    0x0800682c   0x0800682c   0x00000094   Code   RO         1502    i.accel_self_test   inv_mpu.o
    0x080068c0   0x080068c0   0x00000048   Code   RO          749    i.adc1_nch_dma_enable  adc.o
    0x08006908   0x08006908   0x0000005c   Code   RO          750    i.adc1_nch_dma_gpio_init  adc.o
    0x08006964   0x08006964   0x0000013c   Code   RO          751    i.adc1_nch_dma_init  adc.o
    0x08006aa0   0x08006aa0   0x00000048   Code   RO          752    i.adc3_nch_dma_enable  adc.o
    0x08006ae8   0x08006ae8   0x0000005c   Code   RO          753    i.adc3_nch_dma_gpio_init  adc.o
    0x08006b44   0x08006b44   0x00000178   Code   RO          754    i.adc3_nch_dma_init  adc.o
    0x08006cbc   0x08006cbc   0x00000010   Code   RO          755    i.adc_channel_set   adc.o
    0x08006ccc   0x08006ccc   0x00000010   Code   RO         8450    i.atan              m_wm.l(atan.o)
    0x08006cdc   0x08006cdc   0x0000006c   Code   RO          919    i.brake_init        brake.o
    0x08006d48   0x08006d48   0x00000028   Code   RO          946    i.btim_timx_int_init  btim.o
    0x08006d70   0x08006d70   0x0000000e   Code   RO         1182    i.currentproInit    overcurrent_protection.o
    0x08006d7e   0x08006d7e   0x00000002   PAD
    0x08006d80   0x08006d80   0x00000078   Code   RO         1183    i.dcurrentpro_init  overcurrent_protection.o
    0x08006df8   0x08006df8   0x0000003c   Code   RO         1856    i.decode_gesture    inv_mpu_dmp_motion_driver.o
    0x08006e34   0x08006e34   0x0000000c   Code   RO          432    i.delay_init        delay.o
    0x08006e40   0x08006e40   0x0000000a   Code   RO          433    i.delay_ms          delay.o
    0x08006e4a   0x08006e4a   0x00000002   PAD
    0x08006e4c   0x08006e4c   0x00000038   Code   RO          434    i.delay_us          delay.o
    0x08006e84   0x08006e84   0x0000003c   Code   RO         1857    i.dmp_enable_6x_lp_quat  inv_mpu_dmp_motion_driver.o
    0x08006ec0   0x08006ec0   0x000001ec   Code   RO         1858    i.dmp_enable_feature  inv_mpu_dmp_motion_driver.o
    0x080070ac   0x080070ac   0x00000058   Code   RO         1859    i.dmp_enable_gyro_cal  inv_mpu_dmp_motion_driver.o
    0x08007104   0x08007104   0x0000003c   Code   RO         1860    i.dmp_enable_lp_quat  inv_mpu_dmp_motion_driver.o
    0x08007140   0x08007140   0x00000014   Code   RO         1865    i.dmp_load_motion_driver_firmware  inv_mpu_dmp_motion_driver.o
    0x08007154   0x08007154   0x00000184   Code   RO         1866    i.dmp_read_fifo     inv_mpu_dmp_motion_driver.o
    0x080072d8   0x080072d8   0x0000010c   Code   RO         1869    i.dmp_set_accel_bias  inv_mpu_dmp_motion_driver.o
    0x080073e4   0x080073e4   0x00000070   Code   RO         1870    i.dmp_set_fifo_rate  inv_mpu_dmp_motion_driver.o
    0x08007454   0x08007454   0x00000108   Code   RO         1871    i.dmp_set_gyro_bias  inv_mpu_dmp_motion_driver.o
    0x0800755c   0x0800755c   0x00000118   Code   RO         1873    i.dmp_set_orientation  inv_mpu_dmp_motion_driver.o
    0x08007674   0x08007674   0x00000030   Code   RO         1876    i.dmp_set_shake_reject_thresh  inv_mpu_dmp_motion_driver.o
    0x080076a4   0x080076a4   0x00000020   Code   RO         1877    i.dmp_set_shake_reject_time  inv_mpu_dmp_motion_driver.o
    0x080076c4   0x080076c4   0x00000020   Code   RO         1878    i.dmp_set_shake_reject_timeout  inv_mpu_dmp_motion_driver.o
    0x080076e4   0x080076e4   0x00000038   Code   RO         1879    i.dmp_set_tap_axes  inv_mpu_dmp_motion_driver.o
    0x0800771c   0x0800771c   0x00000022   Code   RO         1880    i.dmp_set_tap_count  inv_mpu_dmp_motion_driver.o
    0x0800773e   0x0800773e   0x00000002   PAD
    0x08007740   0x08007740   0x0000019c   Code   RO         1881    i.dmp_set_tap_thresh  inv_mpu_dmp_motion_driver.o
    0x080078dc   0x080078dc   0x00000020   Code   RO         1882    i.dmp_set_tap_time  inv_mpu_dmp_motion_driver.o
    0x080078fc   0x080078fc   0x00000020   Code   RO         1883    i.dmp_set_tap_time_multi  inv_mpu_dmp_motion_driver.o
    0x0800791c   0x0800791c   0x00000018   Code   RO         8490    i.fabs              m_wm.l(fabs.o)
    0x08007934   0x08007934   0x00000070   Code   RO         1117    i.filterValue       common.o
    0x080079a4   0x080079a4   0x00000014   Code   RO          554    i.fputc             usart.o
    0x080079b8   0x080079b8   0x000000b8   Code   RO         1503    i.get_accel_prod_shift  inv_mpu.o
    0x08007a70   0x08007a70   0x000003d8   Code   RO         1504    i.get_st_biases     inv_mpu.o
    0x08007e48   0x08007e48   0x00000124   Code   RO         1277    i.getadc1Data       getadcdata.o
    0x08007f6c   0x08007f6c   0x00000090   Code   RO         1278    i.getadc3Data       getadcdata.o
    0x08007ffc   0x08007ffc   0x0000000e   Code   RO         1279    i.getadcData        getadcdata.o
    0x0800800a   0x0800800a   0x00000002   PAD
    0x0800800c   0x0800800c   0x0000002c   Code   RO         1280    i.getadcDataInit    getadcdata.o
    0x08008038   0x08008038   0x000000d8   Code   RO         1505    i.gyro_self_test    inv_mpu.o
    0x08008110   0x08008110   0x00000010   Code   RO         1031    i.gyroscopeData     task.o
    0x08008120   0x08008120   0x00000024   Code   RO         1118    i.initializeFilter  common.o
    0x08008144   0x08008144   0x00000024   Code   RO         1506    i.inv_orientation_matrix_to_scalar  inv_mpu.o
    0x08008168   0x08008168   0x00000048   Code   RO         1507    i.inv_row_2_scale   inv_mpu.o
    0x080081b0   0x080081b0   0x0000000c   Code   RO         2053    i.iwdg_feed         wdg.o
    0x080081bc   0x080081bc   0x00000018   Code   RO         2054    i.iwdg_init         wdg.o
    0x080081d4   0x080081d4   0x00000074   Code   RO         1281    i.joysticData_calculate  getadcdata.o
    0x08008248   0x08008248   0x00000010   Code   RO         1282    i.joysticData_calculateInit  getadcdata.o
    0x08008258   0x08008258   0x00000084   Code   RO          626    i.key_init          key.o
    0x080082dc   0x080082dc   0x00000030   Code   RO          627    i.key_scan1         key.o
    0x0800830c   0x0800830c   0x0000003c   Code   RO          628    i.key_scan2         key.o
    0x08008348   0x08008348   0x0000003c   Code   RO          629    i.key_scan3         key.o
    0x08008384   0x08008384   0x00000060   Code   RO          632    i.key_scandouble    key.o
    0x080083e4   0x080083e4   0x0000002c   Code   RO          633    i.keycmdbulb        key.o
    0x08008410   0x08008410   0x0000002c   Code   RO          634    i.keycmdleftbulb    key.o
    0x0800843c   0x0800843c   0x0000002c   Code   RO          635    i.keycmdrightbulb   key.o
    0x08008468   0x08008468   0x000004ac   Code   RO          708    i.led_beepControl   led.o
    0x08008914   0x08008914   0x00000178   Code   RO          710    i.led_init          led.o
    0x08008a8c   0x08008a8c   0x00000e2c   Code   RO          834    i.linearactuator    moterdriver.o
    0x080098b8   0x080098b8   0x00000004   Code   RO         1032    i.linearactuatorDrive  task.o
    0x080098bc   0x080098bc   0x00000004   Code   RO          835    i.linearactuatorTest  moterdriver.o
    0x080098c0   0x080098c0   0x0000000a   Code   RO           13    i.main              main.o
    0x080098ca   0x080098ca   0x00000002   Code   RO         1508    i.mget_ms           inv_mpu.o
    0x080098cc   0x080098cc   0x00000060   Code   RO         1509    i.mpu_configure_fifo  inv_mpu.o
    0x0800992c   0x0800992c   0x00000164   Code   RO         1510    i.mpu_dmp_get_data  inv_mpu.o
    0x08009a90   0x08009a90   0x00000094   Code   RO         1511    i.mpu_dmp_init      inv_mpu.o
    0x08009b24   0x08009b24   0x00000044   Code   RO         1512    i.mpu_get_accel_fsr  inv_mpu.o
    0x08009b68   0x08009b68   0x0000004c   Code   RO         1514    i.mpu_get_accel_sens  inv_mpu.o
    0x08009bb4   0x08009bb4   0x00000010   Code   RO         1519    i.mpu_get_fifo_config  inv_mpu.o
    0x08009bc4   0x08009bc4   0x00000040   Code   RO         1520    i.mpu_get_gyro_fsr  inv_mpu.o
    0x08009c04   0x08009c04   0x00000058   Code   RO         1522    i.mpu_get_gyro_sens  inv_mpu.o
    0x08009c5c   0x08009c5c   0x00000044   Code   RO         1524    i.mpu_get_lpf       inv_mpu.o
    0x08009ca0   0x08009ca0   0x0000001c   Code   RO         1526    i.mpu_get_sample_rate  inv_mpu.o
    0x08009cbc   0x08009cbc   0x000001ac   Code   RO         1528    i.mpu_init          inv_mpu.o
    0x08009e68   0x08009e68   0x000000b4   Code   RO         1529    i.mpu_load_firmware  inv_mpu.o
    0x08009f1c   0x08009f1c   0x000000d0   Code   RO         1530    i.mpu_lp_accel_mode  inv_mpu.o
    0x08009fec   0x08009fec   0x000000ac   Code   RO         1533    i.mpu_read_fifo_stream  inv_mpu.o
    0x0800a098   0x0800a098   0x00000070   Code   RO         1534    i.mpu_read_mem      inv_mpu.o
    0x0800a108   0x0800a108   0x0000016c   Code   RO         1537    i.mpu_reset_fifo    inv_mpu.o
    0x0800a274   0x0800a274   0x000000f8   Code   RO         1538    i.mpu_run_self_test  inv_mpu.o
    0x0800a36c   0x0800a36c   0x00000074   Code   RO         1540    i.mpu_set_accel_fsr  inv_mpu.o
    0x0800a3e0   0x0800a3e0   0x00000118   Code   RO         1541    i.mpu_set_bypass    inv_mpu.o
    0x0800a4f8   0x0800a4f8   0x0000007c   Code   RO         1543    i.mpu_set_dmp_state  inv_mpu.o
    0x0800a574   0x0800a574   0x00000078   Code   RO         1544    i.mpu_set_gyro_fsr  inv_mpu.o
    0x0800a5ec   0x0800a5ec   0x00000060   Code   RO         1545    i.mpu_set_int_latched  inv_mpu.o
    0x0800a64c   0x0800a64c   0x0000007c   Code   RO         1547    i.mpu_set_lpf       inv_mpu.o
    0x0800a6c8   0x0800a6c8   0x00000084   Code   RO         1548    i.mpu_set_sample_rate  inv_mpu.o
    0x0800a74c   0x0800a74c   0x000000b0   Code   RO         1549    i.mpu_set_sensors   inv_mpu.o
    0x0800a7fc   0x0800a7fc   0x00000070   Code   RO         1550    i.mpu_write_mem     inv_mpu.o
    0x0800a86c   0x0800a86c   0x00000088   Code   RO         1551    i.run_self_test     inv_mpu.o
    0x0800a8f4   0x0800a8f4   0x00000074   Code   RO         1552    i.set_int_enable    inv_mpu.o
    0x0800a968   0x0800a968   0x0000002c   Code   RO         1119    i.slopelimitx       common.o
    0x0800a994   0x0800a994   0x0000002c   Code   RO         1120    i.slopelimity       common.o
    0x0800a9c0   0x0800a9c0   0x0000006e   Code   RO         8510    i.sqrt              m_wm.l(sqrt.o)
    0x0800aa2e   0x0800aa2e   0x00000002   PAD
    0x0800aa30   0x0800aa30   0x000000b8   Code   RO          481    i.sys_stm32_clock_init  sys.o
    0x0800aae8   0x0800aae8   0x00000044   Code   RO         1184    i.tcurrentpro_init  overcurrent_protection.o
    0x0800ab2c   0x0800ab2c   0x00000038   Code   RO          555    i.usart_init        usart.o
    0x0800ab64   0x0800ab64   0x000008c0   Code   RO         2255    i.velocity_maping   wheelspeedmap.o
    0x0800b424   0x0800b424   0x00000010   Data   RO          395    .constdata          system_stm32f4xx.o
    0x0800b434   0x0800b434   0x00000008   Data   RO          396    .constdata          system_stm32f4xx.o
    0x0800b43c   0x0800b43c   0x0000001b   Data   RO         1554    .constdata          inv_mpu.o
    0x0800b457   0x0800b457   0x00000001   PAD
    0x0800b458   0x0800b458   0x0000000c   Data   RO         1555    .constdata          inv_mpu.o
    0x0800b464   0x0800b464   0x00000028   Data   RO         1556    .constdata          inv_mpu.o
    0x0800b48c   0x0800b48c   0x00000bf6   Data   RO         1885    .constdata          inv_mpu_dmp_motion_driver.o
    0x0800c082   0x0800c082   0x00000200   Data   RO         2096    .constdata          slavemodbus.o
    0x0800c282   0x0800c282   0x00000200   Data   RO         2176    .constdata          hostmodbus.o
    0x0800c482   0x0800c482   0x00000008   Data   RO         3807    .constdata          stm32f4xx_hal_dma.o
    0x0800c48a   0x0800c48a   0x00000006   PAD
    0x0800c490   0x0800c490   0x00000050   Data   RO         8437    .constdata          m_wm.l(asin.o)
    0x0800c4e0   0x0800c4e0   0x00000098   Data   RO         8451    .constdata          m_wm.l(atan.o)
    0x0800c578   0x0800c578   0x00000030   Data   RO         8477    .constdata          m_wm.l(expf.o)
    0x0800c5a8   0x0800c5a8   0x00000088   Data   RO         8497    .constdata          m_wm.l(pow.o)
    0x0800c630   0x0800c630   0x00000008   Data   RO         8860    .constdata          m_wm.l(qnan.o)
    0x0800c638   0x0800c638   0x000000c8   Data   RO         8863    .constdata          m_wm.l(rred.o)
    0x0800c700   0x0800c700   0x00000060   Data   RO         8867    .constdata          m_wm.l(tan_i.o)
    0x0800c760   0x0800c760   0x0000004d   Data   RO         1557    .conststring        inv_mpu.o
    0x0800c7ad   0x0800c7ad   0x00000003   PAD
    0x0800c7b0   0x0800c7b0   0x00000020   Data   RO         8920    Region$$Table       anon$$obj.o


    Execution Region RW_IRAM1 (Exec base: 0x20000000, Load base: 0x0800c7d0, Size: 0x00003908, Max: 0x00020000, ABSOLUTE, COMPRESSED[0x00000060])

    Exec Addr    Load Addr    Size         Type   Attr      Idx    E Section Name        Object

    0x20000000   COMPRESSED   0x00000004   Data   RW          397    .data               system_stm32f4xx.o
    0x20000004   COMPRESSED   0x00000004   Data   RW          435    .data               delay.o
    0x20000008   COMPRESSED   0x00000004   Data   RW          557    .data               usart.o
    0x2000000c   COMPRESSED   0x00000004   Data   RW          558    .data               usart.o
    0x20000010   COMPRESSED   0x00000007   Data   RW          711    .data               led.o
    0x20000017   COMPRESSED   0x00000002   Data   RW          757    .data               adc.o
    0x20000019   COMPRESSED   0x00000003   PAD
    0x2000001c   COMPRESSED   0x00000010   Data   RW          837    .data               moterdriver.o
    0x2000002c   COMPRESSED   0x00000064   Data   RW          990    .data               api_schedule.o
    0x20000090   COMPRESSED   0x0000000c   Data   RW         1042    .data               task.o
    0x2000009c   COMPRESSED   0x0000000c   Data   RW         1123    .data               common.o
    0x200000a8   COMPRESSED   0x00000035   Data   RW         1558    .data               inv_mpu.o
    0x200000dd   COMPRESSED   0x00000001   PAD
    0x200000de   COMPRESSED   0x00000190   Data   RW         2177    .data               hostmodbus.o
    0x2000026e   COMPRESSED   0x00000002   PAD
    0x20000270   COMPRESSED   0x00000048   Data   RW         2257    .data               wheelspeedmap.o
    0x200002b8   COMPRESSED   0x0000000c   Data   RW         2451    .data               stm32f4xx_hal.o
    0x200002c4   COMPRESSED   0x00000004   Data   RW         8899    .data               mc_w.l(errno.o)
    0x200002c8        -       0x0000010c   Zero   RW          556    .bss                usart.o
    0x200003d4        -       0x00000150   Zero   RW          756    .bss                adc.o
    0x20000524        -       0x000001c8   Zero   RW          836    .bss                moterdriver.o
    0x200006ec        -       0x00000048   Zero   RW          947    .bss                btim.o
    0x20000734   COMPRESSED   0x00000004   PAD
    0x20000738        -       0x00000020   Zero   RW         1034    .bss                task.o
    0x20000758        -       0x00000058   Zero   RW         1121    .bss                common.o
    0x200007b0        -       0x00000058   Zero   RW         1122    .bss                common.o
    0x20000808        -       0x000001e8   Zero   RW         1283    .bss                getadcdata.o
    0x200009f0        -       0x00000010   Zero   RW         1884    .bss                inv_mpu_dmp_motion_driver.o
    0x20000a00        -       0x0000000c   Zero   RW         2055    .bss                wdg.o
    0x20000a0c        -       0x00002821   Zero   RW         2095    .bss                slavemodbus.o
    0x2000322d   COMPRESSED   0x00000003   PAD
    0x20003230        -       0x0000011e   Zero   RW         2175    .bss                hostmodbus.o
    0x2000334e   COMPRESSED   0x00000002   PAD
    0x20003350        -       0x00000080   Zero   RW         2256    .bss                wheelspeedmap.o
    0x200033d0        -       0x00000134   Zero   RW         2312    .bss                hostdap21.o
    0x20003504   COMPRESSED   0x00000004   PAD
    0x20003508        -       0x00000400   Zero   RW            1    STACK               startup_stm32f407xx.o


==============================================================================

Image component sizes


      Code (inc. data)   RO Data    RW Data    ZI Data      Debug   Object Name

      1108         98          0          2        336       7020   adc.o
       124          8          0        100          0       2324   api_schedule.o
       108          8          0          0          0       1057   brake.o
       280         40          0          0         72       3335   btim.o
       312         34          0         12        176       6260   common.o
        78         12          0          4          0       2027   delay.o
       674         58          0          0        488       6890   getadcdata.o
       348         30          0          0        308       4752   hostdap21.o
       808         84        512        400        286       9341   hostmodbus.o
      5894        302        156         53          0      35708   inv_mpu.o
      2770        132       3062          0         16      22374   inv_mpu_dmp_motion_driver.o
       528         44          0          0          0       5452   key.o
      1572         54          0          7          0       3472   led.o
        10          0          0          0          0     710679   main.o
      4834        302          0         16        456      16123   moterdriver.o
       558          0          0          0          0       6855   mpu6050.o
       580         76          0          0          0       5410   myiic.o
       202         18          0          0          0       2415   overcurrent_protection.o
      1072        106        512          0      10273       9023   slavemodbus.o
        36          8        392          0       1024        992   startup_stm32f407xx.o
       152         28          0         12          0       9688   stm32f4xx_hal.o
      1246         60          0          0          0       8603   stm32f4xx_hal_adc.o
       198         14          0          0          0      34343   stm32f4xx_hal_cortex.o
       776         10          8          0          0       7585   stm32f4xx_hal_dma.o
       508         46          0          0          0       3888   stm32f4xx_hal_gpio.o
       102          0          0          0          0       2007   stm32f4xx_hal_iwdg.o
         2          0          0          0          0        578   stm32f4xx_hal_msp_template.o
      1472         76          0          0          0       6680   stm32f4xx_hal_rcc.o
      1738        140          0          0          0      13238   stm32f4xx_hal_tim.o
         4          0          0          0          0       1713   stm32f4xx_hal_tim_ex.o
      1800         16          0          0          0      14123   stm32f4xx_hal_uart.o
        20          0          0          0          0       4534   stm32f4xx_it.o
       184         12          0          0          0       1459   sys.o
        16          4         24          4          0       1483   system_stm32f4xx.o
       716        130          0         12         32       5712   task.o
       336         48          0          8        268       5401   usart.o
        36         14          0          0         12       1331   wdg.o
      2482        138          0         72        128       5534   wheelspeedmap.o

    ----------------------------------------------------------------------
     33718       2150       4708        708      13888     989409   Object Totals
         0          0         32          0          0          0   (incl. Generated)
        34          0         10          6         13          0   (incl. Padding)

    ----------------------------------------------------------------------

      Code (inc. data)   RO Data    RW Data    ZI Data      Debug   Library Member Name

       864         94         80          0          0        280   asin.o
       744        106        152          0          0        352   atan.o
       512         64          0          0          0        208   atan2.o
       184         44          0          0          0        744   dunder.o
       488         62         48          0          0        236   expf.o
        44          0          0          0          0        248   fabs.o
        48          0          0          0          0        124   fpclassify.o
        38          0          0          0          0        116   fpclassifyf.o
        38         12          0          0          0        348   funder.o
       248          0          0          0          0        152   poly.o
      3152        296        136          0          0        352   pow.o
         0          0          8          0          0          0   qnan.o
      1080        142        200          0          0        188   rred.o
       232          0          0          0          0        296   sqrt.o
       128         20          0          0          0        144   tan.o
       848         84         96          0          0        196   tan_i.o
        86          0          0          0          0          0   __dczerorl2.o
         0          0          0          0          0          0   entry.o
         0          0          0          0          0          0   entry10a.o
         0          0          0          0          0          0   entry11a.o
         4          0          0          0          0          0   entry12b.o
         8          4          0          0          0          0   entry2.o
         4          0          0          0          0          0   entry5.o
         0          0          0          0          0          0   entry7b.o
         0          0          0          0          0          0   entry8b.o
         8          4          0          0          0          0   entry9a.o
        12          6          0          4          0         68   errno.o
        30          0          0          0          0          0   handlers.o
        36          8          0          0          0         68   init.o
         0          0          0          0          0          0   iusefp.o
        98          0          0          0          0         84   ldiv.o
        30          0          0          0          0         68   llshl.o
        36          0          0          0          0         68   llsshr.o
        32          0          0          0          0         68   llushr.o
        26          0          0          0          0         80   memcmp.o
        36          0          0          0          0        108   memseta.o
      1142         54          0          0          0        352   printf8.o
        98          0          0          0          0         92   uldiv.o
        48          0          0          0          0         68   cdcmple.o
        48          0          0          0          0         68   cdrcmple.o
        56          0          0          0          0         88   d2f.o
       334          0          0          0          0        148   dadd.o
       222          0          0          0          0        100   ddiv.o
       186          0          0          0          0        176   depilogue.o
        62          0          0          0          0         80   dfixi.o
        50          0          0          0          0         76   dfixui.o
        34          0          0          0          0         76   dflti.o
        26          0          0          0          0         76   dfltui.o
       228          0          0          0          0         96   dmul.o
        46          0          0          0          0         80   dscalb.o
       162          0          0          0          0        100   dsqrt.o
        38          0          0          0          0         68   f2d.o
       110          0          0          0          0        168   fepilogue.o

    ----------------------------------------------------------------------
     12006       1000        720          4          0       6508   Library Totals
        22          0          0          0          0          0   (incl. Padding)

    ----------------------------------------------------------------------

      Code (inc. data)   RO Data    RW Data    ZI Data      Debug   Library Name

      8648        924        720          0          0       3984   m_wm.l
      1686         76          0          4          0       1056   mc_w.l
      1650          0          0          0          0       1468   mf_w.l

    ----------------------------------------------------------------------
     12006       1000        720          4          0       6508   Library Totals

    ----------------------------------------------------------------------

==============================================================================


      Code (inc. data)   RO Data    RW Data    ZI Data      Debug   

     45724       3150       5428        712      13888     967701   Grand Totals
     45724       3150       5428         96      13888     967701   ELF Image Totals (compressed)
     45724       3150       5428         96          0          0   ROM Totals

==============================================================================

    Total RO  Size (Code + RO Data)                51152 (  49.95kB)
    Total RW  Size (RW Data + ZI Data)             14600 (  14.26kB)
    Total ROM Size (Code + RO Data + RW Data)      51248 (  50.05kB)

==============================================================================

