Component: ARM Compiler 5.06 update 6 (build 750) Tool: armlink [4d35ed]

==============================================================================

Section Cross References

    startup_stm32f407xx.o(RESET) refers to startup_stm32f407xx.o(STACK) for __initial_sp
    startup_stm32f407xx.o(RESET) refers to startup_stm32f407xx.o(.text) for Reset_Handler
    startup_stm32f407xx.o(RESET) refers to stm32f4xx_it.o(i.NMI_Handler) for NMI_Handler
    startup_stm32f407xx.o(RESET) refers to stm32f4xx_it.o(i.HardFault_Handler) for HardFault_Handler
    startup_stm32f407xx.o(RESET) refers to stm32f4xx_it.o(i.MemManage_Handler) for MemManage_Handler
    startup_stm32f407xx.o(RESET) refers to stm32f4xx_it.o(i.BusFault_Handler) for BusFault_Handler
    startup_stm32f407xx.o(RESET) refers to stm32f4xx_it.o(i.UsageFault_Handler) for UsageFault_Handler
    startup_stm32f407xx.o(RESET) refers to stm32f4xx_it.o(i.SVC_Handler) for SVC_Handler
    startup_stm32f407xx.o(RESET) refers to stm32f4xx_it.o(i.DebugMon_Handler) for DebugMon_Handler
    startup_stm32f407xx.o(RESET) refers to stm32f4xx_it.o(i.PendSV_Handler) for PendSV_Handler
    startup_stm32f407xx.o(RESET) refers to stm32f4xx_it.o(i.SysTick_Handler) for SysTick_Handler
    startup_stm32f407xx.o(RESET) refers to hallcap.o(i.TIM3_IRQHandler) for TIM3_IRQHandler
    startup_stm32f407xx.o(RESET) refers to usart.o(i.USART1_IRQHandler) for USART1_IRQHandler
    startup_stm32f407xx.o(RESET) refers to hostmodbus.o(i.USART2_IRQHandler) for USART2_IRQHandler
    startup_stm32f407xx.o(RESET) refers to slavemodbus.o(i.USART3_IRQHandler) for USART3_IRQHandler
    startup_stm32f407xx.o(RESET) refers to btim.o(i.TIM6_DAC_IRQHandler) for TIM6_DAC_IRQHandler
    startup_stm32f407xx.o(RESET) refers to adc.o(i.DMA2_Stream1_IRQHandler) for DMA2_Stream1_IRQHandler
    startup_stm32f407xx.o(RESET) refers to adc.o(i.DMA2_Stream4_IRQHandler) for DMA2_Stream4_IRQHandler
    startup_stm32f407xx.o(.text) refers to system_stm32f4xx.o(i.SystemInit) for SystemInit
    startup_stm32f407xx.o(.text) refers to entry.o(.ARM.Collect$$$$00000000) for __main
    main.o(i.main) refers to api_schedule.o(i.PeachOSRun) for PeachOSRun
    stm32f4xx_it.o(i.SysTick_Handler) refers to stm32f4xx_hal.o(i.HAL_IncTick) for HAL_IncTick
    system_stm32f4xx.o(i.SystemCoreClockUpdate) refers to system_stm32f4xx.o(.data) for SystemCoreClock
    system_stm32f4xx.o(i.SystemCoreClockUpdate) refers to system_stm32f4xx.o(.constdata) for AHBPrescTable
    delay.o(i.HAL_Delay) refers to delay.o(i.delay_ms) for delay_ms
    delay.o(i.delay_init) refers to delay.o(.data) for g_fac_us
    delay.o(i.delay_ms) refers to delay.o(i.delay_us) for delay_us
    delay.o(i.delay_us) refers to delay.o(.data) for g_fac_us
    sys.o(i.sys_stm32_clock_init) refers to memseta.o(.text) for __aeabi_memclr4
    sys.o(i.sys_stm32_clock_init) refers to stm32f4xx_hal_rcc.o(i.HAL_RCC_OscConfig) for HAL_RCC_OscConfig
    sys.o(i.sys_stm32_clock_init) refers to stm32f4xx_hal_rcc.o(i.HAL_RCC_ClockConfig) for HAL_RCC_ClockConfig
    sys.o(i.sys_stm32_clock_init) refers to stm32f4xx_hal.o(i.HAL_GetREVID) for HAL_GetREVID
    usart.o(i.HAL_UART_MspInit) refers to stm32f4xx_hal_gpio.o(i.HAL_GPIO_Init) for HAL_GPIO_Init
    usart.o(i.HAL_UART_MspInit) refers to stm32f4xx_hal_cortex.o(i.HAL_NVIC_EnableIRQ) for HAL_NVIC_EnableIRQ
    usart.o(i.HAL_UART_MspInit) refers to stm32f4xx_hal_cortex.o(i.HAL_NVIC_SetPriority) for HAL_NVIC_SetPriority
    usart.o(i.HAL_UART_RxCpltCallback) refers to stm32f4xx_hal_uart.o(i.HAL_UART_Receive_IT) for HAL_UART_Receive_IT
    usart.o(i.HAL_UART_RxCpltCallback) refers to usart.o(.data) for g_usart_rx_sta
    usart.o(i.HAL_UART_RxCpltCallback) refers to usart.o(.bss) for g_usart_rx_buf
    usart.o(i.USART1_IRQHandler) refers to stm32f4xx_hal_uart.o(i.HAL_UART_IRQHandler) for HAL_UART_IRQHandler
    usart.o(i.USART1_IRQHandler) refers to usart.o(.bss) for g_uart1_handle
    usart.o(i.usart_init) refers to stm32f4xx_hal_uart.o(i.HAL_UART_Init) for HAL_UART_Init
    usart.o(i.usart_init) refers to stm32f4xx_hal_uart.o(i.HAL_UART_Receive_IT) for HAL_UART_Receive_IT
    usart.o(i.usart_init) refers to usart.o(.bss) for g_uart1_handle
    usart.o(i.usart_init) refers to usart.o(.data) for g_rx_buffer
    beep.o(i.beep_init) refers to stm32f4xx_hal_gpio.o(i.HAL_GPIO_Init) for HAL_GPIO_Init
    beep.o(i.beep_init) refers to stm32f4xx_hal_gpio.o(i.HAL_GPIO_WritePin) for HAL_GPIO_WritePin
    key.o(i.key_init) refers to stm32f4xx_hal_gpio.o(i.HAL_GPIO_Init) for HAL_GPIO_Init
    key.o(i.key_scan1) refers to stm32f4xx_hal_gpio.o(i.HAL_GPIO_ReadPin) for HAL_GPIO_ReadPin
    key.o(i.key_scan1) refers to delay.o(i.delay_ms) for delay_ms
    key.o(i.key_scan10) refers to stm32f4xx_hal_gpio.o(i.HAL_GPIO_ReadPin) for HAL_GPIO_ReadPin
    key.o(i.key_scan10) refers to delay.o(i.delay_ms) for delay_ms
    key.o(i.key_scan11) refers to stm32f4xx_hal_gpio.o(i.HAL_GPIO_ReadPin) for HAL_GPIO_ReadPin
[...]
    _main_init                               0x08000191   Thumb Code     0  entry9a.o(.ARM.Collect$$$$0000000B)
    __rt_final_cpp                           0x08000199   Thumb Code     0  entry10a.o(.ARM.Collect$$$$0000000D)
    __rt_final_exit                          0x08000199   Thumb Code     0  entry11a.o(.ARM.Collect$$$$0000000F)
    Reset_Handler                            0x0800019d   Thumb Code     8  startup_stm32f407xx.o(.text)
    ADC_IRQHandler                           0x080001b7   Thumb Code     0  startup_stm32f407xx.o(.text)
    CAN1_RX0_IRQHandler                      0x080001b7   Thumb Code     0  startup_stm32f407xx.o(.text)
    CAN1_RX1_IRQHandler                      0x080001b7   Thumb Code     0  startup_stm32f407xx.o(.text)
    CAN1_SCE_IRQHandler                      0x080001b7   Thumb Code     0  startup_stm32f407xx.o(.text)
    CAN1_TX_IRQHandler                       0x080001b7   Thumb Code     0  startup_stm32f407xx.o(.text)
    CAN2_RX0_IRQHandler                      0x080001b7   Thumb Code     0  startup_stm32f407xx.o(.text)
    CAN2_RX1_IRQHandler                      0x080001b7   Thumb Code     0  startup_stm32f407xx.o(.text)
    CAN2_SCE_IRQHandler                      0x080001b7   Thumb Code     0  startup_stm32f407xx.o(.text)
    CAN2_TX_IRQHandler                       0x080001b7   Thumb Code     0  startup_stm32f407xx.o(.text)
    DCMI_IRQHandler                          0x080001b7   Thumb Code     0  startup_stm32f407xx.o(.text)
    DMA1_Stream0_IRQHandler                  0x080001b7   Thumb Code     0  startup_stm32f407xx.o(.text)
    DMA1_Stream1_IRQHandler                  0x080001b7   Thumb Code     0  startup_stm32f407xx.o(.text)
    DMA1_Stream2_IRQHandler                  0x080001b7   Thumb Code     0  startup_stm32f407xx.o(.text)
    DMA1_Stream3_IRQHandler                  0x080001b7   Thumb Code     0  startup_stm32f407xx.o(.text)
    DMA1_Stream4_IRQHandler                  0x080001b7   Thumb Code     0  startup_stm32f407xx.o(.text)
    DMA1_Stream5_IRQHandler                  0x080001b7   Thumb Code     0  startup_stm32f407xx.o(.text)
    DMA1_Stream6_IRQHandler                  0x080001b7   Thumb Code     0  startup_stm32f407xx.o(.text)
    DMA1_Stream7_IRQHandler                  0x080001b7   Thumb Code     0  startup_stm32f407xx.o(.text)
    DMA2_Stream0_IRQHandler                  0x080001b7   Thumb Code     0  startup_stm32f407xx.o(.text)
    DMA2_Stream2_IRQHandler                  0x080001b7   Thumb Code     0  startup_stm32f407xx.o(.text)
    DMA2_Stream3_IRQHandler                  0x080001b7   Thumb Code     0  startup_stm32f407xx.o(.text)
    DMA2_Stream5_IRQHandler                  0x080001b7   Thumb Code     0  startup_stm32f407xx.o(.text)
    DMA2_Stream6_IRQHandler                  0x080001b7   Thumb Code     0  startup_stm32f407xx.o(.text)
    DMA2_Stream7_IRQHandler                  0x080001b7   Thumb Code     0  startup_stm32f407xx.o(.text)
    ETH_IRQHandler                           0x080001b7   Thumb Code     0  startup_stm32f407xx.o(.text)
    ETH_WKUP_IRQHandler                      0x080001b7   Thumb Code     0  startup_stm32f407xx.o(.text)
    EXTI0_IRQHandler                         0x080001b7   Thumb Code     0  startup_stm32f407xx.o(.text)
    EXTI15_10_IRQHandler                     0x080001b7   Thumb Code     0  startup_stm32f407xx.o(.text)
    EXTI1_IRQHandler                         0x080001b7   Thumb Code     0  startup_stm32f407xx.o(.text)
    EXTI2_IRQHandler                         0x080001b7   Thumb Code     0  startup_stm32f407xx.o(.text)
    EXTI3_IRQHandler                         0x080001b7   Thumb Code     0  startup_stm32f407xx.o(.text)
    EXTI4_IRQHandler                         0x080001b7   Thumb Code     0  startup_stm32f407xx.o(.text)
    EXTI9_5_IRQHandler                       0x080001b7   Thumb Code     0  startup_stm32f407xx.o(.text)
    FLASH_IRQHandler                         0x080001b7   Thumb Code     0  startup_stm32f407xx.o(.text)
    FMC_IRQHandler                           0x080001b7   Thumb Code     0  startup_stm32f407xx.o(.text)
    FPU_IRQHandler                           0x080001b7   Thumb Code     0  startup_stm32f407xx.o(.text)
    HASH_RNG_IRQHandler                      0x080001b7   Thumb Code     0  startup_stm32f407xx.o(.text)
    I2C1_ER_IRQHandler                       0x080001b7   Thumb Code     0  startup_stm32f407xx.o(.text)
    I2C1_EV_IRQHandler                       0x080001b7   Thumb Code     0  startup_stm32f407xx.o(.text)
    I2C2_ER_IRQHandler                       0x080001b7   Thumb Code     0  startup_stm32f407xx.o(.text)
    I2C2_EV_IRQHandler                       0x080001b7   Thumb Code     0  startup_stm32f407xx.o(.text)
    I2C3_ER_IRQHandler                       0x080001b7   Thumb Code     0  startup_stm32f407xx.o(.text)
    I2C3_EV_IRQHandler                       0x080001b7   Thumb Code     0  startup_stm32f407xx.o(.text)
    OTG_FS_IRQHandler                        0x080001b7   Thumb Code     0  startup_stm32f407xx.o(.text)
    OTG_FS_WKUP_IRQHandler                   0x080001b7   Thumb Code     0  startup_stm32f407xx.o(.text)
    OTG_HS_EP1_IN_IRQHandler                 0x080001b7   Thumb Code     0  startup_stm32f407xx.o(.text)
    OTG_HS_EP1_OUT_IRQHandler                0x080001b7   Thumb Code     0  startup_stm32f407xx.o(.text)
    OTG_HS_IRQHandler                        0x080001b7   Thumb Code     0  startup_stm32f407xx.o(.text)
    OTG_HS_WKUP_IRQHandler                   0x080001b7   Thumb Code     0  startup_stm32f407xx.o(.text)
    PVD_IRQHandler                           0x080001b7   Thumb Code     0  startup_stm32f407xx.o(.text)
    RCC_IRQHandler                           0x080001b7   Thumb Code     0  startup_stm32f407xx.o(.text)
    RTC_Alarm_IRQHandler                     0x080001b7   Thumb Code     0  startup_stm32f407xx.o(.text)
    RTC_WKUP_IRQHandler                      0x080001b7   Thumb Code     0  startup_stm32f407xx.o(.text)
    SDIO_IRQHandler                          0x080001b7   Thumb Code     0  startup_stm32f407xx.o(.text)
    SPI1_IRQHandler                          0x080001b7   Thumb Code     0  startup_stm32f407xx.o(.text)
    SPI2_IRQHandler                          0x080001b7   Thumb Code     0  startup_stm32f407xx.o(.text)
    SPI3_IRQHandler                          0x080001b7   Thumb Code     0  startup_stm32f407xx.o(.text)
    TAMP_STAMP_IRQHandler                    0x080001b7   Thumb Code     0  startup_stm32f407xx.o(.text)
    TIM1_BRK_TIM9_IRQHandler                 0x080001b7   Thumb Code     0  startup_stm32f407xx.o(.text)
    TIM1_CC_IRQHandler                       0x080001b7   Thumb Code     0  startup_stm32f407xx.o(.text)
    TIM1_TRG_COM_TIM11_IRQHandler            0x080001b7   Thumb Code     0  startup_stm32f407xx.o(.text)
    TIM1_UP_TIM10_IRQHandler                 0x080001b7   Thumb Code     0  startup_stm32f407xx.o(.text)
    TIM2_IRQHandler                          0x080001b7   Thumb Code     0  startup_stm32f407xx.o(.text)
    TIM4_IRQHandler                          0x080001b7   Thumb Code     0  startup_stm32f407xx.o(.text)
    TIM5_IRQHandler                          0x080001b7   Thumb Code     0  startup_stm32f407xx.o(.text)
    TIM7_IRQHandler                          0x080001b7   Thumb Code     0  startup_stm32f407xx.o(.text)
    TIM8_BRK_TIM12_IRQHandler                0x080001b7   Thumb Code     0  startup_stm32f407xx.o(.text)
    TIM8_CC_IRQHandler                       0x080001b7   Thumb Code     0  startup_stm32f407xx.o(.text)
    TIM8_TRG_COM_TIM14_IRQHandler            0x080001b7   Thumb Code     0  startup_stm32f407xx.o(.text)
    TIM8_UP_TIM13_IRQHandler                 0x080001b7   Thumb Code     0  startup_stm32f407xx.o(.text)
    UART4_IRQHandler                         0x080001b7   Thumb Code     0  startup_stm32f407xx.o(.text)
    UART5_IRQHandler                         0x080001b7   Thumb Code     0  startup_stm32f407xx.o(.text)
    USART6_IRQHandler                        0x080001b7   Thumb Code     0  startup_stm32f407xx.o(.text)
    WWDG_IRQHandler                          0x080001b7   Thumb Code     0  startup_stm32f407xx.o(.text)
    __aeabi_uldivmod                         0x080001c1   Thumb Code    98  uldiv.o(.text)
    __aeabi_ldivmod                          0x08000223   Thumb Code    98  ldiv.o(.text)
    __aeabi_memset                           0x08000285   Thumb Code    14  memseta.o(.text)
    __aeabi_memset4                          0x08000285   Thumb Code     0  memseta.o(.text)
    __aeabi_memset8                          0x08000285   Thumb Code     0  memseta.o(.text)
    __aeabi_memclr                           0x08000293   Thumb Code     4  memseta.o(.text)
    __aeabi_memclr4                          0x08000293   Thumb Code     0  memseta.o(.text)
    __aeabi_memclr8                          0x08000293   Thumb Code     0  memseta.o(.text)
    _memset$wrapper                          0x08000297   Thumb Code    18  memseta.o(.text)
    memcmp                                   0x080002a9   Thumb Code    26  memcmp.o(.text)
    __aeabi_dadd                             0x080002c3   Thumb Code   322  dadd.o(.text)
    __aeabi_dsub                             0x08000405   Thumb Code     6  dadd.o(.text)
    __aeabi_drsub                            0x0800040b   Thumb Code     6  dadd.o(.text)
    __aeabi_dmul                             0x08000411   Thumb Code   228  dmul.o(.text)
    __aeabi_ddiv                             0x080004f5   Thumb Code   222  ddiv.o(.text)
    __aeabi_i2d                              0x080005d3   Thumb Code    34  dflti.o(.text)
    __aeabi_ui2d                             0x080005f5   Thumb Code    26  dfltui.o(.text)
    __aeabi_d2iz                             0x0800060f   Thumb Code    62  dfixi.o(.text)
    __aeabi_d2uiz                            0x0800064d   Thumb Code    50  dfixui.o(.text)
    __aeabi_f2d                              0x0800067f   Thumb Code    38  f2d.o(.text)
    __aeabi_cdcmpeq                          0x080006a5   Thumb Code     0  cdcmple.o(.text)
    __aeabi_cdcmple                          0x080006a5   Thumb Code    48  cdcmple.o(.text)
    __aeabi_cdrcmple                         0x080006d5   Thumb Code    48  cdrcmple.o(.text)
    __aeabi_d2f                              0x08000705   Thumb Code    56  d2f.o(.text)
    __aeabi_llsl                             0x0800073d   Thumb Code    30  llshl.o(.text)
    _ll_shift_l                              0x0800073d   Thumb Code     0  llshl.o(.text)
    __aeabi_llsr                             0x0800075b   Thumb Code    32  llushr.o(.text)
    _ll_ushift_r                             0x0800075b   Thumb Code     0  llushr.o(.text)
    __aeabi_lasr                             0x0800077b   Thumb Code    36  llsshr.o(.text)
    _ll_sshift_r                             0x0800077b   Thumb Code     0  llsshr.o(.text)
    __I$use$fp                               0x0800079f   Thumb Code     0  iusefp.o(.text)
    _float_round                             0x0800079f   Thumb Code    18  fepilogue.o(.text)
    _float_epilogue                          0x080007b1   Thumb Code    92  fepilogue.o(.text)
    _double_round                            0x0800080d   Thumb Code    30  depilogue.o(.text)
    _double_epilogue                         0x0800082b   Thumb Code   156  depilogue.o(.text)
    __ARM_scalbn                             0x080008c7   Thumb Code    46  dscalb.o(.text)
    scalbn                                   0x080008c7   Thumb Code     0  dscalb.o(.text)
    __scatterload                            0x080008f5   Thumb Code    28  init.o(.text)
    __scatterload_rt2                        0x080008f5   Thumb Code     0  init.o(.text)
    _dsqrt                                   0x08000919   Thumb Code   162  dsqrt.o(.text)
    __decompress                             0x080009bb   Thumb Code     0  __dczerorl2.o(.text)
    __decompress1                            0x080009bb   Thumb Code    86  __dczerorl2.o(.text)
    Beep_run                                 0x08000c19   Thumb Code    60  task.o(i.Beep_run)
    BusFault_Handler                         0x08000c5d   Thumb Code     4  stm32f4xx_it.o(i.BusFault_Handler)
    DMA2_Stream1_IRQHandler                  0x08000dd1   Thumb Code    38  adc.o(i.DMA2_Stream1_IRQHandler)
    DMA2_Stream4_IRQHandler                  0x08000e01   Thumb Code    38  adc.o(i.DMA2_Stream4_IRQHandler)
    Datareset                                0x08000f3d   Thumb Code    42  getadcdata.o(i.Datareset)
    DebugMon_Handler                         0x08000f6d   Thumb Code     2  stm32f4xx_it.o(i.DebugMon_Handler)
    DypA21                                   0x08000f71   Thumb Code   114  task.o(i.DypA21)
    GetADC_AllData                           0x08001011   Thumb Code     8  task.o(i.GetADC_AllData)
    HAL_ADC_ConfigChannel                    0x08001019   Thumb Code   380  stm32f4xx_hal_adc.o(i.HAL_ADC_ConfigChannel)
    HAL_ADC_ConvCpltCallback                 0x080011a5   Thumb Code     2  stm32f4xx_hal_adc.o(i.HAL_ADC_ConvCpltCallback)
    HAL_ADC_ConvHalfCpltCallback             0x080011a7   Thumb Code     2  stm32f4xx_hal_adc.o(i.HAL_ADC_ConvHalfCpltCallback)
    HAL_ADC_ErrorCallback                    0x080011a9   Thumb Code     2  stm32f4xx_hal_adc.o(i.HAL_ADC_ErrorCallback)
    HAL_ADC_Init                             0x080011ad   Thumb Code   100  stm32f4xx_hal_adc.o(i.HAL_ADC_Init)
    HAL_ADC_MspInit                          0x08001215   Thumb Code     2  stm32f4xx_hal_adc.o(i.HAL_ADC_MspInit)
    HAL_ADC_Start_DMA                        0x08001219   Thumb Code   398  stm32f4xx_hal_adc.o(i.HAL_ADC_Start_DMA)
    HAL_DMA_Abort                            0x080013cd   Thumb Code   170  stm32f4xx_hal_dma.o(i.HAL_DMA_Abort)
    HAL_DMA_Abort_IT                         0x08001477   Thumb Code    40  stm32f4xx_hal_dma.o(i.HAL_DMA_Abort_IT)
    HAL_DMA_Init                             0x080014a1   Thumb Code   232  stm32f4xx_hal_dma.o(i.HAL_DMA_Init)
    HAL_DMA_Start                            0x0800158d   Thumb Code   102  stm32f4xx_hal_dma.o(i.HAL_DMA_Start)
    HAL_DMA_Start_IT                         0x080015f3   Thumb Code   146  stm32f4xx_hal_dma.o(i.HAL_DMA_Start_IT)
    HAL_GPIO_Init                            0x08001685   Thumb Code   470  stm32f4xx_hal_gpio.o(i.HAL_GPIO_Init)
    HAL_GPIO_ReadPin                         0x08001889   Thumb Code    16  stm32f4xx_hal_gpio.o(i.HAL_GPIO_ReadPin)
    HAL_GPIO_TogglePin                       0x08001899   Thumb Code    20  stm32f4xx_hal_gpio.o(i.HAL_GPIO_TogglePin)
    HAL_GPIO_WritePin                        0x080018ad   Thumb Code    12  stm32f4xx_hal_gpio.o(i.HAL_GPIO_WritePin)
    HAL_GetREVID                             0x080018b9   Thumb Code     8  stm32f4xx_hal.o(i.HAL_GetREVID)
    HAL_GetTick                              0x080018c5   Thumb Code     6  stm32f4xx_hal.o(i.HAL_GetTick)
    HAL_IWDG_Init                            0x080018d1   Thumb Code    94  stm32f4xx_hal_iwdg.o(i.HAL_IWDG_Init)
    HAL_IWDG_Refresh                         0x0800192f   Thumb Code    14  stm32f4xx_hal_iwdg.o(i.HAL_IWDG_Refresh)
    HAL_IncTick                              0x0800193d   Thumb Code    16  stm32f4xx_hal.o(i.HAL_IncTick)
    HAL_Init                                 0x08001955   Thumb Code    44  stm32f4xx_hal.o(i.HAL_Init)
    HAL_InitTick                             0x08001985   Thumb Code    64  stm32f4xx_hal.o(i.HAL_InitTick)
    HAL_MspInit                              0x080019d1   Thumb Code     2  stm32f4xx_hal_msp_template.o(i.HAL_MspInit)
    HAL_NVIC_EnableIRQ                       0x080019d3   Thumb Code    32  stm32f4xx_hal_cortex.o(i.HAL_NVIC_EnableIRQ)
    HAL_NVIC_SetPriority                     0x080019f3   Thumb Code   124  stm32f4xx_hal_cortex.o(i.HAL_NVIC_SetPriority)
    HAL_NVIC_SetPriorityGrouping             0x08001a71   Thumb Code    32  stm32f4xx_hal_cortex.o(i.HAL_NVIC_SetPriorityGrouping)
    HAL_RCC_ClockConfig                      0x08001a99   Thumb Code   368  stm32f4xx_hal_rcc.o(i.HAL_RCC_ClockConfig)
    HAL_RCC_GetHCLKFreq                      0x08001c1d   Thumb Code     6  stm32f4xx_hal_rcc.o(i.HAL_RCC_GetHCLKFreq)
    HAL_RCC_GetPCLK1Freq                     0x08001c29   Thumb Code    22  stm32f4xx_hal_rcc.o(i.HAL_RCC_GetPCLK1Freq)
    HAL_RCC_GetPCLK2Freq                     0x08001c49   Thumb Code    22  stm32f4xx_hal_rcc.o(i.HAL_RCC_GetPCLK2Freq)
    HAL_RCC_GetSysClockFreq                  0x08001c69   Thumb Code   162  stm32f4xx_hal_rcc.o(i.HAL_RCC_GetSysClockFreq)
    HAL_RCC_OscConfig                        0x08001d19   Thumb Code  1172  stm32f4xx_hal_rcc.o(i.HAL_RCC_OscConfig)
    HAL_SYSTICK_Config                       0x080021b5   Thumb Code    52  stm32f4xx_hal_cortex.o(i.HAL_SYSTICK_Config)
    HAL_TIMEx_BreakCallback                  0x080021e9   Thumb Code     2  stm32f4xx_hal_tim_ex.o(i.HAL_TIMEx_BreakCallback)
    HAL_TIMEx_CommutCallback                 0x080021eb   Thumb Code     2  stm32f4xx_hal_tim_ex.o(i.HAL_TIMEx_CommutCallback)
    HAL_TIM_Base_Init                        0x080021ed   Thumb Code   102  stm32f4xx_hal_tim.o(i.HAL_TIM_Base_Init)
    HAL_TIM_Base_MspInit                     0x08002255   Thumb Code    66  btim.o(i.HAL_TIM_Base_MspInit)
    HAL_TIM_Base_Start_IT                    0x080022a1   Thumb Code   138  stm32f4xx_hal_tim.o(i.HAL_TIM_Base_Start_IT)
    HAL_TIM_IC_CaptureCallback               0x08002349   Thumb Code     2  stm32f4xx_hal_tim.o(i.HAL_TIM_IC_CaptureCallback)
    HAL_TIM_IRQHandler                       0x0800234b   Thumb Code   406  stm32f4xx_hal_tim.o(i.HAL_TIM_IRQHandler)
    HAL_TIM_OC_DelayElapsedCallback          0x080024e1   Thumb Code     2  stm32f4xx_hal_tim.o(i.HAL_TIM_OC_DelayElapsedCallback)
    HAL_TIM_PWM_ConfigChannel                0x080024e3   Thumb Code   252  stm32f4xx_hal_tim.o(i.HAL_TIM_PWM_ConfigChannel)
    HAL_TIM_PWM_Init                         0x080025df   Thumb Code   102  stm32f4xx_hal_tim.o(i.HAL_TIM_PWM_Init)
    HAL_TIM_PWM_MspInit                      0x08002645   Thumb Code   698  moterdriver.o(i.HAL_TIM_PWM_MspInit)
    HAL_TIM_PWM_PulseFinishedCallback        0x08002931   Thumb Code     2  stm32f4xx_hal_tim.o(i.HAL_TIM_PWM_PulseFinishedCallback)
    HAL_TIM_PWM_Start                        0x08002935   Thumb Code   238  stm32f4xx_hal_tim.o(i.HAL_TIM_PWM_Start)
    HAL_TIM_PeriodElapsedCallback            0x08002a41   Thumb Code   136  btim.o(i.HAL_TIM_PeriodElapsedCallback)
    HAL_TIM_TriggerCallback                  0x08002ad5   Thumb Code     2  stm32f4xx_hal_tim.o(i.HAL_TIM_TriggerCallback)
    HAL_UARTEx_RxEventCallback               0x08002ad7   Thumb Code     2  stm32f4xx_hal_uart.o(i.HAL_UARTEx_RxEventCallback)
    HAL_UART_ErrorCallback                   0x08002ad9   Thumb Code     2  stm32f4xx_hal_uart.o(i.HAL_UART_ErrorCallback)
    HAL_UART_IRQHandler                      0x08002add   Thumb Code   586  stm32f4xx_hal_uart.o(i.HAL_UART_IRQHandler)
    HAL_UART_Init                            0x08002d2d   Thumb Code   114  stm32f4xx_hal_uart.o(i.HAL_UART_Init)
    HAL_UART_MspInit                         0x08002da1   Thumb Code   188  usart.o(i.HAL_UART_MspInit)
    HAL_UART_Receive                         0x08002e69   Thumb Code   220  stm32f4xx_hal_uart.o(i.HAL_UART_Receive)
    HAL_UART_Receive_IT                      0x08002f45   Thumb Code    66  stm32f4xx_hal_uart.o(i.HAL_UART_Receive_IT)
    HAL_UART_RxCpltCallback                  0x08002f89   Thumb Code   134  usart.o(i.HAL_UART_RxCpltCallback)
    HAL_UART_Transmit                        0x08003025   Thumb Code   210  stm32f4xx_hal_uart.o(i.HAL_UART_Transmit)
    HAL_UART_TxCpltCallback                  0x080030f7   Thumb Code     2  stm32f4xx_hal_uart.o(i.HAL_UART_TxCpltCallback)
    HOST_ModbusRX                            0x080030f9   Thumb Code   108  hostmodbus.o(i.HOST_ModbusRX)
    HardFault_Handler                        0x08003169   Thumb Code     4  stm32f4xx_it.o(i.HardFault_Handler)
    Hard_devInit                             0x0800316d   Thumb Code    96  task.o(i.Hard_devInit)
    Host_Func3                               0x080031cd   Thumb Code    56  hostmodbus.o(i.Host_Func3)
    Host_Func6                               0x0800320d   Thumb Code    60  hostmodbus.o(i.Host_Func6)
    Host_ModbusKeyUART2_init                 0x0800324d   Thumb Code   310  hostmodbus.o(i.Host_ModbusKeyUART2_init)
    Host_Modbuskey_CRC16                     0x08003399   Thumb Code    48  hostmodbus.o(i.Host_Modbuskey_CRC16)
    Host_Modbuskey_Init                      0x080033d1   Thumb Code    20  hostmodbus.o(i.Host_Modbuskey_Init)
    Host_Modbuskey_send_data                 0x080033e9   Thumb Code    52  hostmodbus.o(i.Host_Modbuskey_send_data)
    Host_Read03_slave                        0x08003425   Thumb Code   210  hostmodbus.o(i.Host_Read03_slave)
    Host_write06_slave                       0x08003501   Thumb Code   214  hostmodbus.o(i.Host_write06_slave)
    IIC_Ack                                  0x080035e1   Thumb Code    66  myiic.o(i.IIC_Ack)
    IIC_Init                                 0x08003631   Thumb Code    74  myiic.o(i.IIC_Init)
    IIC_NAck                                 0x0800368d   Thumb Code    66  myiic.o(i.IIC_NAck)
    IIC_Read_Byte                            0x080036dd   Thumb Code    94  myiic.o(i.IIC_Read_Byte)
    IIC_Send_Byte                            0x08003749   Thumb Code    90  myiic.o(i.IIC_Send_Byte)
    IIC_Start                                0x080037b1   Thumb Code    64  myiic.o(i.IIC_Start)
    IIC_Stop                                 0x080037fd   Thumb Code    62  myiic.o(i.IIC_Stop)
    IIC_Wait_Ack                             0x08003849   Thumb Code    82  myiic.o(i.IIC_Wait_Ack)
    LedFlash                                 0x080038a9   Thumb Code     8  task.o(i.LedFlash)
    MPU_Init                                 0x080038b1   Thumb Code   122  mpu6050.o(i.MPU_Init)
    MPU_Read_Byte                            0x0800392b   Thumb Code    58  mpu6050.o(i.MPU_Read_Byte)
    MPU_Read_Len                             0x08003965   Thumb Code   116  mpu6050.o(i.MPU_Read_Len)
    MPU_Set_Accel_Fsr                        0x080039d9   Thumb Code    16  mpu6050.o(i.MPU_Set_Accel_Fsr)
    MPU_Set_Gyro_Fsr                         0x080039e9   Thumb Code    16  mpu6050.o(i.MPU_Set_Gyro_Fsr)
    MPU_Set_LPF                              0x080039f9   Thumb Code    58  mpu6050.o(i.MPU_Set_LPF)
    MPU_Set_Rate                             0x08003a33   Thumb Code    58  mpu6050.o(i.MPU_Set_Rate)
    MPU_Write_Byte                           0x08003a6d   Thumb Code    68  mpu6050.o(i.MPU_Write_Byte)
    MPU_Write_Len                            0x08003ab1   Thumb Code    96  mpu6050.o(i.MPU_Write_Len)
    MemManage_Handler                        0x08003b11   Thumb Code     4  stm32f4xx_it.o(i.MemManage_Handler)
    MoterL_pwm_chy_init                      0x08003b15   Thumb Code    88  moterdriver.o(i.MoterL_pwm_chy_init)
    MoterLeg_pwm_chy_init                    0x08003b75   Thumb Code   124  moterdriver.o(i.MoterLeg_pwm_chy_init)
    MoterLift_pwm_chy_init                   0x08003bf9   Thumb Code    88  moterdriver.o(i.MoterLift_pwm_chy_init)
    MoterPedestal_Backboard_pwm_chy_init     0x08003c59   Thumb Code   124  moterdriver.o(i.MoterPedestal_Backboard_pwm_chy_init)
    MoterR_pwm_chy_init                      0x08003cdd   Thumb Code    88  moterdriver.o(i.MoterR_pwm_chy_init)
    MoterSupport_pwm_chy_init                0x08003d3d   Thumb Code    88  moterdriver.o(i.MoterSupport_pwm_chy_init)
    MoterdriveInit                           0x08003d9d   Thumb Code    52  moterdriver.o(i.MoterdriveInit)
    NMI_Handler                              0x08003dd1   Thumb Code     2  stm32f4xx_it.o(i.NMI_Handler)
    OS_IT_RUN                                0x08003dd5   Thumb Code    90  api_schedule.o(i.OS_IT_RUN)
    PeachOSRun                               0x08003e39   Thumb Code    72  api_schedule.o(i.PeachOSRun)
    PendSV_Handler                           0x08003e89   Thumb Code     2  stm32f4xx_it.o(i.PendSV_Handler)
    SVC_Handler                              0x08003e8b   Thumb Code     2  stm32f4xx_it.o(i.SVC_Handler)
    SeatLiftDrop                             0x08003e8d   Thumb Code   910  moterdriver.o(i.SeatLiftDrop)
    SysTick_Handler                          0x0800428d   Thumb Code     8  stm32f4xx_it.o(i.SysTick_Handler)
    SystemInit                               0x08004295   Thumb Code    14  system_stm32f4xx.o(i.SystemInit)
    TIM3_IRQHandler                          0x080042a9   Thumb Code    34  hallcap.o(i.TIM3_IRQHandler)
    TIM6_DAC_IRQHandler                      0x080042d5   Thumb Code    10  btim.o(i.TIM6_DAC_IRQHandler)
    TIM_Base_SetConfig                       0x080042e5   Thumb Code   170  stm32f4xx_hal_tim.o(i.TIM_Base_SetConfig)
    TIM_CCxChannelCmd                        0x080043bd   Thumb Code    34  stm32f4xx_hal_tim.o(i.TIM_CCxChannelCmd)
    TIM_OC2_SetConfig                        0x08004451   Thumb Code   114  stm32f4xx_hal_tim.o(i.TIM_OC2_SetConfig)
    Tmxl90393                                0x08004599   Thumb Code    44  task.o(i.Tmxl90393)
    UART_Start_Receive_IT                    0x0800491d   Thumb Code    70  stm32f4xx_hal_uart.o(i.UART_Start_Receive_IT)
    USART1_IRQHandler                        0x08004a31   Thumb Code    10  usart.o(i.USART1_IRQHandler)
    USART2_IRQHandler                        0x08004a41   Thumb Code    92  hostmodbus.o(i.USART2_IRQHandler)
    USART3_IRQHandler                        0x08004aa5   Thumb Code    92  slavemodbus.o(i.USART3_IRQHandler)
    UnderpanDrive                            0x08004b09   Thumb Code   492  task.o(i.UnderpanDrive)
    UsageFault_Handler                       0x08004d39   Thumb Code     4  stm32f4xx_it.o(i.UsageFault_Handler)
    Value_Resetzero                          0x08004d3d   Thumb Code    18  common.o(i.Value_Resetzero)
    Value_limit                              0x08004d4f   Thumb Code    92  common.o(i.Value_limit)
    __0printf$8                              0x08004dad   Thumb Code    22  printf8.o(i.__0printf$8)
    __1printf$8                              0x08004dad   Thumb Code     0  printf8.o(i.__0printf$8)
    __2printf                                0x08004dad   Thumb Code     0  printf8.o(i.__0printf$8)
    __ARM_fpclassify                         0x08004dcd   Thumb Code    48  fpclassify.o(i.__ARM_fpclassify)
    __ARM_fpclassifyf                        0x08004dfd   Thumb Code    38  fpclassifyf.o(i.__ARM_fpclassifyf)
    __hardfp_asin                            0x08004e61   Thumb Code   770  asin.o(i.__hardfp_asin)
    __hardfp_atan                            0x080051c1   Thumb Code   622  atan.o(i.__hardfp_atan)
    __hardfp_atan2                           0x08005499   Thumb Code   432  atan2.o(i.__hardfp_atan2)
    __hardfp_expf                            0x08005689   Thumb Code   426  expf.o(i.__hardfp_expf)
    __mathlib_expf                           0x08005689   Thumb Code     0  expf.o(i.__hardfp_expf)
    __hardfp_fabs                            0x08005871   Thumb Code    20  fabs.o(i.__hardfp_fabs)
    __hardfp_pow                             0x08005889   Thumb Code  3072  pow.o(i.__hardfp_pow)
    __hardfp_tan                             0x080064d9   Thumb Code   108  tan.o(i.__hardfp_tan)
    __ieee754_rem_pio2                       0x08006559   Thumb Code   938  rred.o(i.__ieee754_rem_pio2)
    __kernel_poly                            0x08006991   Thumb Code   248  poly.o(i.__kernel_poly)
    __kernel_tan                             0x08006a89   Thumb Code   764  tan_i.o(i.__kernel_tan)
    __mathlib_dbl_divzero                    0x08006dd9   Thumb Code    28  dunder.o(i.__mathlib_dbl_divzero)
    __mathlib_dbl_infnan                     0x08006e09   Thumb Code    20  dunder.o(i.__mathlib_dbl_infnan)
    __mathlib_dbl_infnan2                    0x08006e1d   Thumb Code    20  dunder.o(i.__mathlib_dbl_infnan2)
    __mathlib_dbl_invalid                    0x08006e31   Thumb Code    24  dunder.o(i.__mathlib_dbl_invalid)
    __mathlib_dbl_overflow                   0x08006e51   Thumb Code    24  dunder.o(i.__mathlib_dbl_overflow)
    __mathlib_dbl_underflow                  0x08006e71   Thumb Code    24  dunder.o(i.__mathlib_dbl_underflow)
    __mathlib_flt_infnan                     0x08006e91   Thumb Code     6  funder.o(i.__mathlib_flt_infnan)
    __mathlib_flt_overflow                   0x08006e99   Thumb Code    10  funder.o(i.__mathlib_flt_overflow)
    __mathlib_flt_underflow                  0x08006ea9   Thumb Code    10  funder.o(i.__mathlib_flt_underflow)
    __scatterload_copy                       0x08006eb9   Thumb Code    14  handlers.o(i.__scatterload_copy)
    __scatterload_null                       0x08006ec7   Thumb Code     2  handlers.o(i.__scatterload_null)
    __scatterload_zeroinit                   0x08006ec9   Thumb Code    14  handlers.o(i.__scatterload_zeroinit)
    __set_errno                              0x08006ed9   Thumb Code     6  errno.o(i.__set_errno)
    adc1_nch_dma_enable                      0x08007409   Thumb Code    84  adc.o(i.adc1_nch_dma_enable)
    adc1_nch_dma_gpio_init                   0x08007469   Thumb Code   112  adc.o(i.adc1_nch_dma_gpio_init)
    adc1_nch_dma_init                        0x080074e5   Thumb Code   330  adc.o(i.adc1_nch_dma_init)
    adc3_nch_dma_enable                      0x08007649   Thumb Code    86  adc.o(i.adc3_nch_dma_enable)
    adc3_nch_dma_gpio_init                   0x080076b1   Thumb Code   114  adc.o(i.adc3_nch_dma_gpio_init)
    adc3_nch_dma_init                        0x08007731   Thumb Code   392  adc.o(i.adc3_nch_dma_init)
    adc_channel_set                          0x080078d1   Thumb Code    30  adc.o(i.adc_channel_set)
    atan                                     0x080078ef   Thumb Code    16  atan.o(i.atan)
    beep_init                                0x08007901   Thumb Code    80  beep.o(i.beep_init)
    brake_init                               0x08007959   Thumb Code   142  brake.o(i.brake_init)
    btim_timx_int_init                       0x080079f1   Thumb Code    34  btim.o(i.btim_timx_int_init)
    currentproInit                           0x08007a1d   Thumb Code    12  overcurrent_protection.o(i.currentproInit)
    dcurrentpro_init                         0x08007a29   Thumb Code   154  overcurrent_protection.o(i.dcurrentpro_init)
    delay_init                               0x08007b31   Thumb Code     6  delay.o(i.delay_init)
    delay_ms                                 0x08007b3d   Thumb Code    18  delay.o(i.delay_ms)
    delay_us                                 0x08007b51   Thumb Code    68  delay.o(i.delay_us)
    dmp_enable_6x_lp_quat                    0x08007b99   Thumb Code    60  inv_mpu_dmp_motion_driver.o(i.dmp_enable_6x_lp_quat)
    dmp_enable_feature                       0x08007bd5   Thumb Code   530  inv_mpu_dmp_motion_driver.o(i.dmp_enable_feature)
    dmp_enable_gyro_cal                      0x08007df1   Thumb Code    62  inv_mpu_dmp_motion_driver.o(i.dmp_enable_gyro_cal)
    dmp_enable_lp_quat                       0x08007e49   Thumb Code    60  inv_mpu_dmp_motion_driver.o(i.dmp_enable_lp_quat)
    dmp_load_motion_driver_firmware          0x08007e85   Thumb Code    20  inv_mpu_dmp_motion_driver.o(i.dmp_load_motion_driver_firmware)
    dmp_read_fifo                            0x08007e9d   Thumb Code   456  inv_mpu_dmp_motion_driver.o(i.dmp_read_fifo)
    dmp_set_accel_bias                       0x08008069   Thumb Code   300  inv_mpu_dmp_motion_driver.o(i.dmp_set_accel_bias)
    dmp_set_fifo_rate                        0x08008199   Thumb Code    96  inv_mpu_dmp_motion_driver.o(i.dmp_set_fifo_rate)
    dmp_set_gyro_bias                        0x08008209   Thumb Code   294  inv_mpu_dmp_motion_driver.o(i.dmp_set_gyro_bias)
    dmp_set_orientation                      0x08008339   Thumb Code   290  inv_mpu_dmp_motion_driver.o(i.dmp_set_orientation)
    dmp_set_shake_reject_thresh              0x08008471   Thumb Code    56  inv_mpu_dmp_motion_driver.o(i.dmp_set_shake_reject_thresh)
    dmp_set_shake_reject_time                0x080084a9   Thumb Code    38  inv_mpu_dmp_motion_driver.o(i.dmp_set_shake_reject_time)
    dmp_set_shake_reject_timeout             0x080084cf   Thumb Code    38  inv_mpu_dmp_motion_driver.o(i.dmp_set_shake_reject_timeout)
    dmp_set_tap_axes                         0x080084f5   Thumb Code    70  inv_mpu_dmp_motion_driver.o(i.dmp_set_tap_axes)
    dmp_set_tap_count                        0x0800853b   Thumb Code    38  inv_mpu_dmp_motion_driver.o(i.dmp_set_tap_count)
    dmp_set_tap_thresh                       0x08008561   Thumb Code   412  inv_mpu_dmp_motion_driver.o(i.dmp_set_tap_thresh)
    dmp_set_tap_time                         0x08008721   Thumb Code    38  inv_mpu_dmp_motion_driver.o(i.dmp_set_tap_time)
    dmp_set_tap_time_multi                   0x08008747   Thumb Code    38  inv_mpu_dmp_motion_driver.o(i.dmp_set_tap_time_multi)
    fabs                                     0x0800876d   Thumb Code    24  fabs.o(i.fabs)
    fputc                                    0x08008785   Thumb Code    22  usart.o(i.fputc)
    getadc1Data                              0x08008ce1   Thumb Code   266  getadcdata.o(i.getadc1Data)
    getadc3Data                              0x08008e09   Thumb Code   162  getadcdata.o(i.getadc3Data)
    getadcData                               0x08008eb9   Thumb Code    12  getadcdata.o(i.getadcData)
    getadcDataInit                           0x08008ec5   Thumb Code    36  getadcdata.o(i.getadcDataInit)
    gyroscopeData                            0x0800900d   Thumb Code    14  task.o(i.gyroscopeData)
    inv_orientation_matrix_to_scalar         0x08009029   Thumb Code    40  inv_mpu.o(i.inv_orientation_matrix_to_scalar)
    inv_row_2_scale                          0x08009051   Thumb Code    78  inv_mpu.o(i.inv_row_2_scale)
    iwdg_feed                                0x080090a1   Thumb Code    10  wdg.o(i.iwdg_feed)
    iwdg_init                                0x080090b1   Thumb Code    24  wdg.o(i.iwdg_init)
    joysticDatacalibrationInit               0x080090d1   Thumb Code    98  getadcdata.o(i.joysticDatacalibrationInit)
    key_init                                 0x08009141   Thumb Code   266  key.o(i.key_init)
    key_scan2                                0x08009259   Thumb Code    60  key.o(i.key_scan2)
    key_scan3                                0x08009299   Thumb Code    60  key.o(i.key_scan3)
    key_scan4                                0x080092d9   Thumb Code    60  key.o(i.key_scan4)
    key_scan6                                0x08009319   Thumb Code    54  key.o(i.key_scan6)
    key_scan7                                0x08009355   Thumb Code    40  key.o(i.key_scan7)
    led_bling                                0x08009381   Thumb Code  1382  led.o(i.led_bling)
    led_init                                 0x080098fd   Thumb Code   494  led.o(i.led_init)
    linearactuatorDrive                      0x08009afd   Thumb Code     8  task.o(i.linearactuatorDrive)
    linearactuatorTest                       0x08009b05   Thumb Code     8  moterdriver.o(i.linearactuatorTest)
    main                                     0x08009b0d   Thumb Code    10  main.o(i.main)
    mget_ms                                  0x08009b17   Thumb Code     2  inv_mpu.o(i.mget_ms)
    mpu_configure_fifo                       0x08009b19   Thumb Code   106  inv_mpu.o(i.mpu_configure_fifo)
    mpu_dmp_get_data                         0x08009b89   Thumb Code   520  inv_mpu.o(i.mpu_dmp_get_data)
    mpu_dmp_init                             0x08009da1   Thumb Code   150  inv_mpu.o(i.mpu_dmp_init)
    mpu_get_accel_fsr                        0x08009e3d   Thumb Code    72  inv_mpu.o(i.mpu_get_accel_fsr)
    mpu_get_accel_sens                       0x08009e89   Thumb Code    78  inv_mpu.o(i.mpu_get_accel_sens)
    mpu_get_fifo_config                      0x08009edd   Thumb Code    12  inv_mpu.o(i.mpu_get_fifo_config)
    mpu_get_gyro_fsr                         0x08009eed   Thumb Code    64  inv_mpu.o(i.mpu_get_gyro_fsr)
    mpu_get_gyro_sens                        0x08009f31   Thumb Code    74  inv_mpu.o(i.mpu_get_gyro_sens)
    mpu_get_lpf                              0x08009f91   Thumb Code    74  inv_mpu.o(i.mpu_get_lpf)
    mpu_get_sample_rate                      0x08009fe1   Thumb Code    26  inv_mpu.o(i.mpu_get_sample_rate)
    mpu_init                                 0x0800a001   Thumb Code   416  inv_mpu.o(i.mpu_init)
    mpu_load_firmware                        0x0800a1f1   Thumb Code   180  inv_mpu.o(i.mpu_load_firmware)
    mpu_lp_accel_mode                        0x0800a2a9   Thumb Code   218  inv_mpu.o(i.mpu_lp_accel_mode)
    mpu_read_fifo_stream                     0x0800a389   Thumb Code   186  inv_mpu.o(i.mpu_read_fifo_stream)
    mpu_read_mem                             0x0800a449   Thumb Code   122  inv_mpu.o(i.mpu_read_mem)
    mpu_reset_fifo                           0x0800a4c9   Thumb Code   450  inv_mpu.o(i.mpu_reset_fifo)
    mpu_run_self_test                        0x0800a691   Thumb Code   278  inv_mpu.o(i.mpu_run_self_test)
    mpu_set_accel_fsr                        0x0800a7ad   Thumb Code   126  inv_mpu.o(i.mpu_set_accel_fsr)
    mpu_set_bypass                           0x0800a831   Thumb Code   328  inv_mpu.o(i.mpu_set_bypass)
    mpu_set_dmp_state                        0x0800a97d   Thumb Code   138  inv_mpu.o(i.mpu_set_dmp_state)
    mpu_set_gyro_fsr                         0x0800aa0d   Thumb Code   132  inv_mpu.o(i.mpu_set_gyro_fsr)
    mpu_set_int_latched                      0x0800aa95   Thumb Code   102  inv_mpu.o(i.mpu_set_int_latched)
    mpu_set_lpf                              0x0800ab01   Thumb Code   126  inv_mpu.o(i.mpu_set_lpf)
    mpu_set_sample_rate                      0x0800ab85   Thumb Code   152  inv_mpu.o(i.mpu_set_sample_rate)
    mpu_set_sensors                          0x0800ac21   Thumb Code   202  inv_mpu.o(i.mpu_set_sensors)
    mpu_write_mem                            0x0800acf1   Thumb Code   122  inv_mpu.o(i.mpu_write_mem)
    run_self_test                            0x0800ad71   Thumb Code   154  inv_mpu.o(i.run_self_test)
    slopelimitx                              0x0800ae9d   Thumb Code   194  common.o(i.slopelimitx)
    slopelimity                              0x0800af69   Thumb Code   194  common.o(i.slopelimity)
    sqrt                                     0x0800b035   Thumb Code   110  sqrt.o(i.sqrt)
    sys_stm32_clock_init                     0x0800b0a5   Thumb Code   208  sys.o(i.sys_stm32_clock_init)
    tcurrentpro_init                         0x0800b181   Thumb Code     2  overcurrent_protection.o(i.tcurrentpro_init)
    usart_init                               0x0800b185   Thumb Code    44  usart.o(i.usart_init)
    velocity_maping                          0x0800b1bd   Thumb Code  3816  wheelspeedmap.o(i.velocity_maping)
    AHBPrescTable                            0x0800c0c8   Data          16  system_stm32f4xx.o(.constdata)
    APBPrescTable                            0x0800c0d8   Data           8  system_stm32f4xx.o(.constdata)
    reg                                      0x0800c0e0   Data          27  inv_mpu.o(.constdata)
    hw                                       0x0800c0fc   Data          12  inv_mpu.o(.constdata)
    test                                     0x0800c108   Data          40  inv_mpu.o(.constdata)
    Host_auchCRCHi                           0x0800cd26   Data         256  hostmodbus.o(.constdata)
    Host_auchCRCLo                           0x0800ce26   Data         256  hostmodbus.o(.constdata)
    __mathlib_zero                           0x0800d0d0   Data           8  qnan.o(.constdata)
    Region$$Table$$Base                      0x0800d250   Number         0  anon$$obj.o(Region$$Table)
    Region$$Table$$Limit                     0x0800d270   Number         0  anon$$obj.o(Region$$Table)
    SystemCoreClock                          0x20000000   Data           4  system_stm32f4xx.o(.data)
    __stdout                                 0x20000008   Data           4  usart.o(.data)
    g_usart_rx_sta                           0x2000000c   Data           2  usart.o(.data)
    g_rx_buffer                              0x2000000e   Data           1  usart.o(.data)
    led_state                                0x20000010   Data           1  led.o(.data)
    lastled_state                            0x20000011   Data           1  led.o(.data)
    doubleflingflage                         0x20000012   Data           1  led.o(.data)
    g_adc1_dma_sta                           0x2000001c   Data           1  adc.o(.data)
    g_adc3_dma_sta                           0x2000001d   Data           1  adc.o(.data)
    TaskST                                   0x20000068   Data          96  api_schedule.o(.data)
    TaskCount                                0x200000c8   Data           1  api_schedule.o(.data)
    Temperature                              0x200000cc   Data           2  task.o(.data)
    gyrox                                    0x200000ce   Data           2  task.o(.data)
    gyroy                                    0x200000d0   Data           2  task.o(.data)
    gyroz                                    0x200000d2   Data           2  task.o(.data)
    aacx                                     0x200000d4   Data           2  task.o(.data)
    aacy                                     0x200000d6   Data           2  task.o(.data)
    aacz                                     0x200000d8   Data           2  task.o(.data)
    pitch                                    0x200000dc   Data           4  task.o(.data)
    roll                                     0x200000e0   Data           4  task.o(.data)
    yaw                                      0x200000e4   Data           4  task.o(.data)
    g_timxchy_cnt_ofcnt                      0x20000104   Data           4  hallcap.o(.data)
    KeyStateRecive                           0x2000013e   Data         400  hostmodbus.o(.data)
    brakeflage                               0x200002d0   Data           2  wheelspeedmap.o(.data)
    drivestate                               0x200002d2   Data           1  wheelspeedmap.o(.data)
    pCalCurve                                0x200002d4   Data           8  wheelspeedmap.o(.data)
    uwTick                                   0x20000318   Data           4  stm32f4xx_hal.o(.data)
    uwTickPrio                               0x2000031c   Data           4  stm32f4xx_hal.o(.data)
    uwTickFreq                               0x20000320   Data           1  stm32f4xx_hal.o(.data)
    g_usart_rx_buf                           0x20000328   Data         200  usart.o(.bss)
    g_uart1_handle                           0x200003f0   Data          68  usart.o(.bss)
    g_adc1_nch_dma_handle                    0x20000434   Data          72  adc.o(.bss)
    g_dma_nch_adc1_handle                    0x2000047c   Data          96  adc.o(.bss)
    g_adc3_nch_dma_handle                    0x200004dc   Data          72  adc.o(.bss)
    g_dma_nch_adc3_handle                    0x20000524   Data          96  adc.o(.bss)
    g_time5_pwm_chy_handle                   0x20000584   Data          72  moterdriver.o(.bss)
    g_time9_pwm_chy_handle                   0x200005cc   Data          72  moterdriver.o(.bss)
    g_time1_pwm_chy_handle                   0x20000614   Data          72  moterdriver.o(.bss)
    g_time8_pwm_chy_handle                   0x2000065c   Data          72  moterdriver.o(.bss)
    g_time4_pwm_chy_handle                   0x200006a4   Data          72  moterdriver.o(.bss)
    g_time12_pwm_chy_handle                  0x200006ec   Data          72  moterdriver.o(.bss)
    g_timx_handler                           0x20000734   Data          72  btim.o(.bss)
    velPlanIn1                               0x20000780   Data          32  task.o(.bss)
    g_timx_cnt_chy_handle                    0x200007a0   Data          72  hallcap.o(.bss)
    g_adc1_dma_buf                           0x200007e8   Data         140  getadcdata.o(.bss)
    g_adc3_dma_buf                           0x20000874   Data         240  getadcdata.o(.bss)
    adcdata                                  0x20000964   Data          84  getadcdata.o(.bss)
    iwdg_handler                             0x200009c8   Data          12  wdg.o(.bss)
    g_slavemodbus_handler                    0x200009d4   Data          68  slavemodbus.o(.bss)
    Reg                                      0x20000a18   Data       10000  slavemodbus.o(.bss)
    slavemodbus                              0x20003128   Data         205  slavemodbus.o(.bss)
    g_modbus_handler                         0x200031f8   Data          68  hostmodbus.o(.bss)
    modbus                                   0x2000323c   Data         224  hostmodbus.o(.bss)
    velocity_pout                            0x20003320   Data         128  wheelspeedmap.o(.bss)
    __initial_sp                             0x200037a0   Data           0  startup_stm32f407xx.o(STACK)



==============================================================================

Memory Map of the image

  Image Entry point : 0x08000189

  Load Region LR_IROM1 (Base: 0x08000000, Size: 0x0000d598, Max: 0x00100000, ABSOLUTE, COMPRESSED[0x0000d2d8])

    Execution Region ER_IROM1 (Exec base: 0x08000000, Load base: 0x08000000, Size: 0x0000d270, Max: 0x00100000, ABSOLUTE)

    Exec Addr    Load Addr    Size         Type   Attr      Idx    E Section Name        Object

    0x08000000   0x08000000   0x00000188   Data   RO            3    RESET               startup_stm32f407xx.o
    0x08000188   0x08000188   0x00000000   Code   RO         9156  * .ARM.Collect$$$$00000000  mc_w.l(entry.o)
    0x08000188   0x08000188   0x00000004   Code   RO         9510    .ARM.Collect$$$$00000001  mc_w.l(entry2.o)
    0x0800018c   0x0800018c   0x00000004   Code   RO         9513    .ARM.Collect$$$$00000004  mc_w.l(entry5.o)
    0x08000190   0x08000190   0x00000000   Code   RO         9515    .ARM.Collect$$$$00000008  mc_w.l(entry7b.o)
    0x08000190   0x08000190   0x00000000   Code   RO         9517    .ARM.Collect$$$$0000000A  mc_w.l(entry8b.o)
    0x08000190   0x08000190   0x00000008   Code   RO         9518    .ARM.Collect$$$$0000000B  mc_w.l(entry9a.o)
    0x08000198   0x08000198   0x00000000   Code   RO         9520    .ARM.Collect$$$$0000000D  mc_w.l(entry10a.o)
    0x08000198   0x08000198   0x00000000   Code   RO         9522    .ARM.Collect$$$$0000000F  mc_w.l(entry11a.o)
    0x08000198   0x08000198   0x00000004   Code   RO         9511    .ARM.Collect$$$$00002712  mc_w.l(entry2.o)
    0x0800019c   0x0800019c   0x00000024   Code   RO            4    .text               startup_stm32f407xx.o
    0x080001c0   0x080001c0   0x00000062   Code   RO         9159    .text               mc_w.l(uldiv.o)
    0x08000222   0x08000222   0x00000062   Code   RO         9161    .text               mc_w.l(ldiv.o)
    0x08000284   0x08000284   0x00000024   Code   RO         9163    .text               mc_w.l(memseta.o)
    0x080002a8   0x080002a8   0x0000001a   Code   RO         9165    .text               mc_w.l(memcmp.o)
    0x080002c2   0x080002c2   0x0000014e   Code   RO         9428    .text               mf_w.l(dadd.o)
    0x08000410   0x08000410   0x000000e4   Code   RO         9430    .text               mf_w.l(dmul.o)
    0x080004f4   0x080004f4   0x000000de   Code   RO         9432    .text               mf_w.l(ddiv.o)
    0x080005d2   0x080005d2   0x00000022   Code   RO         9436    .text               mf_w.l(dflti.o)
    0x080005f4   0x080005f4   0x0000001a   Code   RO         9438    .text               mf_w.l(dfltui.o)
    0x0800060e   0x0800060e   0x0000003e   Code   RO         9440    .text               mf_w.l(dfixi.o)
    0x0800064c   0x0800064c   0x00000032   Code   RO         9442    .text               mf_w.l(dfixui.o)
    0x0800067e   0x0800067e   0x00000026   Code   RO         9444    .text               mf_w.l(f2d.o)
    0x080006a4   0x080006a4   0x00000030   Code   RO         9446    .text               mf_w.l(cdcmple.o)
    0x080006d4   0x080006d4   0x00000030   Code   RO         9448    .text               mf_w.l(cdrcmple.o)
    0x08000704   0x08000704   0x00000038   Code   RO         9450    .text               mf_w.l(d2f.o)
    0x0800073c   0x0800073c   0x0000001e   Code   RO         9526    .text               mc_w.l(llshl.o)
    0x0800075a   0x0800075a   0x00000020   Code   RO         9528    .text               mc_w.l(llushr.o)
    0x0800077a   0x0800077a   0x00000024   Code   RO         9530    .text               mc_w.l(llsshr.o)
    0x0800079e   0x0800079e   0x00000000   Code   RO         9539    .text               mc_w.l(iusefp.o)
    0x0800079e   0x0800079e   0x0000006e   Code   RO         9540    .text               mf_w.l(fepilogue.o)
    0x0800080c   0x0800080c   0x000000ba   Code   RO         9542    .text               mf_w.l(depilogue.o)
    0x080008c6   0x080008c6   0x0000002e   Code   RO         9544    .text               mf_w.l(dscalb.o)
    0x080008f4   0x080008f4   0x00000024   Code   RO         9550    .text               mc_w.l(init.o)
    0x08000918   0x08000918   0x000000a2   Code   RO         9552    .text               mf_w.l(dsqrt.o)
    0x080009ba   0x080009ba   0x00000056   Code   RO         9562    .text               mc_w.l(__dczerorl2.o)
    0x08000a10   0x08000a10   0x0000007e   Code   RO         3241    i.ADC_DMAConvCplt   stm32f4xx_hal_adc.o
    0x08000a8e   0x08000a8e   0x0000001a   Code   RO         3242    i.ADC_DMAError      stm32f4xx_hal_adc.o
    0x08000aa8   0x08000aa8   0x0000000e   Code   RO         3243    i.ADC_DMAHalfConvCplt  stm32f4xx_hal_adc.o
    0x08000ab6   0x08000ab6   0x00000002   PAD
    0x08000ab8   0x08000ab8   0x00000160   Code   RO         3244    i.ADC_Init          stm32f4xx_hal_adc.o
    0x08000c18   0x08000c18   0x00000044   Code   RO         1636    i.Beep_run          task.o
    0x08000c5c   0x08000c5c   0x00000004   Code   RO          318    i.BusFault_Handler  stm32f4xx_it.o
    0x08000c60   0x08000c60   0x000000fc   Code   RO         3011    i.CalCurveSPTA      wheelspeedmap.o
    0x08000d5c   0x08000d5c   0x00000074   Code   RO         3012    i.CalCurveTRAP      wheelspeedmap.o
    0x08000dd0   0x08000dd0   0x00000030   Code   RO          970    i.DMA2_Stream1_IRQHandler  adc.o
    0x08000e00   0x08000e00   0x00000030   Code   RO          971    i.DMA2_Stream4_IRQHandler  adc.o
    0x08000e30   0x08000e30   0x00000034   Code   RO         4428    i.DMA_CalcBaseAndBitshift  stm32f4xx_hal_dma.o
    0x08000e64   0x08000e64   0x000000aa   Code   RO         4429    i.DMA_CheckFifoParam  stm32f4xx_hal_dma.o
    0x08000f0e   0x08000f0e   0x0000002c   Code   RO         4430    i.DMA_SetConfig     stm32f4xx_hal_dma.o
    0x08000f3a   0x08000f3a   0x00000002   PAD
    0x08000f3c   0x08000f3c   0x00000030   Code   RO         1911    i.Datareset         getadcdata.o
    0x08000f6c   0x08000f6c   0x00000002   Code   RO          319    i.DebugMon_Handler  stm32f4xx_it.o
    0x08000f6e   0x08000f6e   0x00000002   PAD
    0x08000f70   0x08000f70   0x000000a0   Code   RO         1637    i.DypA21            task.o
    0x08001010   0x08001010   0x00000008   Code   RO         1638    i.GetADC_AllData    task.o
    0x08001018   0x08001018   0x0000018c   Code   RO         3246    i.HAL_ADC_ConfigChannel  stm32f4xx_hal_adc.o
    0x080011a4   0x080011a4   0x00000002   Code   RO         3247    i.HAL_ADC_ConvCpltCallback  stm32f4xx_hal_adc.o
    0x080011a6   0x080011a6   0x00000002   Code   RO         3248    i.HAL_ADC_ConvHalfCpltCallback  stm32f4xx_hal_adc.o
    0x080011a8   0x080011a8   0x00000002   Code   RO         3250    i.HAL_ADC_ErrorCallback  stm32f4xx_hal_adc.o
    0x080011aa   0x080011aa   0x00000002   PAD
    0x080011ac   0x080011ac   0x00000068   Code   RO         3255    i.HAL_ADC_Init      stm32f4xx_hal_adc.o
    0x08001214   0x08001214   0x00000002   Code   RO         3258    i.HAL_ADC_MspInit   stm32f4xx_hal_adc.o
    0x08001216   0x08001216   0x00000002   PAD
    0x08001218   0x08001218   0x000001b4   Code   RO         3262    i.HAL_ADC_Start_DMA  stm32f4xx_hal_adc.o
    0x080013cc   0x080013cc   0x000000aa   Code   RO         4431    i.HAL_DMA_Abort     stm32f4xx_hal_dma.o
    0x08001476   0x08001476   0x00000028   Code   RO         4432    i.HAL_DMA_Abort_IT  stm32f4xx_hal_dma.o
    0x0800149e   0x0800149e   0x00000002   PAD
    0x080014a0   0x080014a0   0x000000ec   Code   RO         4437    i.HAL_DMA_Init      stm32f4xx_hal_dma.o
    0x0800158c   0x0800158c   0x00000066   Code   RO         4440    i.HAL_DMA_Start     stm32f4xx_hal_dma.o
    0x080015f2   0x080015f2   0x00000092   Code   RO         4441    i.HAL_DMA_Start_IT  stm32f4xx_hal_dma.o
    0x08001684   0x08001684   0x00000204   Code   RO         5017    i.HAL_GPIO_Init     stm32f4xx_hal_gpio.o
    0x08001888   0x08001888   0x00000010   Code   RO         5019    i.HAL_GPIO_ReadPin  stm32f4xx_hal_gpio.o
    0x08001898   0x08001898   0x00000014   Code   RO         5020    i.HAL_GPIO_TogglePin  stm32f4xx_hal_gpio.o
    0x080018ac   0x080018ac   0x0000000c   Code   RO         5021    i.HAL_GPIO_WritePin  stm32f4xx_hal_gpio.o
    0x080018b8   0x080018b8   0x0000000c   Code   RO         3067    i.HAL_GetREVID      stm32f4xx_hal.o
    0x080018c4   0x080018c4   0x0000000c   Code   RO         3068    i.HAL_GetTick       stm32f4xx_hal.o
    0x080018d0   0x080018d0   0x0000005e   Code   RO         6172    i.HAL_IWDG_Init     stm32f4xx_hal_iwdg.o
    0x0800192e   0x0800192e   0x0000000e   Code   RO         6173    i.HAL_IWDG_Refresh  stm32f4xx_hal_iwdg.o
    0x0800193c   0x0800193c   0x00000018   Code   RO         3074    i.HAL_IncTick       stm32f4xx_hal.o
    0x08001954   0x08001954   0x00000030   Code   RO         3075    i.HAL_Init          stm32f4xx_hal.o
    0x08001984   0x08001984   0x0000004c   Code   RO         3076    i.HAL_InitTick      stm32f4xx_hal.o
    0x080019d0   0x080019d0   0x00000002   Code   RO         6275    i.HAL_MspInit       stm32f4xx_hal_msp_template.o
    0x080019d2   0x080019d2   0x00000020   Code   RO         3773    i.HAL_NVIC_EnableIRQ  stm32f4xx_hal_cortex.o
    0x080019f2   0x080019f2   0x0000007c   Code   RO         3779    i.HAL_NVIC_SetPriority  stm32f4xx_hal_cortex.o
    0x08001a6e   0x08001a6e   0x00000002   PAD
    0x08001a70   0x08001a70   0x00000028   Code   RO         3780    i.HAL_NVIC_SetPriorityGrouping  stm32f4xx_hal_cortex.o
    0x08001a98   0x08001a98   0x00000184   Code   RO         6509    i.HAL_RCC_ClockConfig  stm32f4xx_hal_rcc.o
    0x08001c1c   0x08001c1c   0x0000000c   Code   RO         6514    i.HAL_RCC_GetHCLKFreq  stm32f4xx_hal_rcc.o
    0x08001c28   0x08001c28   0x00000020   Code   RO         6516    i.HAL_RCC_GetPCLK1Freq  stm32f4xx_hal_rcc.o
    0x08001c48   0x08001c48   0x00000020   Code   RO         6517    i.HAL_RCC_GetPCLK2Freq  stm32f4xx_hal_rcc.o
    0x08001c68   0x08001c68   0x000000b0   Code   RO         6518    i.HAL_RCC_GetSysClockFreq  stm32f4xx_hal_rcc.o
    0x08001d18   0x08001d18   0x0000049c   Code   RO         6521    i.HAL_RCC_OscConfig  stm32f4xx_hal_rcc.o
    0x080021b4   0x080021b4   0x00000034   Code   RO         3784    i.HAL_SYSTICK_Config  stm32f4xx_hal_cortex.o
    0x080021e8   0x080021e8   0x00000002   Code   RO         8806    i.HAL_TIMEx_BreakCallback  stm32f4xx_hal_tim_ex.o
    0x080021ea   0x080021ea   0x00000002   Code   RO         8807    i.HAL_TIMEx_CommutCallback  stm32f4xx_hal_tim_ex.o
    0x080021ec   0x080021ec   0x00000066   Code   RO         8091    i.HAL_TIM_Base_Init  stm32f4xx_hal_tim.o
    0x08002252   0x08002252   0x00000002   PAD
    0x08002254   0x08002254   0x0000004c   Code   RO         1484    i.HAL_TIM_Base_MspInit  btim.o
    0x080022a0   0x080022a0   0x000000a8   Code   RO         8096    i.HAL_TIM_Base_Start_IT  stm32f4xx_hal_tim.o
    0x08002348   0x08002348   0x00000002   Code   RO         8125    i.HAL_TIM_IC_CaptureCallback  stm32f4xx_hal_tim.o
    0x0800234a   0x0800234a   0x00000196   Code   RO         8139    i.HAL_TIM_IRQHandler  stm32f4xx_hal_tim.o
    0x080024e0   0x080024e0   0x00000002   Code   RO         8142    i.HAL_TIM_OC_DelayElapsedCallback  stm32f4xx_hal_tim.o
    0x080024e2   0x080024e2   0x000000fc   Code   RO         8163    i.HAL_TIM_PWM_ConfigChannel  stm32f4xx_hal_tim.o
    0x080025de   0x080025de   0x00000066   Code   RO         8166    i.HAL_TIM_PWM_Init  stm32f4xx_hal_tim.o
    0x08002644   0x08002644   0x000002ec   Code   RO         1338    i.HAL_TIM_PWM_MspInit  moterdriver.o
    0x08002930   0x08002930   0x00000002   Code   RO         8169    i.HAL_TIM_PWM_PulseFinishedCallback  stm32f4xx_hal_tim.o
    0x08002932   0x08002932   0x00000002   PAD
    0x08002934   0x08002934   0x0000010c   Code   RO         8171    i.HAL_TIM_PWM_Start  stm32f4xx_hal_tim.o
    0x08002a40   0x08002a40   0x00000094   Code   RO         1485    i.HAL_TIM_PeriodElapsedCallback  btim.o
    0x08002ad4   0x08002ad4   0x00000002   Code   RO         8182    i.HAL_TIM_TriggerCallback  stm32f4xx_hal_tim.o
    0x08002ad6   0x08002ad6   0x00000002   Code   RO         7173    i.HAL_UARTEx_RxEventCallback  stm32f4xx_hal_uart.o
    0x08002ad8   0x08002ad8   0x00000002   Code   RO         7187    i.HAL_UART_ErrorCallback  stm32f4xx_hal_uart.o
    0x08002ada   0x08002ada   0x00000002   PAD
    0x08002adc   0x08002adc   0x00000250   Code   RO         7190    i.HAL_UART_IRQHandler  stm32f4xx_hal_uart.o
    0x08002d2c   0x08002d2c   0x00000072   Code   RO         7191    i.HAL_UART_Init     stm32f4xx_hal_uart.o
    0x08002d9e   0x08002d9e   0x00000002   PAD
    0x08002da0   0x08002da0   0x000000c8   Code   RO          547    i.HAL_UART_MspInit  usart.o
    0x08002e68   0x08002e68   0x000000dc   Code   RO         7194    i.HAL_UART_Receive  stm32f4xx_hal_uart.o
    0x08002f44   0x08002f44   0x00000042   Code   RO         7196    i.HAL_UART_Receive_IT  stm32f4xx_hal_uart.o
    0x08002f86   0x08002f86   0x00000002   PAD
    0x08002f88   0x08002f88   0x0000009c   Code   RO          548    i.HAL_UART_RxCpltCallback  usart.o
    0x08003024   0x08003024   0x000000d2   Code   RO         7199    i.HAL_UART_Transmit  stm32f4xx_hal_uart.o
    0x080030f6   0x080030f6   0x00000002   Code   RO         7202    i.HAL_UART_TxCpltCallback  stm32f4xx_hal_uart.o
    0x080030f8   0x080030f8   0x00000070   Code   RO         2924    i.HOST_ModbusRX     hostmodbus.o
    0x08003168   0x08003168   0x00000004   Code   RO          320    i.HardFault_Handler  stm32f4xx_it.o
    0x0800316c   0x0800316c   0x00000060   Code   RO         1639    i.Hard_devInit      task.o
    0x080031cc   0x080031cc   0x00000040   Code   RO         2925    i.Host_Func3        hostmodbus.o
    0x0800320c   0x0800320c   0x00000040   Code   RO         2926    i.Host_Func6        hostmodbus.o
    0x0800324c   0x0800324c   0x0000014c   Code   RO         2927    i.Host_ModbusKeyUART2_init  hostmodbus.o
    0x08003398   0x08003398   0x00000038   Code   RO         2928    i.Host_Modbuskey_CRC16  hostmodbus.o
    0x080033d0   0x080033d0   0x00000018   Code   RO         2929    i.Host_Modbuskey_Init  hostmodbus.o
    0x080033e8   0x080033e8   0x0000003c   Code   RO         2930    i.Host_Modbuskey_send_data  hostmodbus.o
    0x08003424   0x08003424   0x000000dc   Code   RO         2931    i.Host_Read03_slave  hostmodbus.o
    0x08003500   0x08003500   0x000000e0   Code   RO         2932    i.Host_write06_slave  hostmodbus.o
    0x080035e0   0x080035e0   0x00000050   Code   RO         2059    i.IIC_Ack           myiic.o
    0x08003630   0x08003630   0x0000005c   Code   RO         2060    i.IIC_Init          myiic.o
    0x0800368c   0x0800368c   0x00000050   Code   RO         2061    i.IIC_NAck          myiic.o
    0x080036dc   0x080036dc   0x0000006c   Code   RO         2062    i.IIC_Read_Byte     myiic.o
    0x08003748   0x08003748   0x00000068   Code   RO         2063    i.IIC_Send_Byte     myiic.o
    0x080037b0   0x080037b0   0x0000004c   Code   RO         2064    i.IIC_Start         myiic.o
    0x080037fc   0x080037fc   0x0000004c   Code   RO         2065    i.IIC_Stop          myiic.o
    0x08003848   0x08003848   0x00000060   Code   RO         2066    i.IIC_Wait_Ack      myiic.o
    0x080038a8   0x080038a8   0x00000008   Code   RO         1640    i.LedFlash          task.o
    0x080038b0   0x080038b0   0x0000007a   Code   RO         1972    i.MPU_Init          mpu6050.o
    0x0800392a   0x0800392a   0x0000003a   Code   RO         1973    i.MPU_Read_Byte     mpu6050.o
    0x08003964   0x08003964   0x00000074   Code   RO         1974    i.MPU_Read_Len      mpu6050.o
    0x080039d8   0x080039d8   0x00000010   Code   RO         1975    i.MPU_Set_Accel_Fsr  mpu6050.o
    0x080039e8   0x080039e8   0x00000010   Code   RO         1976    i.MPU_Set_Gyro_Fsr  mpu6050.o
    0x080039f8   0x080039f8   0x0000003a   Code   RO         1977    i.MPU_Set_LPF       mpu6050.o
    0x08003a32   0x08003a32   0x0000003a   Code   RO         1978    i.MPU_Set_Rate      mpu6050.o
    0x08003a6c   0x08003a6c   0x00000044   Code   RO         1979    i.MPU_Write_Byte    mpu6050.o
    0x08003ab0   0x08003ab0   0x00000060   Code   RO         1980    i.MPU_Write_Len     mpu6050.o
    0x08003b10   0x08003b10   0x00000004   Code   RO          321    i.MemManage_Handler  stm32f4xx_it.o
    0x08003b14   0x08003b14   0x00000060   Code   RO         1340    i.MoterL_pwm_chy_init  moterdriver.o
    0x08003b74   0x08003b74   0x00000084   Code   RO         1341    i.MoterLeg_pwm_chy_init  moterdriver.o
    0x08003bf8   0x08003bf8   0x00000060   Code   RO         1342    i.MoterLift_pwm_chy_init  moterdriver.o
    0x08003c58   0x08003c58   0x00000084   Code   RO         1343    i.MoterPedestal_Backboard_pwm_chy_init  moterdriver.o
    0x08003cdc   0x08003cdc   0x00000060   Code   RO         1344    i.MoterR_pwm_chy_init  moterdriver.o
    0x08003d3c   0x08003d3c   0x00000060   Code   RO         1345    i.MoterSupport_pwm_chy_init  moterdriver.o
    0x08003d9c   0x08003d9c   0x00000034   Code   RO         1346    i.MoterdriveInit    moterdriver.o
    0x08003dd0   0x08003dd0   0x00000002   Code   RO          322    i.NMI_Handler       stm32f4xx_it.o
    0x08003dd2   0x08003dd2   0x00000002   PAD
    0x08003dd4   0x08003dd4   0x00000064   Code   RO         1533    i.OS_IT_RUN         api_schedule.o
    0x08003e38   0x08003e38   0x00000050   Code   RO         1534    i.PeachOSRun        api_schedule.o
    0x08003e88   0x08003e88   0x00000002   Code   RO          323    i.PendSV_Handler    stm32f4xx_it.o
    0x08003e8a   0x08003e8a   0x00000002   Code   RO          324    i.SVC_Handler       stm32f4xx_it.o
    0x08003e8c   0x08003e8c   0x00000400   Code   RO         1349    i.SeatLiftDrop      moterdriver.o
    0x0800428c   0x0800428c   0x00000008   Code   RO          325    i.SysTick_Handler   stm32f4xx_it.o
    0x08004294   0x08004294   0x00000014   Code   RO          394    i.SystemInit        system_stm32f4xx.o
    0x080042a8   0x080042a8   0x0000002c   Code   RO         1804    i.TIM3_IRQHandler   hallcap.o
    0x080042d4   0x080042d4   0x00000010   Code   RO         1486    i.TIM6_DAC_IRQHandler  btim.o
    0x080042e4   0x080042e4   0x000000d8   Code   RO         8184    i.TIM_Base_SetConfig  stm32f4xx_hal_tim.o
    0x080043bc   0x080043bc   0x00000022   Code   RO         8185    i.TIM_CCxChannelCmd  stm32f4xx_hal_tim.o
    0x080043de   0x080043de   0x00000002   PAD
    0x080043e0   0x080043e0   0x00000070   Code   RO         8197    i.TIM_OC1_SetConfig  stm32f4xx_hal_tim.o
    0x08004450   0x08004450   0x0000007c   Code   RO         8198    i.TIM_OC2_SetConfig  stm32f4xx_hal_tim.o
    0x080044cc   0x080044cc   0x00000078   Code   RO         8199    i.TIM_OC3_SetConfig  stm32f4xx_hal_tim.o
    0x08004544   0x08004544   0x00000054   Code   RO         8200    i.TIM_OC4_SetConfig  stm32f4xx_hal_tim.o
    0x08004598   0x08004598   0x00000030   Code   RO         1641    i.Tmxl90393         task.o
    0x080045c8   0x080045c8   0x00000014   Code   RO         7204    i.UART_DMAAbortOnError  stm32f4xx_hal_uart.o
    0x080045dc   0x080045dc   0x00000036   Code   RO         7214    i.UART_EndRxTransfer  stm32f4xx_hal_uart.o
    0x08004612   0x08004612   0x00000020   Code   RO         7215    i.UART_EndTransmit_IT  stm32f4xx_hal_uart.o
    0x08004632   0x08004632   0x000000be   Code   RO         7217    i.UART_Receive_IT   stm32f4xx_hal_uart.o
    0x080046f0   0x080046f0   0x0000022c   Code   RO         7218    i.UART_SetConfig    stm32f4xx_hal_uart.o
    0x0800491c   0x0800491c   0x00000046   Code   RO         7220    i.UART_Start_Receive_IT  stm32f4xx_hal_uart.o
    0x08004962   0x08004962   0x00000060   Code   RO         7221    i.UART_Transmit_IT  stm32f4xx_hal_uart.o
    0x080049c2   0x080049c2   0x0000006c   Code   RO         7222    i.UART_WaitOnFlagUntilTimeout  stm32f4xx_hal_uart.o
    0x08004a2e   0x08004a2e   0x00000002   PAD
    0x08004a30   0x08004a30   0x00000010   Code   RO          549    i.USART1_IRQHandler  usart.o
    0x08004a40   0x08004a40   0x00000064   Code   RO         2933    i.USART2_IRQHandler  hostmodbus.o
    0x08004aa4   0x08004aa4   0x00000064   Code   RO         2853    i.USART3_IRQHandler  slavemodbus.o
    0x08004b08   0x08004b08   0x00000230   Code   RO         1642    i.UnderpanDrive     task.o
    0x08004d38   0x08004d38   0x00000004   Code   RO          326    i.UsageFault_Handler  stm32f4xx_it.o
    0x08004d3c   0x08004d3c   0x00000012   Code   RO         1713    i.Value_Resetzero   common.o
    0x08004d4e   0x08004d4e   0x0000005c   Code   RO         1714    i.Value_limit       common.o
    0x08004daa   0x08004daa   0x00000002   PAD
    0x08004dac   0x08004dac   0x00000020   Code   RO         9374    i.__0printf$8       mc_w.l(printf8.o)
    0x08004dcc   0x08004dcc   0x00000030   Code   RO         9466    i.__ARM_fpclassify  m_wm.l(fpclassify.o)
    0x08004dfc   0x08004dfc   0x00000026   Code   RO         9468    i.__ARM_fpclassifyf  m_wm.l(fpclassifyf.o)
    0x08004e22   0x08004e22   0x00000002   PAD
    0x08004e24   0x08004e24   0x00000010   Code   RO         3786    i.__NVIC_GetPriorityGrouping  stm32f4xx_hal_cortex.o
    0x08004e34   0x08004e34   0x00000028   Code   RO         3787    i.__NVIC_SetPriority  stm32f4xx_hal_cortex.o
    0x08004e5c   0x08004e5c   0x00000004   PAD
    0x08004e60   0x08004e60   0x00000360   Code   RO         9070    i.__hardfp_asin     m_wm.l(asin.o)
    0x080051c0   0x080051c0   0x000002d8   Code   RO         9084    i.__hardfp_atan     m_wm.l(atan.o)
    0x08005498   0x08005498   0x000001f0   Code   RO         9098    i.__hardfp_atan2    m_wm.l(atan2.o)
    0x08005688   0x08005688   0x000001e8   Code   RO         9110    i.__hardfp_expf     m_wm.l(expf.o)
    0x08005870   0x08005870   0x00000014   Code   RO         9124    i.__hardfp_fabs     m_wm.l(fabs.o)
    0x08005884   0x08005884   0x00000004   PAD
    0x08005888   0x08005888   0x00000c50   Code   RO         9130    i.__hardfp_pow      m_wm.l(pow.o)
    0x080064d8   0x080064d8   0x00000080   Code   RO         9144    i.__hardfp_tan      m_wm.l(tan.o)
    0x08006558   0x08006558   0x00000438   Code   RO         9487    i.__ieee754_rem_pio2  m_wm.l(rred.o)
    0x08006990   0x08006990   0x000000f8   Code   RO         9484    i.__kernel_poly     m_wm.l(poly.o)
    0x08006a88   0x08006a88   0x00000350   Code   RO         9504    i.__kernel_tan      m_wm.l(tan_i.o)
    0x08006dd8   0x08006dd8   0x00000030   Code   RO         9452    i.__mathlib_dbl_divzero  m_wm.l(dunder.o)
    0x08006e08   0x08006e08   0x00000014   Code   RO         9453    i.__mathlib_dbl_infnan  m_wm.l(dunder.o)
    0x08006e1c   0x08006e1c   0x00000014   Code   RO         9454    i.__mathlib_dbl_infnan2  m_wm.l(dunder.o)
    0x08006e30   0x08006e30   0x00000020   Code   RO         9455    i.__mathlib_dbl_invalid  m_wm.l(dunder.o)
    0x08006e50   0x08006e50   0x00000020   Code   RO         9456    i.__mathlib_dbl_overflow  m_wm.l(dunder.o)
    0x08006e70   0x08006e70   0x00000020   Code   RO         9458    i.__mathlib_dbl_underflow  m_wm.l(dunder.o)
    0x08006e90   0x08006e90   0x00000006   Code   RO         9471    i.__mathlib_flt_infnan  m_wm.l(funder.o)
    0x08006e96   0x08006e96   0x00000002   PAD
    0x08006e98   0x08006e98   0x00000010   Code   RO         9474    i.__mathlib_flt_overflow  m_wm.l(funder.o)
    0x08006ea8   0x08006ea8   0x00000010   Code   RO         9476    i.__mathlib_flt_underflow  m_wm.l(funder.o)
    0x08006eb8   0x08006eb8   0x0000000e   Code   RO         9556    i.__scatterload_copy  mc_w.l(handlers.o)
    0x08006ec6   0x08006ec6   0x00000002   Code   RO         9557    i.__scatterload_null  mc_w.l(handlers.o)
    0x08006ec8   0x08006ec8   0x0000000e   Code   RO         9558    i.__scatterload_zeroinit  mc_w.l(handlers.o)
    0x08006ed6   0x08006ed6   0x00000002   PAD
    0x08006ed8   0x08006ed8   0x0000000c   Code   RO         9534    i.__set_errno       mc_w.l(errno.o)
    0x08006ee4   0x08006ee4   0x00000410   Code   RO         9381    i._printf_core      mc_w.l(printf8.o)
    0x080072f4   0x080072f4   0x00000024   Code   RO         9382    i._printf_post_padding  mc_w.l(printf8.o)
    0x08007318   0x08007318   0x0000002e   Code   RO         9383    i._printf_pre_padding  mc_w.l(printf8.o)
    0x08007346   0x08007346   0x00000002   PAD
    0x08007348   0x08007348   0x000000c0   Code   RO         2131    i.accel_self_test   inv_mpu.o
    0x08007408   0x08007408   0x00000060   Code   RO          972    i.adc1_nch_dma_enable  adc.o
    0x08007468   0x08007468   0x0000007c   Code   RO          973    i.adc1_nch_dma_gpio_init  adc.o
    0x080074e4   0x080074e4   0x00000164   Code   RO          974    i.adc1_nch_dma_init  adc.o
    0x08007648   0x08007648   0x00000068   Code   RO          975    i.adc3_nch_dma_enable  adc.o
    0x080076b0   0x080076b0   0x00000080   Code   RO          976    i.adc3_nch_dma_gpio_init  adc.o
    0x08007730   0x08007730   0x000001a0   Code   RO          977    i.adc3_nch_dma_init  adc.o
    0x080078d0   0x080078d0   0x0000001e   Code   RO          978    i.adc_channel_set   adc.o
    0x080078ee   0x080078ee   0x00000010   Code   RO         9086    i.atan              m_wm.l(atan.o)
    0x080078fe   0x080078fe   0x00000002   PAD
    0x08007900   0x08007900   0x00000058   Code   RO          819    i.beep_init         beep.o
    0x08007958   0x08007958   0x00000098   Code   RO         1460    i.brake_init        brake.o
    0x080079f0   0x080079f0   0x0000002c   Code   RO         1487    i.btim_timx_int_init  btim.o
    0x08007a1c   0x08007a1c   0x0000000c   Code   RO         1768    i.currentproInit    overcurrent_protection.o
    0x08007a28   0x08007a28   0x000000a4   Code   RO         1769    i.dcurrentpro_init  overcurrent_protection.o
    0x08007acc   0x08007acc   0x00000064   Code   RO         2483    i.decode_gesture    inv_mpu_dmp_motion_driver.o
    0x08007b30   0x08007b30   0x0000000c   Code   RO          431    i.delay_init        delay.o
    0x08007b3c   0x08007b3c   0x00000012   Code   RO          432    i.delay_ms          delay.o
    0x08007b4e   0x08007b4e   0x00000002   PAD
    0x08007b50   0x08007b50   0x00000048   Code   RO          433    i.delay_us          delay.o
    0x08007b98   0x08007b98   0x0000003c   Code   RO         2484    i.dmp_enable_6x_lp_quat  inv_mpu_dmp_motion_driver.o
    0x08007bd4   0x08007bd4   0x0000021c   Code   RO         2485    i.dmp_enable_feature  inv_mpu_dmp_motion_driver.o
    0x08007df0   0x08007df0   0x00000058   Code   RO         2486    i.dmp_enable_gyro_cal  inv_mpu_dmp_motion_driver.o
    0x08007e48   0x08007e48   0x0000003c   Code   RO         2487    i.dmp_enable_lp_quat  inv_mpu_dmp_motion_driver.o
    0x08007e84   0x08007e84   0x00000018   Code   RO         2492    i.dmp_load_motion_driver_firmware  inv_mpu_dmp_motion_driver.o
    0x08007e9c   0x08007e9c   0x000001cc   Code   RO         2493    i.dmp_read_fifo     inv_mpu_dmp_motion_driver.o
    0x08008068   0x08008068   0x00000130   Code   RO         2496    i.dmp_set_accel_bias  inv_mpu_dmp_motion_driver.o
    0x08008198   0x08008198   0x00000070   Code   RO         2497    i.dmp_set_fifo_rate  inv_mpu_dmp_motion_driver.o
    0x08008208   0x08008208   0x00000130   Code   RO         2498    i.dmp_set_gyro_bias  inv_mpu_dmp_motion_driver.o
    0x08008338   0x08008338   0x00000138   Code   RO         2500    i.dmp_set_orientation  inv_mpu_dmp_motion_driver.o
    0x08008470   0x08008470   0x00000038   Code   RO         2503    i.dmp_set_shake_reject_thresh  inv_mpu_dmp_motion_driver.o
    0x080084a8   0x080084a8   0x00000026   Code   RO         2504    i.dmp_set_shake_reject_time  inv_mpu_dmp_motion_driver.o
    0x080084ce   0x080084ce   0x00000026   Code   RO         2505    i.dmp_set_shake_reject_timeout  inv_mpu_dmp_motion_driver.o
    0x080084f4   0x080084f4   0x00000046   Code   RO         2506    i.dmp_set_tap_axes  inv_mpu_dmp_motion_driver.o
    0x0800853a   0x0800853a   0x00000026   Code   RO         2507    i.dmp_set_tap_count  inv_mpu_dmp_motion_driver.o
    0x08008560   0x08008560   0x000001c0   Code   RO         2508    i.dmp_set_tap_thresh  inv_mpu_dmp_motion_driver.o
    0x08008720   0x08008720   0x00000026   Code   RO         2509    i.dmp_set_tap_time  inv_mpu_dmp_motion_driver.o
    0x08008746   0x08008746   0x00000026   Code   RO         2510    i.dmp_set_tap_time_multi  inv_mpu_dmp_motion_driver.o
    0x0800876c   0x0800876c   0x00000018   Code   RO         9126    i.fabs              m_wm.l(fabs.o)
    0x08008784   0x08008784   0x0000001c   Code   RO          553    i.fputc             usart.o
    0x080087a0   0x080087a0   0x000000d0   Code   RO         2132    i.get_accel_prod_shift  inv_mpu.o
    0x08008870   0x08008870   0x00000470   Code   RO         2133    i.get_st_biases     inv_mpu.o
    0x08008ce0   0x08008ce0   0x00000128   Code   RO         1912    i.getadc1Data       getadcdata.o
    0x08008e08   0x08008e08   0x000000b0   Code   RO         1913    i.getadc3Data       getadcdata.o
    0x08008eb8   0x08008eb8   0x0000000c   Code   RO         1914    i.getadcData        getadcdata.o
    0x08008ec4   0x08008ec4   0x0000002c   Code   RO         1915    i.getadcDataInit    getadcdata.o
    0x08008ef0   0x08008ef0   0x0000011c   Code   RO         2134    i.gyro_self_test    inv_mpu.o
    0x0800900c   0x0800900c   0x0000001c   Code   RO         1643    i.gyroscopeData     task.o
    0x08009028   0x08009028   0x00000028   Code   RO         2135    i.inv_orientation_matrix_to_scalar  inv_mpu.o
    0x08009050   0x08009050   0x0000004e   Code   RO         2136    i.inv_row_2_scale   inv_mpu.o
    0x0800909e   0x0800909e   0x00000002   PAD
    0x080090a0   0x080090a0   0x00000010   Code   RO         2812    i.iwdg_feed         wdg.o
    0x080090b0   0x080090b0   0x00000020   Code   RO         2813    i.iwdg_init         wdg.o
    0x080090d0   0x080090d0   0x00000070   Code   RO         1916    i.joysticDatacalibrationInit  getadcdata.o
    0x08009140   0x08009140   0x00000118   Code   RO          843    i.key_init          key.o
    0x08009258   0x08009258   0x00000040   Code   RO          847    i.key_scan2         key.o
    0x08009298   0x08009298   0x00000040   Code   RO          848    i.key_scan3         key.o
    0x080092d8   0x080092d8   0x00000040   Code   RO          849    i.key_scan4         key.o
    0x08009318   0x08009318   0x0000003c   Code   RO          851    i.key_scan6         key.o
    0x08009354   0x08009354   0x0000002c   Code   RO          852    i.key_scan7         key.o
    0x08009380   0x08009380   0x0000057c   Code   RO          933    i.led_bling         led.o
    0x080098fc   0x080098fc   0x00000200   Code   RO          934    i.led_init          led.o
    0x08009afc   0x08009afc   0x00000008   Code   RO         1644    i.linearactuatorDrive  task.o
    0x08009b04   0x08009b04   0x00000008   Code   RO         1351    i.linearactuatorTest  moterdriver.o
    0x08009b0c   0x08009b0c   0x0000000a   Code   RO           13    i.main              main.o
    0x08009b16   0x08009b16   0x00000002   Code   RO         2137    i.mget_ms           inv_mpu.o
    0x08009b18   0x08009b18   0x00000070   Code   RO         2138    i.mpu_configure_fifo  inv_mpu.o
    0x08009b88   0x08009b88   0x00000218   Code   RO         2139    i.mpu_dmp_get_data  inv_mpu.o
    0x08009da0   0x08009da0   0x0000009c   Code   RO         2140    i.mpu_dmp_init      inv_mpu.o
    0x08009e3c   0x08009e3c   0x0000004c   Code   RO         2141    i.mpu_get_accel_fsr  inv_mpu.o
    0x08009e88   0x08009e88   0x00000054   Code   RO         2143    i.mpu_get_accel_sens  inv_mpu.o
    0x08009edc   0x08009edc   0x00000010   Code   RO         2148    i.mpu_get_fifo_config  inv_mpu.o
    0x08009eec   0x08009eec   0x00000044   Code   RO         2149    i.mpu_get_gyro_fsr  inv_mpu.o
    0x08009f30   0x08009f30   0x00000060   Code   RO         2151    i.mpu_get_gyro_sens  inv_mpu.o
    0x08009f90   0x08009f90   0x00000050   Code   RO         2153    i.mpu_get_lpf       inv_mpu.o
    0x08009fe0   0x08009fe0   0x00000020   Code   RO         2155    i.mpu_get_sample_rate  inv_mpu.o
    0x0800a000   0x0800a000   0x000001f0   Code   RO         2157    i.mpu_init          inv_mpu.o
    0x0800a1f0   0x0800a1f0   0x000000b8   Code   RO         2158    i.mpu_load_firmware  inv_mpu.o
    0x0800a2a8   0x0800a2a8   0x000000e0   Code   RO         2159    i.mpu_lp_accel_mode  inv_mpu.o
    0x0800a388   0x0800a388   0x000000c0   Code   RO         2162    i.mpu_read_fifo_stream  inv_mpu.o
    0x0800a448   0x0800a448   0x00000080   Code   RO         2163    i.mpu_read_mem      inv_mpu.o
    0x0800a4c8   0x0800a4c8   0x000001c8   Code   RO         2166    i.mpu_reset_fifo    inv_mpu.o
    0x0800a690   0x0800a690   0x0000011c   Code   RO         2167    i.mpu_run_self_test  inv_mpu.o
    0x0800a7ac   0x0800a7ac   0x00000084   Code   RO         2169    i.mpu_set_accel_fsr  inv_mpu.o
    0x0800a830   0x0800a830   0x0000014c   Code   RO         2170    i.mpu_set_bypass    inv_mpu.o
    0x0800a97c   0x0800a97c   0x00000090   Code   RO         2172    i.mpu_set_dmp_state  inv_mpu.o
    0x0800aa0c   0x0800aa0c   0x00000088   Code   RO         2173    i.mpu_set_gyro_fsr  inv_mpu.o
    0x0800aa94   0x0800aa94   0x0000006c   Code   RO         2174    i.mpu_set_int_latched  inv_mpu.o
    0x0800ab00   0x0800ab00   0x00000084   Code   RO         2176    i.mpu_set_lpf       inv_mpu.o
    0x0800ab84   0x0800ab84   0x0000009c   Code   RO         2177    i.mpu_set_sample_rate  inv_mpu.o
    0x0800ac20   0x0800ac20   0x000000d0   Code   RO         2178    i.mpu_set_sensors   inv_mpu.o
    0x0800acf0   0x0800acf0   0x00000080   Code   RO         2179    i.mpu_write_mem     inv_mpu.o
    0x0800ad70   0x0800ad70   0x0000009a   Code   RO         2180    i.run_self_test     inv_mpu.o
    0x0800ae0a   0x0800ae0a   0x00000002   PAD
    0x0800ae0c   0x0800ae0c   0x00000090   Code   RO         2181    i.set_int_enable    inv_mpu.o
    0x0800ae9c   0x0800ae9c   0x000000cc   Code   RO         1717    i.slopelimitx       common.o
    0x0800af68   0x0800af68   0x000000cc   Code   RO         1718    i.slopelimity       common.o
    0x0800b034   0x0800b034   0x0000006e   Code   RO         9494    i.sqrt              m_wm.l(sqrt.o)
    0x0800b0a2   0x0800b0a2   0x00000002   PAD
    0x0800b0a4   0x0800b0a4   0x000000dc   Code   RO          480    i.sys_stm32_clock_init  sys.o
    0x0800b180   0x0800b180   0x00000002   Code   RO         1770    i.tcurrentpro_init  overcurrent_protection.o
    0x0800b182   0x0800b182   0x00000002   PAD
    0x0800b184   0x0800b184   0x00000038   Code   RO          554    i.usart_init        usart.o
    0x0800b1bc   0x0800b1bc   0x00000f0c   Code   RO         3014    i.velocity_maping   wheelspeedmap.o
    0x0800c0c8   0x0800c0c8   0x00000018   Data   RO          395    .constdata          system_stm32f4xx.o
    0x0800c0e0   0x0800c0e0   0x00000050   Data   RO         2183    .constdata          inv_mpu.o
    0x0800c130   0x0800c130   0x00000bf6   Data   RO         2512    .constdata          inv_mpu_dmp_motion_driver.o
    0x0800cd26   0x0800cd26   0x00000200   Data   RO         2935    .constdata          hostmodbus.o
    0x0800cf26   0x0800cf26   0x00000008   Data   RO         4443    .constdata          stm32f4xx_hal_dma.o
    0x0800cf2e   0x0800cf2e   0x00000002   PAD
    0x0800cf30   0x0800cf30   0x00000050   Data   RO         9073    .constdata          m_wm.l(asin.o)
    0x0800cf80   0x0800cf80   0x00000098   Data   RO         9087    .constdata          m_wm.l(atan.o)
    0x0800d018   0x0800d018   0x00000030   Data   RO         9113    .constdata          m_wm.l(expf.o)
    0x0800d048   0x0800d048   0x00000088   Data   RO         9133    .constdata          m_wm.l(pow.o)
    0x0800d0d0   0x0800d0d0   0x00000008   Data   RO         9486    .constdata          m_wm.l(qnan.o)
    0x0800d0d8   0x0800d0d8   0x000000c8   Data   RO         9489    .constdata          m_wm.l(rred.o)
    0x0800d1a0   0x0800d1a0   0x00000060   Data   RO         9505    .constdata          m_wm.l(tan_i.o)
    0x0800d200   0x0800d200   0x0000004d   Data   RO         2184    .conststring        inv_mpu.o
    0x0800d24d   0x0800d24d   0x00000003   PAD
    0x0800d250   0x0800d250   0x00000020   Data   RO         9554    Region$$Table       anon$$obj.o


    Execution Region RW_IRAM1 (Exec base: 0x20000000, Load base: 0x0800d270, Size: 0x000037a0, Max: 0x00020000, ABSOLUTE, COMPRESSED[0x00000068])

    Exec Addr    Load Addr    Size         Type   Attr      Idx    E Section Name        Object

    0x20000000   COMPRESSED   0x00000004   Data   RW          396    .data               system_stm32f4xx.o
    0x20000004   COMPRESSED   0x00000004   Data   RW          434    .data               delay.o
    0x20000008   COMPRESSED   0x00000007   Data   RW          556    .data               usart.o
    0x2000000f   COMPRESSED   0x00000001   PAD
    0x20000010   COMPRESSED   0x0000000c   Data   RW          935    .data               led.o
    0x2000001c   COMPRESSED   0x00000002   Data   RW          980    .data               adc.o
    0x2000001e   COMPRESSED   0x00000002   PAD
    0x20000020   COMPRESSED   0x00000045   Data   RW         1353    .data               moterdriver.o
    0x20000065   COMPRESSED   0x00000003   PAD
    0x20000068   COMPRESSED   0x00000061   Data   RW         1535    .data               api_schedule.o
    0x200000c9   COMPRESSED   0x00000003   PAD
    0x200000cc   COMPRESSED   0x0000001c   Data   RW         1646    .data               task.o
    0x200000e8   COMPRESSED   0x00000019   Data   RW         1719    .data               common.o
    0x20000101   COMPRESSED   0x00000003   PAD
    0x20000104   COMPRESSED   0x00000004   Data   RW         1809    .data               hallcap.o
    0x20000108   COMPRESSED   0x00000035   Data   RW         2185    .data               inv_mpu.o
    0x2000013d   COMPRESSED   0x00000001   PAD
    0x2000013e   COMPRESSED   0x00000190   Data   RW         2936    .data               hostmodbus.o
    0x200002ce   COMPRESSED   0x00000002   PAD
    0x200002d0   COMPRESSED   0x00000048   Data   RW         3016    .data               wheelspeedmap.o
    0x20000318   COMPRESSED   0x00000009   Data   RW         3082    .data               stm32f4xx_hal.o
    0x20000321   COMPRESSED   0x00000003   PAD
    0x20000324   COMPRESSED   0x00000004   Data   RW         9535    .data               mc_w.l(errno.o)
    0x20000328        -       0x0000010c   Zero   RW          555    .bss                usart.o
    0x20000434        -       0x00000150   Zero   RW          979    .bss                adc.o
    0x20000584        -       0x000001b0   Zero   RW         1352    .bss                moterdriver.o
    0x20000734        -       0x00000048   Zero   RW         1488    .bss                btim.o
    0x2000077c   COMPRESSED   0x00000004   PAD
    0x20000780        -       0x00000020   Zero   RW         1645    .bss                task.o
    0x200007a0        -       0x00000048   Zero   RW         1808    .bss                hallcap.o
    0x200007e8        -       0x000001d0   Zero   RW         1917    .bss                getadcdata.o
    0x200009b8        -       0x00000010   Zero   RW         2511    .bss                inv_mpu_dmp_motion_driver.o
    0x200009c8        -       0x0000000c   Zero   RW         2814    .bss                wdg.o
    0x200009d4        -       0x00002821   Zero   RW         2854    .bss                slavemodbus.o
    0x200031f5   COMPRESSED   0x00000003   PAD
    0x200031f8        -       0x00000124   Zero   RW         2934    .bss                hostmodbus.o
    0x2000331c   COMPRESSED   0x00000004   PAD
    0x20003320        -       0x00000080   Zero   RW         3015    .bss                wheelspeedmap.o
    0x200033a0        -       0x00000400   Zero   RW            1    STACK               startup_stm32f407xx.o


==============================================================================

Image component sizes


      Code (inc. data)   RO Data    RW Data    ZI Data      Debug   Object Name

      1350        126          0          2        336       6752   adc.o
       180         18          0         97          0       3572   api_schedule.o
        88          8          0          0          0        920   beep.o
       152         10          0          0          0       1005   brake.o
       284         38          0          0         72       3131   btim.o
       518         20          0         25          0       3164   common.o
       102         10          0          4          0       1995   delay.o
       688         72          0          0        464       4879   getadcdata.o
        44         10          0          4         72        822   hallcap.o
      1256         86        512        400        292       9066   hostmodbus.o
      6934        320        157         53          0      32632   inv_mpu.o
      3128        138       3062          0         16      21510   inv_mpu_dmp_motion_driver.o
       576         36          0          0          0       3683   key.o
      1916         90          0         12          0       2998   led.o
        10          0          0          0          0     708547   main.o
      2480        212          0         69        432      11803   moterdriver.o
       608          0          0          0          0       6615   mpu6050.o
       712        114          0          0          0       5066   myiic.o
       178         10          0          0          0       2151   overcurrent_protection.o
       100          8          0          0      10273       2700   slavemodbus.o
        36          8        392          0       1024        976   startup_stm32f407xx.o
       172         34          0          9          0       9440   stm32f4xx_hal.o
      1462         66          0          0          0       8175   stm32f4xx_hal_adc.o
       304         22          0          0          0      34603   stm32f4xx_hal_cortex.o
       960         10          8          0          0       6973   stm32f4xx_hal_dma.o
       564         46          0          0          0       3528   stm32f4xx_hal_gpio.o
       108          0          0          0          0       1899   stm32f4xx_hal_iwdg.o
         2          0          0          0          0        550   stm32f4xx_hal_msp_template.o
      1820         84          0          0          0       5760   stm32f4xx_hal_rcc.o
      1996        142          0          0          0      12358   stm32f4xx_hal_tim.o
         4          0          0          0          0       1629   stm32f4xx_hal_tim_ex.o
      2334         16          0          0          0      13159   stm32f4xx_hal_uart.o
        32          0          0          0          0       4322   stm32f4xx_it.o
       220         12          0          0          0       1375   sys.o
        20          6         24          4          0       1399   system_stm32f4xx.o
       984        140          0         28         32       5426   task.o
         0          0          0          0          0       2300   underpancontrol.o
       456         58          0          7        268     623313   usart.o
        48         14          0          0         12       1327   wdg.o
      4220        274          0         72        128       3646   wheelspeedmap.o

    ----------------------------------------------------------------------
     37090       2262       4192        804      13432    1575169   Object Totals
         0          0         32          0          0          0   (incl. Generated)
        44          4          5         18         11          0   (incl. Padding)

    ----------------------------------------------------------------------

      Code (inc. data)   RO Data    RW Data    ZI Data      Debug   Library Member Name

       864         94         80          0          0        280   asin.o
       744        106        152          0          0        352   atan.o
       496         64          0          0          0        192   atan2.o
       184         44          0          0          0        744   dunder.o
       488         62         48          0          0        236   expf.o
        44          0          0          0          0        248   fabs.o
        48          0          0          0          0        124   fpclassify.o
        38          0          0          0          0        116   fpclassifyf.o
        38         12          0          0          0        348   funder.o
       248          0          0          0          0        152   poly.o
      3152        296        136          0          0        352   pow.o
         0          0          8          0          0          0   qnan.o
      1080        142        200          0          0        188   rred.o
       110          0          0          0          0        148   sqrt.o
       128         20          0          0          0        144   tan.o
       848         84         96          0          0        196   tan_i.o
        86          0          0          0          0          0   __dczerorl2.o
         0          0          0          0          0          0   entry.o
         0          0          0          0          0          0   entry10a.o
         0          0          0          0          0          0   entry11a.o
         8          4          0          0          0          0   entry2.o
         4          0          0          0          0          0   entry5.o
         0          0          0          0          0          0   entry7b.o
         0          0          0          0          0          0   entry8b.o
         8          4          0          0          0          0   entry9a.o
        12          6          0          4          0         68   errno.o
        30          0          0          0          0          0   handlers.o
        36          8          0          0          0         68   init.o
         0          0          0          0          0          0   iusefp.o
        98          0          0          0          0         84   ldiv.o
        30          0          0          0          0         68   llshl.o
        36          0          0          0          0         68   llsshr.o
        32          0          0          0          0         68   llushr.o
        26          0          0          0          0         80   memcmp.o
        36          0          0          0          0        108   memseta.o
      1154         54          0          0          0        352   printf8.o
        98          0          0          0          0         92   uldiv.o
        48          0          0          0          0         68   cdcmple.o
        48          0          0          0          0         68   cdrcmple.o
        56          0          0          0          0         88   d2f.o
       334          0          0          0          0        148   dadd.o
       222          0          0          0          0        100   ddiv.o
       186          0          0          0          0        176   depilogue.o
        62          0          0          0          0         80   dfixi.o
        50          0          0          0          0         76   dfixui.o
        34          0          0          0          0         76   dflti.o
        26          0          0          0          0         76   dfltui.o
       228          0          0          0          0         96   dmul.o
        46          0          0          0          0         80   dscalb.o
       162          0          0          0          0        100   dsqrt.o
        38          0          0          0          0         68   f2d.o
       110          0          0          0          0        168   fepilogue.o

    ----------------------------------------------------------------------
     11870       1000        720          4          0       6344   Library Totals
        16          0          0          0          0          0   (incl. Padding)

    ----------------------------------------------------------------------

      Code (inc. data)   RO Data    RW Data    ZI Data      Debug   Library Name

      8510        924        720          0          0       3820   m_wm.l
      1694         76          0          4          0       1056   mc_w.l
      1650          0          0          0          0       1468   mf_w.l

    ----------------------------------------------------------------------
     11870       1000        720          4          0       6344   Library Totals

    ----------------------------------------------------------------------

==============================================================================


      Code (inc. data)   RO Data    RW Data    ZI Data      Debug   

     48960       3262       4912        808      13432    1554597   Grand Totals
     48960       3262       4912        104      13432    1554597   ELF Image Totals (compressed)
     48960       3262       4912        104          0          0   ROM Totals

==============================================================================

    Total RO  Size (Code + RO Data)                53872 (  52.61kB)
    Total RW  Size (RW Data + ZI Data)             14240 (  13.91kB)
    Total ROM Size (Code + RO Data + RW Data)      53976 (  52.71kB)

==============================================================================

